<?xml version="1.0"?>
<link_info>
   <banner>MSP430 Linker PC v4.3.5</banner>
   <copyright>Copyright (c) 2003-2014 Texas Instruments Incorporated</copyright>
   <link_time>0x54871a75</link_time>
   <link_errors>0x0</link_errors>
   <output_file>APasdatahub.out</output_file>
   <entry_point>
      <name>_c_int00</name>
      <address>0xa86e</address>
   </entry_point>
   <input_file_list>
      <input_file id="fl-2">
         <path>.\Peer Applications\</path>
         <kind>object</kind>
         <file>SEH_AP_v1.5.obj</file>
         <name>SEH_AP_v1.5.obj</name>
      </input_file>
      <input_file id="fl-3">
         <path>.\Peer Applications\</path>
         <kind>object</kind>
         <file>vlo_rand.obj</file>
         <name>vlo_rand.obj</name>
      </input_file>
      <input_file id="fl-4">
         <path>.\Components\simpliciti\nwk\</path>
         <kind>object</kind>
         <file>nwk.obj</file>
         <name>nwk.obj</name>
      </input_file>
      <input_file id="fl-5">
         <path>.\Components\simpliciti\nwk\</path>
         <kind>object</kind>
         <file>nwk_QMgmt.obj</file>
         <name>nwk_QMgmt.obj</name>
      </input_file>
      <input_file id="fl-6">
         <path>.\Components\simpliciti\nwk\</path>
         <kind>object</kind>
         <file>nwk_api.obj</file>
         <name>nwk_api.obj</name>
      </input_file>
      <input_file id="fl-7">
         <path>.\Components\simpliciti\nwk\</path>
         <kind>object</kind>
         <file>nwk_frame.obj</file>
         <name>nwk_frame.obj</name>
      </input_file>
      <input_file id="fl-8">
         <path>.\Components\simpliciti\nwk\</path>
         <kind>object</kind>
         <file>nwk_globals.obj</file>
         <name>nwk_globals.obj</name>
      </input_file>
      <input_file id="fl-9">
         <path>.\Components\simpliciti\network_applications\</path>
         <kind>object</kind>
         <file>nwk_freq.obj</file>
         <name>nwk_freq.obj</name>
      </input_file>
      <input_file id="fl-a">
         <path>.\Components\simpliciti\network_applications\</path>
         <kind>object</kind>
         <file>nwk_ioctl.obj</file>
         <name>nwk_ioctl.obj</name>
      </input_file>
      <input_file id="fl-b">
         <path>.\Components\simpliciti\network_applications\</path>
         <kind>object</kind>
         <file>nwk_join.obj</file>
         <name>nwk_join.obj</name>
      </input_file>
      <input_file id="fl-c">
         <path>.\Components\simpliciti\network_applications\</path>
         <kind>object</kind>
         <file>nwk_link.obj</file>
         <name>nwk_link.obj</name>
      </input_file>
      <input_file id="fl-d">
         <path>.\Components\simpliciti\network_applications\</path>
         <kind>object</kind>
         <file>nwk_mgmt.obj</file>
         <name>nwk_mgmt.obj</name>
      </input_file>
      <input_file id="fl-e">
         <path>.\Components\simpliciti\network_applications\</path>
         <kind>object</kind>
         <file>nwk_ping.obj</file>
         <name>nwk_ping.obj</name>
      </input_file>
      <input_file id="fl-f">
         <path>.\Components\simpliciti\network_applications\</path>
         <kind>object</kind>
         <file>nwk_security.obj</file>
         <name>nwk_security.obj</name>
      </input_file>
      <input_file id="fl-10">
         <path>.\Components\mrfi\</path>
         <kind>object</kind>
         <file>mrfi.obj</file>
         <name>mrfi.obj</name>
      </input_file>
      <input_file id="fl-11">
         <path>.\Components\bsp\</path>
         <kind>object</kind>
         <file>bsp.obj</file>
         <name>bsp.obj</name>
      </input_file>
      <input_file id="fl-3e">
         <path>c:\ti\ccsv6\tools\compiler\msp430_4.3.5\lib\</path>
         <kind>archive</kind>
         <file>rts430.lib</file>
         <name>asr32.obj</name>
      </input_file>
      <input_file id="fl-3f">
         <path>c:\ti\ccsv6\tools\compiler\msp430_4.3.5\lib\</path>
         <kind>archive</kind>
         <file>rts430.lib</file>
         <name>boot.obj</name>
      </input_file>
      <input_file id="fl-40">
         <path>c:\ti\ccsv6\tools\compiler\msp430_4.3.5\lib\</path>
         <kind>archive</kind>
         <file>rts430.lib</file>
         <name>copy_decompress_none.obj</name>
      </input_file>
      <input_file id="fl-41">
         <path>c:\ti\ccsv6\tools\compiler\msp430_4.3.5\lib\</path>
         <kind>archive</kind>
         <file>rts430.lib</file>
         <name>copy_decompress_rle.obj</name>
      </input_file>
      <input_file id="fl-42">
         <path>c:\ti\ccsv6\tools\compiler\msp430_4.3.5\lib\</path>
         <kind>archive</kind>
         <file>rts430.lib</file>
         <name>copy_zero_init.obj</name>
      </input_file>
      <input_file id="fl-43">
         <path>c:\ti\ccsv6\tools\compiler\msp430_4.3.5\lib\</path>
         <kind>archive</kind>
         <file>rts430.lib</file>
         <name>div16s.obj</name>
      </input_file>
      <input_file id="fl-44">
         <path>c:\ti\ccsv6\tools\compiler\msp430_4.3.5\lib\</path>
         <kind>archive</kind>
         <file>rts430.lib</file>
         <name>div16u.obj</name>
      </input_file>
      <input_file id="fl-45">
         <path>c:\ti\ccsv6\tools\compiler\msp430_4.3.5\lib\</path>
         <kind>archive</kind>
         <file>rts430.lib</file>
         <name>div32s.obj</name>
      </input_file>
      <input_file id="fl-46">
         <path>c:\ti\ccsv6\tools\compiler\msp430_4.3.5\lib\</path>
         <kind>archive</kind>
         <file>rts430.lib</file>
         <name>div32u.obj</name>
      </input_file>
      <input_file id="fl-47">
         <path>c:\ti\ccsv6\tools\compiler\msp430_4.3.5\lib\</path>
         <kind>archive</kind>
         <file>rts430.lib</file>
         <name>epilog.obj</name>
      </input_file>
      <input_file id="fl-48">
         <path>c:\ti\ccsv6\tools\compiler\msp430_4.3.5\lib\</path>
         <kind>archive</kind>
         <file>rts430.lib</file>
         <name>exit.obj</name>
      </input_file>
      <input_file id="fl-49">
         <path>c:\ti\ccsv6\tools\compiler\msp430_4.3.5\lib\</path>
         <kind>archive</kind>
         <file>rts430.lib</file>
         <name>fs_add.obj</name>
      </input_file>
      <input_file id="fl-4a">
         <path>c:\ti\ccsv6\tools\compiler\msp430_4.3.5\lib\</path>
         <kind>archive</kind>
         <file>rts430.lib</file>
         <name>fs_itof.obj</name>
      </input_file>
      <input_file id="fl-4b">
         <path>c:\ti\ccsv6\tools\compiler\msp430_4.3.5\lib\</path>
         <kind>archive</kind>
         <file>rts430.lib</file>
         <name>fs_mpy.obj</name>
      </input_file>
      <input_file id="fl-4c">
         <path>c:\ti\ccsv6\tools\compiler\msp430_4.3.5\lib\</path>
         <kind>archive</kind>
         <file>rts430.lib</file>
         <name>fs_toi.obj</name>
      </input_file>
      <input_file id="fl-4d">
         <path>c:\ti\ccsv6\tools\compiler\msp430_4.3.5\lib\</path>
         <kind>archive</kind>
         <file>rts430.lib</file>
         <name>int00.obj</name>
      </input_file>
      <input_file id="fl-4e">
         <path>c:\ti\ccsv6\tools\compiler\msp430_4.3.5\lib\</path>
         <kind>archive</kind>
         <file>rts430.lib</file>
         <name>int01.obj</name>
      </input_file>
      <input_file id="fl-4f">
         <path>c:\ti\ccsv6\tools\compiler\msp430_4.3.5\lib\</path>
         <kind>archive</kind>
         <file>rts430.lib</file>
         <name>int02.obj</name>
      </input_file>
      <input_file id="fl-50">
         <path>c:\ti\ccsv6\tools\compiler\msp430_4.3.5\lib\</path>
         <kind>archive</kind>
         <file>rts430.lib</file>
         <name>int04.obj</name>
      </input_file>
      <input_file id="fl-51">
         <path>c:\ti\ccsv6\tools\compiler\msp430_4.3.5\lib\</path>
         <kind>archive</kind>
         <file>rts430.lib</file>
         <name>int06.obj</name>
      </input_file>
      <input_file id="fl-52">
         <path>c:\ti\ccsv6\tools\compiler\msp430_4.3.5\lib\</path>
         <kind>archive</kind>
         <file>rts430.lib</file>
         <name>int08.obj</name>
      </input_file>
      <input_file id="fl-53">
         <path>c:\ti\ccsv6\tools\compiler\msp430_4.3.5\lib\</path>
         <kind>archive</kind>
         <file>rts430.lib</file>
         <name>int09.obj</name>
      </input_file>
      <input_file id="fl-54">
         <path>c:\ti\ccsv6\tools\compiler\msp430_4.3.5\lib\</path>
         <kind>archive</kind>
         <file>rts430.lib</file>
         <name>int10.obj</name>
      </input_file>
      <input_file id="fl-55">
         <path>c:\ti\ccsv6\tools\compiler\msp430_4.3.5\lib\</path>
         <kind>archive</kind>
         <file>rts430.lib</file>
         <name>int11.obj</name>
      </input_file>
      <input_file id="fl-56">
         <path>c:\ti\ccsv6\tools\compiler\msp430_4.3.5\lib\</path>
         <kind>archive</kind>
         <file>rts430.lib</file>
         <name>int12.obj</name>
      </input_file>
      <input_file id="fl-57">
         <path>c:\ti\ccsv6\tools\compiler\msp430_4.3.5\lib\</path>
         <kind>archive</kind>
         <file>rts430.lib</file>
         <name>int14.obj</name>
      </input_file>
      <input_file id="fl-58">
         <path>c:\ti\ccsv6\tools\compiler\msp430_4.3.5\lib\</path>
         <kind>archive</kind>
         <file>rts430.lib</file>
         <name>isr_trap.obj</name>
      </input_file>
      <input_file id="fl-59">
         <path>c:\ti\ccsv6\tools\compiler\msp430_4.3.5\lib\</path>
         <kind>archive</kind>
         <file>rts430.lib</file>
         <name>lsr16.obj</name>
      </input_file>
      <input_file id="fl-5a">
         <path>c:\ti\ccsv6\tools\compiler\msp430_4.3.5\lib\</path>
         <kind>archive</kind>
         <file>rts430.lib</file>
         <name>memcmp.obj</name>
      </input_file>
      <input_file id="fl-5b">
         <path>c:\ti\ccsv6\tools\compiler\msp430_4.3.5\lib\</path>
         <kind>archive</kind>
         <file>rts430.lib</file>
         <name>memcpy.obj</name>
      </input_file>
      <input_file id="fl-5c">
         <path>c:\ti\ccsv6\tools\compiler\msp430_4.3.5\lib\</path>
         <kind>archive</kind>
         <file>rts430.lib</file>
         <name>memset.obj</name>
      </input_file>
      <input_file id="fl-5d">
         <path>c:\ti\ccsv6\tools\compiler\msp430_4.3.5\lib\</path>
         <kind>archive</kind>
         <file>rts430.lib</file>
         <name>mpu_init.obj</name>
      </input_file>
      <input_file id="fl-5e">
         <path>c:\ti\ccsv6\tools\compiler\msp430_4.3.5\lib\</path>
         <kind>archive</kind>
         <file>rts430.lib</file>
         <name>mult16.obj</name>
      </input_file>
      <input_file id="fl-5f">
         <path>c:\ti\ccsv6\tools\compiler\msp430_4.3.5\lib\</path>
         <kind>archive</kind>
         <file>rts430.lib</file>
         <name>mult32.obj</name>
      </input_file>
      <input_file id="fl-60">
         <path>c:\ti\ccsv6\tools\compiler\msp430_4.3.5\lib\</path>
         <kind>archive</kind>
         <file>rts430.lib</file>
         <name>pre_init.obj</name>
      </input_file>
      <input_file id="fl-61">
         <path>c:\ti\ccsv6\tools\compiler\msp430_4.3.5\lib\</path>
         <kind>archive</kind>
         <file>rts430.lib</file>
         <name>_lock.obj</name>
      </input_file>
      <input_file id="fl-62">
         <path>c:\ti\ccsv6\tools\compiler\msp430_4.3.5\lib\</path>
         <kind>archive</kind>
         <file>rts430.lib</file>
         <name>args_main.obj</name>
      </input_file>
      <input_file id="fl-63">
         <path>c:\ti\ccsv6\tools\compiler\msp430_4.3.5\lib\</path>
         <kind>archive</kind>
         <file>rts430.lib</file>
         <name>autoinit.obj</name>
      </input_file>
   </input_file_list>
   <object_component_list>
      <object_component id="oc-2e">
         <name>.bss</name>
         <uninitialized>true</uninitialized>
         <run_address>0x39a</run_address>
         <size>0x16</size>
         <input_file_ref idref="fl-2"/>
      </object_component>
      <object_component id="oc-3b">
         <name>.bss</name>
         <uninitialized>true</uninitialized>
         <run_address>0x2d0</run_address>
         <size>0x68</size>
         <input_file_ref idref="fl-4"/>
      </object_component>
      <object_component id="oc-42">
         <name>.bss</name>
         <uninitialized>true</uninitialized>
         <run_address>0x200</run_address>
         <size>0xd0</size>
         <input_file_ref idref="fl-5"/>
      </object_component>
      <object_component id="oc-48">
         <name>.bss</name>
         <uninitialized>true</uninitialized>
         <run_address>0x373</run_address>
         <size>0x1</size>
         <input_file_ref idref="fl-6"/>
      </object_component>
      <object_component id="oc-4f">
         <name>.bss</name>
         <uninitialized>true</uninitialized>
         <run_address>0x3ba</run_address>
         <size>0x8</size>
         <input_file_ref idref="fl-7"/>
      </object_component>
      <object_component id="oc-56">
         <name>.bss</name>
         <uninitialized>true</uninitialized>
         <run_address>0x3b0</run_address>
         <size>0x9</size>
         <input_file_ref idref="fl-8"/>
      </object_component>
      <object_component id="oc-5e">
         <name>.bss</name>
         <uninitialized>true</uninitialized>
         <run_address>0x3d2</run_address>
         <size>0x2</size>
         <input_file_ref idref="fl-9"/>
      </object_component>
      <object_component id="oc-6a">
         <name>.bss</name>
         <uninitialized>true</uninitialized>
         <run_address>0x338</run_address>
         <size>0x3b</size>
         <input_file_ref idref="fl-b"/>
      </object_component>
      <object_component id="oc-71">
         <name>.bss</name>
         <uninitialized>true</uninitialized>
         <run_address>0x3c2</run_address>
         <size>0x7</size>
         <input_file_ref idref="fl-c"/>
      </object_component>
      <object_component id="oc-78">
         <name>.bss</name>
         <uninitialized>true</uninitialized>
         <run_address>0x3b9</run_address>
         <size>0x1</size>
         <input_file_ref idref="fl-d"/>
      </object_component>
      <object_component id="oc-7f">
         <name>.bss</name>
         <uninitialized>true</uninitialized>
         <run_address>0x3c9</run_address>
         <size>0x1</size>
         <input_file_ref idref="fl-e"/>
      </object_component>
      <object_component id="oc-8b">
         <name>.bss</name>
         <uninitialized>true</uninitialized>
         <run_address>0x374</run_address>
         <size>0x26</size>
         <input_file_ref idref="fl-10"/>
      </object_component>
      <object_component id="oc-9b">
         <name>.bss</name>
         <uninitialized>true</uninitialized>
         <run_address>0x3ce</run_address>
         <size>0x4</size>
         <input_file_ref idref="fl-3f"/>
      </object_component>
      <object_component id="oc-110">
         <name>.bss</name>
         <uninitialized>true</uninitialized>
         <run_address>0x3ca</run_address>
         <size>0x4</size>
         <input_file_ref idref="fl-61"/>
      </object_component>
      <object_component id="oc-9d">
         <name>.stack</name>
         <uninitialized>true</uninitialized>
         <run_address>0x5b0</run_address>
         <size>0x2</size>
         <input_file_ref idref="fl-3f"/>
      </object_component>
      <object_component id="oc-1dd">
         <name>.stack</name>
         <uninitialized>true</uninitialized>
         <run_address>0x5b0</run_address>
         <size>0x0</size>
      </object_component>
      <object_component id="oc-127">
         <name>.text:main</name>
         <load_address>0x8000</load_address>
         <run_address>0x8000</run_address>
         <size>0x2ee</size>
         <input_file_ref idref="fl-2"/>
      </object_component>
      <object_component id="oc-138">
         <name>.text:transmitDataString</name>
         <load_address>0x82ee</load_address>
         <run_address>0x82ee</run_address>
         <size>0x2c2</size>
         <input_file_ref idref="fl-2"/>
      </object_component>
      <object_component id="oc-147">
         <name>.text:MRFI_Init</name>
         <load_address>0x85b0</load_address>
         <run_address>0x85b0</run_address>
         <size>0x196</size>
         <input_file_ref idref="fl-10"/>
      </object_component>
      <object_component id="oc-17f">
         <name>.text:nwk_QfindOldest</name>
         <load_address>0x8746</load_address>
         <run_address>0x8746</run_address>
         <size>0x16c</size>
         <input_file_ref idref="fl-5"/>
      </object_component>
      <object_component id="oc-1a7">
         <name>.text:smpl_send_link_reply</name>
         <load_address>0x88b2</load_address>
         <run_address>0x88b2</run_address>
         <size>0x16c</size>
         <input_file_ref idref="fl-c"/>
      </object_component>
      <object_component id="oc-186">
         <name>.text:dispatchFrame</name>
         <load_address>0x8a1e</load_address>
         <run_address>0x8a1e</run_address>
         <size>0x144</size>
         <input_file_ref idref="fl-7"/>
      </object_component>
      <object_component id="oc-cf">
         <name>.text</name>
         <load_address>0x8b62</load_address>
         <run_address>0x8b62</run_address>
         <size>0x130</size>
         <input_file_ref idref="fl-49"/>
      </object_component>
      <object_component id="oc-187">
         <name>.text:MRFI_Transmit</name>
         <load_address>0x8c92</load_address>
         <run_address>0x8c92</run_address>
         <size>0x102</size>
         <input_file_ref idref="fl-10"/>
      </object_component>
      <object_component id="oc-169">
         <name>.text:nwk_scanForChannels</name>
         <load_address>0x8d94</load_address>
         <run_address>0x8d94</run_address>
         <size>0xfe</size>
         <input_file_ref idref="fl-9"/>
      </object_component>
      <object_component id="oc-1a9">
         <name>.text:smpl_send_join_reply</name>
         <load_address>0x8e92</load_address>
         <run_address>0x8e92</run_address>
         <size>0xee</size>
         <input_file_ref idref="fl-b"/>
      </object_component>
      <object_component id="oc-13b">
         <name>.text:Mrfi_SyncPinRxIsr</name>
         <load_address>0x8f80</load_address>
         <run_address>0x8f80</run_address>
         <size>0xd8</size>
         <input_file_ref idref="fl-10"/>
      </object_component>
      <object_component id="oc-1ae">
         <name>.text:nwk_allocateLocalRxPort</name>
         <load_address>0x9058</load_address>
         <run_address>0x9058</run_address>
         <size>0xd6</size>
         <input_file_ref idref="fl-4"/>
      </object_component>
      <object_component id="oc-13a">
         <name>.text:transmitData</name>
         <load_address>0x912e</load_address>
         <run_address>0x912e</run_address>
         <size>0xce</size>
         <input_file_ref idref="fl-2"/>
      </object_component>
      <object_component id="oc-d9">
         <name>.text</name>
         <load_address>0x91fc</load_address>
         <run_address>0x91fc</run_address>
         <size>0xc2</size>
         <input_file_ref idref="fl-4b"/>
      </object_component>
      <object_component id="oc-36">
         <name>.text</name>
         <load_address>0x92be</load_address>
         <run_address>0x92be</run_address>
         <size>0xba</size>
         <input_file_ref idref="fl-3"/>
      </object_component>
      <object_component id="oc-158">
         <name>.text:nwk_retrieveFrame</name>
         <load_address>0x9378</load_address>
         <run_address>0x9378</run_address>
         <size>0xac</size>
         <input_file_ref idref="fl-7"/>
      </object_component>
      <object_component id="oc-12e">
         <name>.text:SMPL_Ioctl</name>
         <load_address>0x9424</load_address>
         <run_address>0x9424</run_address>
         <size>0xa8</size>
         <input_file_ref idref="fl-6"/>
      </object_component>
      <object_component id="oc-1b4">
         <name>.text:nwk_SendEmptyPollRspFrame</name>
         <load_address>0x94cc</load_address>
         <run_address>0x94cc</run_address>
         <size>0xa4</size>
         <input_file_ref idref="fl-7"/>
      </object_component>
      <object_component id="oc-193">
         <name>.text:isDupSandFFrame</name>
         <load_address>0x9570</load_address>
         <run_address>0x9570</run_address>
         <size>0xa0</size>
         <input_file_ref idref="fl-7"/>
      </object_component>
      <object_component id="oc-1ad">
         <name>.text:nwk_getNextConnection</name>
         <load_address>0x9610</load_address>
         <run_address>0x9610</run_address>
         <size>0x98</size>
         <input_file_ref idref="fl-4"/>
      </object_component>
      <object_component id="oc-167">
         <name>.text:nwk_buildFrame</name>
         <load_address>0x96a8</load_address>
         <run_address>0x96a8</run_address>
         <size>0x8c</size>
         <input_file_ref idref="fl-7"/>
      </object_component>
      <object_component id="oc-184">
         <name>.text:nwk_QfindSlot</name>
         <load_address>0x9734</load_address>
         <run_address>0x9734</run_address>
         <size>0x86</size>
         <input_file_ref idref="fl-5"/>
      </object_component>
      <object_component id="oc-182">
         <name>.text:spiBurstFifoAccess</name>
         <load_address>0x97ba</load_address>
         <run_address>0x97ba</run_address>
         <size>0x82</size>
         <input_file_ref idref="fl-10"/>
      </object_component>
      <object_component id="oc-1b3">
         <name>.text:nwk_getSandFFrame</name>
         <load_address>0x983c</load_address>
         <run_address>0x983c</run_address>
         <size>0x7c</size>
         <input_file_ref idref="fl-7"/>
      </object_component>
      <object_component id="oc-143">
         <name>.text:nwk_radioControl</name>
         <load_address>0x98b8</load_address>
         <run_address>0x98b8</run_address>
         <size>0x7c</size>
         <input_file_ref idref="fl-a"/>
      </object_component>
      <object_component id="oc-134">
         <name>.text:SMPL_LinkListen</name>
         <load_address>0x9934</load_address>
         <run_address>0x9934</run_address>
         <size>0x76</size>
         <input_file_ref idref="fl-6"/>
      </object_component>
      <object_component id="oc-1a8">
         <name>.text:smpl_send_unlink_reply</name>
         <load_address>0x99aa</load_address>
         <run_address>0x99aa</run_address>
         <size>0x76</size>
         <input_file_ref idref="fl-c"/>
      </object_component>
      <object_component id="oc-12d">
         <name>.text:createRandomAddress</name>
         <load_address>0x9a20</load_address>
         <run_address>0x9a20</run_address>
         <size>0x6a</size>
         <input_file_ref idref="fl-2"/>
      </object_component>
      <object_component id="oc-148">
         <name>.text:nwk_nwkInit</name>
         <load_address>0x9a8a</load_address>
         <run_address>0x9a8a</run_address>
         <size>0x6a</size>
         <input_file_ref idref="fl-4"/>
      </object_component>
      <object_component id="oc-de">
         <name>.text</name>
         <load_address>0x9af4</load_address>
         <run_address>0x9af4</run_address>
         <size>0x68</size>
         <input_file_ref idref="fl-4c"/>
      </object_component>
      <object_component id="oc-194">
         <name>.text:nwk_isConnectionValid</name>
         <load_address>0x9b5c</load_address>
         <run_address>0x9b5c</run_address>
         <size>0x64</size>
         <input_file_ref idref="fl-4"/>
      </object_component>
      <object_component id="oc-c1">
         <name>.text</name>
         <load_address>0x9bc0</load_address>
         <run_address>0x9bc0</run_address>
         <size>0x58</size>
         <input_file_ref idref="fl-46"/>
      </object_component>
      <object_component id="oc-1aa">
         <name>.text:send_ping_reply</name>
         <load_address>0x9c18</load_address>
         <run_address>0x9c18</run_address>
         <size>0x56</size>
         <input_file_ref idref="fl-9"/>
      </object_component>
      <object_component id="oc-149">
         <name>.text:MRFI_WakeUp</name>
         <load_address>0x9c6e</load_address>
         <run_address>0x9c6e</run_address>
         <size>0x54</size>
         <input_file_ref idref="fl-10"/>
      </object_component>
      <object_component id="oc-144">
         <name>.text:nwk_rawSend</name>
         <load_address>0x9cc2</load_address>
         <run_address>0x9cc2</run_address>
         <size>0x54</size>
         <input_file_ref idref="fl-a"/>
      </object_component>
      <object_component id="oc-122">
         <name>.text:USCI0RX_ISR</name>
         <load_address>0x9d16</load_address>
         <run_address>0x9d16</run_address>
         <size>0x50</size>
         <input_file_ref idref="fl-2"/>
      </object_component>
      <object_component id="oc-1ab">
         <name>.text:send_poll_reply</name>
         <load_address>0x9d66</load_address>
         <run_address>0x9d66</run_address>
         <size>0x4e</size>
         <input_file_ref idref="fl-d"/>
      </object_component>
      <object_component id="oc-12f">
         <name>.text:MCU_Init</name>
         <load_address>0x9db4</load_address>
         <run_address>0x9db4</run_address>
         <size>0x4c</size>
         <input_file_ref idref="fl-2"/>
      </object_component>
      <object_component id="oc-139">
         <name>.text:SMPL_Receive</name>
         <load_address>0x9e00</load_address>
         <run_address>0x9e00</run_address>
         <size>0x4c</size>
         <input_file_ref idref="fl-6"/>
      </object_component>
      <object_component id="oc-e8">
         <name>.text</name>
         <load_address>0x9e4c</load_address>
         <run_address>0x9e4c</run_address>
         <size>0x4c</size>
         <input_file_ref idref="fl-59"/>
      </object_component>
      <object_component id="oc-1b0">
         <name>.text:nwk_findPeer</name>
         <load_address>0x9e98</load_address>
         <run_address>0x9e98</run_address>
         <size>0x4a</size>
         <input_file_ref idref="fl-4"/>
      </object_component>
      <object_component id="oc-126">
         <name>.text:_auto_init</name>
         <load_address>0x9ee2</load_address>
         <run_address>0x9ee2</run_address>
         <size>0x48</size>
         <input_file_ref idref="fl-63"/>
      </object_component>
      <object_component id="oc-15f">
         <name>.text:mrfiSpiCmdStrobe</name>
         <load_address>0x9f2a</load_address>
         <run_address>0x9f2a</run_address>
         <size>0x48</size>
         <input_file_ref idref="fl-10"/>
      </object_component>
      <object_component id="oc-19e">
         <name>.text:nwk_processMgmt</name>
         <load_address>0x9f72</load_address>
         <run_address>0x9f72</run_address>
         <size>0x48</size>
         <input_file_ref idref="fl-d"/>
      </object_component>
      <object_component id="oc-15c">
         <name>.text:MRFI_RxAddrIsFiltered</name>
         <load_address>0x9fba</load_address>
         <run_address>0x9fba</run_address>
         <size>0x46</size>
         <input_file_ref idref="fl-10"/>
      </object_component>
      <object_component id="oc-1ac">
         <name>.text:nwk_isLinkDuplicate</name>
         <load_address>0xa000</load_address>
         <run_address>0xa000</run_address>
         <size>0x46</size>
         <input_file_ref idref="fl-4"/>
      </object_component>
      <object_component id="oc-1a6">
         <name>.text:smpl_send_ping_reply</name>
         <load_address>0xa046</load_address>
         <run_address>0xa046</run_address>
         <size>0x46</size>
         <input_file_ref idref="fl-e"/>
      </object_component>
      <object_component id="oc-166">
         <name>.text:MRFI_Rssi</name>
         <load_address>0xa08c</load_address>
         <run_address>0xa08c</run_address>
         <size>0x44</size>
         <input_file_ref idref="fl-10"/>
      </object_component>
      <object_component id="oc-181">
         <name>.text:spiRegAccess</name>
         <load_address>0xa0d0</load_address>
         <run_address>0xa0d0</run_address>
         <size>0x42</size>
         <input_file_ref idref="fl-10"/>
      </object_component>
      <object_component id="oc-146">
         <name>.text:nwk_freqControl</name>
         <load_address>0xa112</load_address>
         <run_address>0xa112</run_address>
         <size>0x40</size>
         <input_file_ref idref="fl-9"/>
      </object_component>
      <object_component id="oc-bc">
         <name>.text</name>
         <load_address>0xa152</load_address>
         <run_address>0xa152</run_address>
         <size>0x40</size>
         <input_file_ref idref="fl-45"/>
      </object_component>
      <object_component id="oc-137">
         <name>.text:l_asr_const</name>
         <load_address>0xa192</load_address>
         <run_address>0xa192</run_address>
         <size>0x3e</size>
         <input_file_ref idref="fl-3e"/>
      </object_component>
      <object_component id="oc-19b">
         <name>.text:nwk_processJoin</name>
         <load_address>0xa1d0</load_address>
         <run_address>0xa1d0</run_address>
         <size>0x3e</size>
         <input_file_ref idref="fl-b"/>
      </object_component>
      <object_component id="oc-1b2">
         <name>.text:saveAddress</name>
         <load_address>0xa20e</load_address>
         <run_address>0xa20e</run_address>
         <size>0x3e</size>
         <input_file_ref idref="fl-b"/>
      </object_component>
      <object_component id="oc-189">
         <name>.text:MRFI_ReplyDelay</name>
         <load_address>0xa24c</load_address>
         <run_address>0xa24c</run_address>
         <size>0x3c</size>
         <input_file_ref idref="fl-10"/>
      </object_component>
      <object_component id="oc-133">
         <name>.text:SMPL_Init</name>
         <load_address>0xa288</load_address>
         <run_address>0xa288</run_address>
         <size>0x3a</size>
         <input_file_ref idref="fl-6"/>
      </object_component>
      <object_component id="oc-16b">
         <name>.text:broadcast_channel_change</name>
         <load_address>0xa2c2</load_address>
         <run_address>0xa2c2</run_address>
         <size>0x3a</size>
         <input_file_ref idref="fl-9"/>
      </object_component>
      <object_component id="oc-1a2">
         <name>.text:handleLinkRequest</name>
         <load_address>0xa2fc</load_address>
         <run_address>0xa2fc</run_address>
         <size>0x3a</size>
         <input_file_ref idref="fl-c"/>
      </object_component>
      <object_component id="oc-1a0">
         <name>.text:nwk_isValidReply</name>
         <load_address>0xa336</load_address>
         <run_address>0xa336</run_address>
         <size>0x3a</size>
         <input_file_ref idref="fl-4"/>
      </object_component>
      <object_component id="oc-19d">
         <name>.text:nwk_processFreq</name>
         <load_address>0xa370</load_address>
         <run_address>0xa370</run_address>
         <size>0x3a</size>
         <input_file_ref idref="fl-9"/>
      </object_component>
      <object_component id="oc-191">
         <name>.text:nwk_replayFrame</name>
         <load_address>0xa3aa</load_address>
         <run_address>0xa3aa</run_address>
         <size>0x3a</size>
         <input_file_ref idref="fl-7"/>
      </object_component>
      <object_component id="oc-18b">
         <name>.text:BSP_Delay</name>
         <load_address>0xa3e4</load_address>
         <run_address>0xa3e4</run_address>
         <size>0x38</size>
         <input_file_ref idref="fl-11"/>
      </object_component>
      <object_component id="oc-1b5">
         <name>.text:isJoined</name>
         <load_address>0xa41c</load_address>
         <run_address>0xa41c</run_address>
         <size>0x36</size>
         <input_file_ref idref="fl-b"/>
      </object_component>
      <object_component id="oc-192">
         <name>.text:nwk_isSandFClient</name>
         <load_address>0xa452</load_address>
         <run_address>0xa452</run_address>
         <size>0x36</size>
         <input_file_ref idref="fl-b"/>
      </object_component>
      <object_component id="oc-d4">
         <name>.text</name>
         <load_address>0xa488</load_address>
         <run_address>0xa488</run_address>
         <size>0x36</size>
         <input_file_ref idref="fl-4a"/>
      </object_component>
      <object_component id="oc-16c">
         <name>.text:mrfiSpiInit</name>
         <load_address>0xa4be</load_address>
         <run_address>0xa4be</run_address>
         <size>0x34</size>
         <input_file_ref idref="fl-10"/>
      </object_component>
      <object_component id="oc-180">
         <name>.text:nwk_QadjustOrder</name>
         <load_address>0xa4f2</load_address>
         <run_address>0xa4f2</run_address>
         <size>0x34</size>
         <input_file_ref idref="fl-5"/>
      </object_component>
      <object_component id="oc-141">
         <name>.text:nwk_deviceAddress</name>
         <load_address>0xa526</load_address>
         <run_address>0xa526</run_address>
         <size>0x34</size>
         <input_file_ref idref="fl-a"/>
      </object_component>
      <object_component id="oc-188">
         <name>.text:nwk_getAPAddress</name>
         <load_address>0xa55a</load_address>
         <run_address>0xa55a</run_address>
         <size>0x34</size>
         <input_file_ref idref="fl-8"/>
      </object_component>
      <object_component id="oc-170">
         <name>.text:MRFI_SetLogicalChannel</name>
         <load_address>0xa58e</load_address>
         <run_address>0xa58e</run_address>
         <size>0x32</size>
         <input_file_ref idref="fl-10"/>
      </object_component>
      <object_component id="oc-198">
         <name>.text:Mrfi_DelayUsecSem</name>
         <load_address>0xa5c0</load_address>
         <run_address>0xa5c0</run_address>
         <size>0x32</size>
         <input_file_ref idref="fl-10"/>
      </object_component>
      <object_component id="oc-156">
         <name>.text:nwk_getConnInfo</name>
         <load_address>0xa5f2</load_address>
         <run_address>0xa5f2</run_address>
         <size>0x32</size>
         <input_file_ref idref="fl-4"/>
      </object_component>
      <object_component id="oc-17e">
         <name>.text:map_lid2idx</name>
         <load_address>0xa624</load_address>
         <run_address>0xa624</run_address>
         <size>0x30</size>
         <input_file_ref idref="fl-4"/>
      </object_component>
      <object_component id="oc-199">
         <name>.text:nwk_processPing</name>
         <load_address>0xa654</load_address>
         <run_address>0xa654</run_address>
         <size>0x30</size>
         <input_file_ref idref="fl-e"/>
      </object_component>
      <object_component id="oc-145">
         <name>.text:nwk_rawReceive</name>
         <load_address>0xa684</load_address>
         <run_address>0xa684</run_address>
         <size>0x30</size>
         <input_file_ref idref="fl-a"/>
      </object_component>
      <object_component id="oc-168">
         <name>.text:nwk_sendFrame</name>
         <load_address>0xa6b4</load_address>
         <run_address>0xa6b4</run_address>
         <size>0x30</size>
         <input_file_ref idref="fl-7"/>
      </object_component>
      <object_component id="oc-15d">
         <name>.text:Mrfi_CalculateRssi</name>
         <load_address>0xa6e4</load_address>
         <run_address>0xa6e4</run_address>
         <size>0x2e</size>
         <input_file_ref idref="fl-10"/>
      </object_component>
      <object_component id="oc-178">
         <name>.text:nwk_joinInit</name>
         <load_address>0xa712</load_address>
         <run_address>0xa712</run_address>
         <size>0x2e</size>
         <input_file_ref idref="fl-b"/>
      </object_component>
      <object_component id="oc-19a">
         <name>.text:nwk_processLink</name>
         <load_address>0xa740</load_address>
         <run_address>0xa740</run_address>
         <size>0x2e</size>
         <input_file_ref idref="fl-c"/>
      </object_component>
      <object_component id="oc-16d">
         <name>.text:Mrfi_DelayUsec</name>
         <load_address>0xa76e</load_address>
         <run_address>0xa76e</run_address>
         <size>0x2c</size>
         <input_file_ref idref="fl-10"/>
      </object_component>
      <object_component id="oc-171">
         <name>.text:Mrfi_RxModeOff</name>
         <load_address>0xa79a</load_address>
         <run_address>0xa79a</run_address>
         <size>0x2c</size>
         <input_file_ref idref="fl-10"/>
      </object_component>
      <object_component id="oc-173">
         <name>.text:nwk_globalsInit</name>
         <load_address>0xa7c6</load_address>
         <run_address>0xa7c6</run_address>
         <size>0x2c</size>
         <input_file_ref idref="fl-8"/>
      </object_component>
      <object_component id="oc-b2">
         <name>.text</name>
         <load_address>0xa7f2</load_address>
         <run_address>0xa7f2</run_address>
         <size>0x2c</size>
         <input_file_ref idref="fl-43"/>
      </object_component>
      <object_component id="oc-157">
         <name>.text:nwk_checkConnInfo</name>
         <load_address>0xa81e</load_address>
         <run_address>0xa81e</run_address>
         <size>0x2a</size>
         <input_file_ref idref="fl-4"/>
      </object_component>
      <object_component id="oc-197">
         <name>.text:Mrfi_RandomBackoffDelay</name>
         <load_address>0xa848</load_address>
         <run_address>0xa848</run_address>
         <size>0x26</size>
         <input_file_ref idref="fl-10"/>
      </object_component>
      <object_component id="oc-2d">
         <name>.text:_c_int00_noexit</name>
         <load_address>0xa86e</load_address>
         <run_address>0xa86e</run_address>
         <size>0x26</size>
         <input_file_ref idref="fl-3f"/>
      </object_component>
      <object_component id="oc-140">
         <name>.text:nwk_connectionControl</name>
         <load_address>0xa894</load_address>
         <run_address>0xa894</run_address>
         <size>0x26</size>
         <input_file_ref idref="fl-a"/>
      </object_component>
      <object_component id="oc-17a">
         <name>.text:nwk_linkInit</name>
         <load_address>0xa8ba</load_address>
         <run_address>0xa8ba</run_address>
         <size>0x26</size>
         <input_file_ref idref="fl-c"/>
      </object_component>
      <object_component id="oc-106">
         <name>.text</name>
         <load_address>0xa8e0</load_address>
         <run_address>0xa8e0</run_address>
         <size>0x26</size>
         <input_file_ref idref="fl-5f"/>
      </object_component>
      <object_component id="oc-152">
         <name>.text:MRFI_Sleep</name>
         <load_address>0xa906</load_address>
         <run_address>0xa906</run_address>
         <size>0x24</size>
         <input_file_ref idref="fl-10"/>
      </object_component>
      <object_component id="oc-13c">
         <name>.text:BSP_InitBoard</name>
         <load_address>0xa92a</load_address>
         <run_address>0xa92a</run_address>
         <size>0x22</size>
         <input_file_ref idref="fl-11"/>
      </object_component>
      <object_component id="oc-14b">
         <name>.text:MRFI_RxOn</name>
         <load_address>0xa94c</load_address>
         <run_address>0xa94c</run_address>
         <size>0x22</size>
         <input_file_ref idref="fl-10"/>
      </object_component>
      <object_component id="oc-18a">
         <name>.text:memcmp</name>
         <load_address>0xa96e</load_address>
         <run_address>0xa96e</run_address>
         <size>0x22</size>
         <input_file_ref idref="fl-5a"/>
      </object_component>
      <object_component id="oc-12c">
         <name>.text:BSP_Init</name>
         <load_address>0xa990</load_address>
         <run_address>0xa990</run_address>
         <size>0x20</size>
         <input_file_ref idref="fl-11"/>
      </object_component>
      <object_component id="oc-15e">
         <name>.text:MRFI_RxCompleteISR</name>
         <load_address>0xa9b0</load_address>
         <run_address>0xa9b0</run_address>
         <size>0x20</size>
         <input_file_ref idref="fl-7"/>
      </object_component>
      <object_component id="oc-151">
         <name>.text:MRFI_RxIdle</name>
         <load_address>0xa9d0</load_address>
         <run_address>0xa9d0</run_address>
         <size>0x20</size>
         <input_file_ref idref="fl-10"/>
      </object_component>
      <object_component id="oc-174">
         <name>.text:nwk_frameInit</name>
         <load_address>0xa9f0</load_address>
         <run_address>0xa9f0</run_address>
         <size>0x20</size>
         <input_file_ref idref="fl-7"/>
      </object_component>
      <object_component id="oc-159">
         <name>.text:mrfiSpiReadReg</name>
         <load_address>0xaa10</load_address>
         <run_address>0xaa10</run_address>
         <size>0x1e</size>
         <input_file_ref idref="fl-10"/>
      </object_component>
      <object_component id="oc-175">
         <name>.text:nwk_QInit</name>
         <load_address>0xaa2e</load_address>
         <run_address>0xaa2e</run_address>
         <size>0x1e</size>
         <input_file_ref idref="fl-5"/>
      </object_component>
      <object_component id="oc-14f">
         <name>.text:nwk_getLocalLinkID</name>
         <load_address>0xaa4c</load_address>
         <run_address>0xaa4c</run_address>
         <size>0x1e</size>
         <input_file_ref idref="fl-c"/>
      </object_component>
      <object_component id="oc-129">
         <name>.text:MRFI_GpioIsr</name>
         <load_address>0xaa6a</load_address>
         <run_address>0xaa6a</run_address>
         <size>0x1c</size>
         <input_file_ref idref="fl-10"/>
      </object_component>
      <object_component id="oc-131">
         <name>.text:TXString</name>
         <load_address>0xaa86</load_address>
         <run_address>0xaa86</run_address>
         <size>0x1c</size>
         <input_file_ref idref="fl-2"/>
      </object_component>
      <object_component id="oc-14a">
         <name>.text:nwk_setChannel</name>
         <load_address>0xaaa2</load_address>
         <run_address>0xaaa2</run_address>
         <size>0x1c</size>
         <input_file_ref idref="fl-9"/>
      </object_component>
      <object_component id="oc-163">
         <name>.text:nwk_setMyAddress</name>
         <load_address>0xaabe</load_address>
         <run_address>0xaabe</run_address>
         <size>0x1c</size>
         <input_file_ref idref="fl-8"/>
      </object_component>
      <object_component id="oc-120">
         <name>.text:BSP_GpioPort1Isr</name>
         <load_address>0xaada</load_address>
         <run_address>0xaada</run_address>
         <size>0x1a</size>
         <input_file_ref idref="fl-10"/>
      </object_component>
      <object_component id="oc-16e">
         <name>.text:mrfiSpiWriteReg</name>
         <load_address>0xaaf4</load_address>
         <run_address>0xaaf4</run_address>
         <size>0x1a</size>
         <input_file_ref idref="fl-10"/>
      </object_component>
      <object_component id="oc-150">
         <name>.text:MRFI_DelayMs</name>
         <load_address>0xab0e</load_address>
         <run_address>0xab0e</run_address>
         <size>0x18</size>
         <input_file_ref idref="fl-10"/>
      </object_component>
      <object_component id="oc-1a3">
         <name>.text:handleJoinRequest</name>
         <load_address>0xab26</load_address>
         <run_address>0xab26</run_address>
         <size>0x18</size>
         <input_file_ref idref="fl-b"/>
      </object_component>
      <object_component id="oc-18d">
         <name>.text:MRFI_RandomByte</name>
         <load_address>0xab3e</load_address>
         <run_address>0xab3e</run_address>
         <size>0x16</size>
         <input_file_ref idref="fl-10"/>
      </object_component>
      <object_component id="oc-17d">
         <name>.text:Mrfi_RxModeOn</name>
         <load_address>0xab54</load_address>
         <run_address>0xab54</run_address>
         <size>0x16</size>
         <input_file_ref idref="fl-10"/>
      </object_component>
      <object_component id="oc-b7">
         <name>.text</name>
         <load_address>0xab6a</load_address>
         <run_address>0xab6a</run_address>
         <size>0x16</size>
         <input_file_ref idref="fl-44"/>
      </object_component>
      <object_component id="oc-15b">
         <name>.text:memset</name>
         <load_address>0xab80</load_address>
         <run_address>0xab80</run_address>
         <size>0x14</size>
         <input_file_ref idref="fl-5c"/>
      </object_component>
      <object_component id="oc-142">
         <name>.text:nwk_joinContext</name>
         <load_address>0xab94</load_address>
         <run_address>0xab94</run_address>
         <size>0x14</size>
         <input_file_ref idref="fl-a"/>
      </object_component>
      <object_component id="oc-101">
         <name>.text</name>
         <load_address>0xaba8</load_address>
         <run_address>0xaba8</run_address>
         <size>0x14</size>
         <input_file_ref idref="fl-5e"/>
      </object_component>
      <object_component id="oc-160">
         <name>.text:BSP_InitLeds</name>
         <load_address>0xabbc</load_address>
         <run_address>0xabbc</run_address>
         <size>0x12</size>
         <input_file_ref idref="fl-11"/>
      </object_component>
      <object_component id="oc-1a4">
         <name>.text:handle_freq_cmd</name>
         <load_address>0xabce</load_address>
         <run_address>0xabce</run_address>
         <size>0x12</size>
         <input_file_ref idref="fl-9"/>
      </object_component>
      <object_component id="oc-12a">
         <name>.text:memcpy</name>
         <load_address>0xabe0</load_address>
         <run_address>0xabe0</run_address>
         <size>0x12</size>
         <input_file_ref idref="fl-5b"/>
      </object_component>
      <object_component id="oc-164">
         <name>.text:nwk_getMyAddress</name>
         <load_address>0xabf2</load_address>
         <run_address>0xabf2</run_address>
         <size>0x12</size>
         <input_file_ref idref="fl-8"/>
      </object_component>
      <object_component id="oc-18f">
         <name>.text:nwk_setLinkToken</name>
         <load_address>0xac04</load_address>
         <run_address>0xac04</run_address>
         <size>0x12</size>
         <input_file_ref idref="fl-c"/>
      </object_component>
      <object_component id="oc-132">
         <name>.text:sCB</name>
         <load_address>0xac16</load_address>
         <run_address>0xac16</run_address>
         <size>0x12</size>
         <input_file_ref idref="fl-2"/>
      </object_component>
      <object_component id="oc-172">
         <name>.text:l_asr</name>
         <load_address>0xac28</load_address>
         <run_address>0xac28</run_address>
         <size>0x10</size>
         <input_file_ref idref="fl-3e"/>
      </object_component>
      <object_component id="oc-19f">
         <name>.text:nwk_getQ</name>
         <load_address>0xac38</load_address>
         <run_address>0xac38</run_address>
         <size>0x10</size>
         <input_file_ref idref="fl-5"/>
      </object_component>
      <object_component id="oc-12b">
         <name>.text</name>
         <load_address>0xac48</load_address>
         <run_address>0xac48</run_address>
         <size>0x10</size>
         <input_file_ref idref="fl-47"/>
      </object_component>
      <object_component id="oc-185">
         <name>.text:MRFI_Receive</name>
         <load_address>0xac58</load_address>
         <run_address>0xac58</run_address>
         <size>0xe</size>
         <input_file_ref idref="fl-10"/>
      </object_component>
      <object_component id="oc-18e">
         <name>.text:generateLinkToken</name>
         <load_address>0xac66</load_address>
         <run_address>0xac66</run_address>
         <size>0xe</size>
         <input_file_ref idref="fl-b"/>
      </object_component>
      <object_component id="oc-196">
         <name>.text:mrfiSpiWriteTxFifo</name>
         <load_address>0xac74</load_address>
         <run_address>0xac74</run_address>
         <size>0xe</size>
         <input_file_ref idref="fl-10"/>
      </object_component>
      <object_component id="oc-165">
         <name>.text:nwk_setJoinContext</name>
         <load_address>0xac82</load_address>
         <run_address>0xac82</run_address>
         <size>0xe</size>
         <input_file_ref idref="fl-b"/>
      </object_component>
      <object_component id="oc-14e">
         <name>.text:nwk_setListenContext</name>
         <load_address>0xac90</load_address>
         <run_address>0xac90</run_address>
         <size>0xe</size>
         <input_file_ref idref="fl-c"/>
      </object_component>
      <object_component id="oc-195">
         <name>.text:MRFI_PostKillSem</name>
         <load_address>0xac9e</load_address>
         <run_address>0xac9e</run_address>
         <size>0xc</size>
         <input_file_ref idref="fl-10"/>
      </object_component>
      <object_component id="oc-1a1">
         <name>.text:handlePingRequest</name>
         <load_address>0xacaa</load_address>
         <run_address>0xacaa</run_address>
         <size>0xc</size>
         <input_file_ref idref="fl-e"/>
      </object_component>
      <object_component id="oc-15a">
         <name>.text:mrfiSpiReadRxFifo</name>
         <load_address>0xacb6</load_address>
         <run_address>0xacb6</run_address>
         <size>0xc</size>
         <input_file_ref idref="fl-10"/>
      </object_component>
      <object_component id="oc-1a5">
         <name>.text:smpl_send_mgmt_reply</name>
         <load_address>0xacc2</load_address>
         <run_address>0xacc2</run_address>
         <size>0xc</size>
         <input_file_ref idref="fl-d"/>
      </object_component>
      <object_component id="oc-161">
         <name>.text:BSP_InitButtons</name>
         <load_address>0xacce</load_address>
         <run_address>0xacce</run_address>
         <size>0xa</size>
         <input_file_ref idref="fl-11"/>
      </object_component>
      <object_component id="oc-13d">
         <name>.text:BSP_InitDrivers</name>
         <load_address>0xacd8</load_address>
         <run_address>0xacd8</run_address>
         <size>0xa</size>
         <input_file_ref idref="fl-11"/>
      </object_component>
      <object_component id="oc-176">
         <name>.text:nwk_freqInit</name>
         <load_address>0xace2</load_address>
         <run_address>0xace2</run_address>
         <size>0xa</size>
         <input_file_ref idref="fl-9"/>
      </object_component>
      <object_component id="oc-179">
         <name>.text:nwk_mgmtInit</name>
         <load_address>0xacec</load_address>
         <run_address>0xacec</run_address>
         <size>0xa</size>
         <input_file_ref idref="fl-d"/>
      </object_component>
      <object_component id="oc-177">
         <name>.text:nwk_pingInit</name>
         <load_address>0xacf6</load_address>
         <run_address>0xacf6</run_address>
         <size>0xa</size>
         <input_file_ref idref="fl-e"/>
      </object_component>
      <object_component id="oc-121">
         <name>.text:ADC10_ISR</name>
         <load_address>0xad00</load_address>
         <run_address>0xad00</run_address>
         <size>0x8</size>
         <input_file_ref idref="fl-2"/>
      </object_component>
      <object_component id="oc-16a">
         <name>.text:nwk_getChannel</name>
         <load_address>0xad08</load_address>
         <run_address>0xad08</run_address>
         <size>0x8</size>
         <input_file_ref idref="fl-9"/>
      </object_component>
      <object_component id="oc-14d">
         <name>.text:MRFI_GetRadioState</name>
         <load_address>0xad10</load_address>
         <run_address>0xad10</run_address>
         <size>0x6</size>
         <input_file_ref idref="fl-10"/>
      </object_component>
      <object_component id="oc-123">
         <name>.text:Timer_B</name>
         <load_address>0xad16</load_address>
         <run_address>0xad16</run_address>
         <size>0x6</size>
         <input_file_ref idref="fl-2"/>
      </object_component>
      <object_component id="oc-e3">
         <name>.text:_isr:__TI_ISR_TRAP</name>
         <load_address>0xad1c</load_address>
         <run_address>0xad1c</run_address>
         <size>0x6</size>
         <input_file_ref idref="fl-58"/>
      </object_component>
      <object_component id="oc-162">
         <name>.text:nwk_freeConnection</name>
         <load_address>0xad22</load_address>
         <run_address>0xad22</run_address>
         <size>0x6</size>
         <input_file_ref idref="fl-4"/>
      </object_component>
      <object_component id="oc-17c">
         <name>.text:nwk_getBCastAddress</name>
         <load_address>0xad28</load_address>
         <run_address>0xad28</run_address>
         <size>0x6</size>
         <input_file_ref idref="fl-8"/>
      </object_component>
      <object_component id="oc-13f">
         <name>.text:nwk_getFWVersion</name>
         <load_address>0xad2e</load_address>
         <run_address>0xad2e</run_address>
         <size>0x6</size>
         <input_file_ref idref="fl-8"/>
      </object_component>
      <object_component id="oc-1af">
         <name>.text:nwk_getMyRxType</name>
         <load_address>0xad34</load_address>
         <run_address>0xad34</run_address>
         <size>0x6</size>
         <input_file_ref idref="fl-7"/>
      </object_component>
      <object_component id="oc-13e">
         <name>.text:nwk_getProtocolVersion</name>
         <load_address>0xad3a</load_address>
         <run_address>0xad3a</run_address>
         <size>0x6</size>
         <input_file_ref idref="fl-8"/>
      </object_component>
      <object_component id="oc-125">
         <name>.text:_system_pre_init</name>
         <load_address>0xad40</load_address>
         <run_address>0xad40</run_address>
         <size>0x4</size>
         <input_file_ref idref="fl-60"/>
      </object_component>
      <object_component id="oc-128">
         <name>.text:abort</name>
         <load_address>0xad44</load_address>
         <run_address>0xad44</run_address>
         <size>0x4</size>
         <input_file_ref idref="fl-48"/>
      </object_component>
      <object_component id="oc-14c">
         <name>.text:nwk_join</name>
         <load_address>0xad48</load_address>
         <run_address>0xad48</run_address>
         <size>0x4</size>
         <input_file_ref idref="fl-b"/>
      </object_component>
      <object_component id="oc-19c">
         <name>.text:nwk_processSecurity</name>
         <load_address>0xad4c</load_address>
         <run_address>0xad4c</run_address>
         <size>0x4</size>
         <input_file_ref idref="fl-f"/>
      </object_component>
      <object_component id="oc-124">
         <name>.text:_nop</name>
         <load_address>0xad50</load_address>
         <run_address>0xad50</run_address>
         <size>0x2</size>
         <input_file_ref idref="fl-61"/>
      </object_component>
      <object_component id="oc-1b1">
         <name>.text:nwk_purgeJoined</name>
         <load_address>0xad52</load_address>
         <run_address>0xad52</run_address>
         <size>0x2</size>
         <input_file_ref idref="fl-b"/>
      </object_component>
      <object_component id="oc-17b">
         <name>.text:nwk_securityInit</name>
         <load_address>0xad54</load_address>
         <run_address>0xad54</run_address>
         <size>0x2</size>
         <input_file_ref idref="fl-f"/>
      </object_component>
      <object_component id="oc-6c">
         <name>.cinit</name>
         <load_address>0xafce</load_address>
         <run_address>0xafce</run_address>
         <size>0x39</size>
         <input_file_ref idref="fl-b"/>
      </object_component>
      <object_component id="oc-30">
         <name>.cinit</name>
         <load_address>0xb008</load_address>
         <run_address>0xb008</run_address>
         <size>0x30</size>
         <input_file_ref idref="fl-2"/>
      </object_component>
      <object_component id="oc-73">
         <name>.cinit</name>
         <load_address>0xb038</load_address>
         <run_address>0xb038</run_address>
         <size>0x19</size>
         <input_file_ref idref="fl-c"/>
      </object_component>
      <object_component id="oc-8d">
         <name>.cinit</name>
         <load_address>0xb052</load_address>
         <run_address>0xb052</run_address>
         <size>0x17</size>
         <input_file_ref idref="fl-10"/>
      </object_component>
      <object_component id="oc-3d">
         <name>.cinit</name>
         <load_address>0xb06a</load_address>
         <run_address>0xb06a</run_address>
         <size>0x13</size>
         <input_file_ref idref="fl-4"/>
      </object_component>
      <object_component id="oc-60">
         <name>.cinit</name>
         <load_address>0xb07e</load_address>
         <run_address>0xb07e</run_address>
         <size>0xb</size>
         <input_file_ref idref="fl-9"/>
      </object_component>
      <object_component id="oc-51">
         <name>.cinit</name>
         <load_address>0xb08a</load_address>
         <run_address>0xb08a</run_address>
         <size>0x6</size>
         <input_file_ref idref="fl-7"/>
      </object_component>
      <object_component id="oc-4a">
         <name>.cinit</name>
         <load_address>0xb090</load_address>
         <run_address>0xb090</run_address>
         <size>0x5</size>
         <input_file_ref idref="fl-6"/>
      </object_component>
      <object_component id="oc-58">
         <name>.cinit</name>
         <load_address>0xb096</load_address>
         <run_address>0xb096</run_address>
         <size>0x5</size>
         <input_file_ref idref="fl-8"/>
      </object_component>
      <object_component id="oc-7a">
         <name>.cinit</name>
         <load_address>0xb09c</load_address>
         <run_address>0xb09c</run_address>
         <size>0x5</size>
         <input_file_ref idref="fl-d"/>
      </object_component>
      <object_component id="oc-81">
         <name>.cinit</name>
         <load_address>0xb0a2</load_address>
         <run_address>0xb0a2</run_address>
         <size>0x5</size>
         <input_file_ref idref="fl-e"/>
      </object_component>
      <object_component id="oc-130">
         <name>.const:.string:splash</name>
         <load_address>0xad56</load_address>
         <run_address>0xad56</run_address>
         <size>0x187</size>
         <input_file_ref idref="fl-2"/>
      </object_component>
      <object_component id="oc-155">
         <name>.const:.string:$P$T3$4</name>
         <load_address>0xaede</load_address>
         <run_address>0xaede</run_address>
         <size>0x3f</size>
         <input_file_ref idref="fl-2"/>
      </object_component>
      <object_component id="oc-16f">
         <name>.const:mrfiRadioCfg</name>
         <load_address>0xaf1e</load_address>
         <run_address>0xaf1e</run_address>
         <size>0x3e</size>
         <input_file_ref idref="fl-10"/>
      </object_component>
      <object_component id="oc-31">
         <name>.const:.string</name>
         <load_address>0xaf5c</load_address>
         <run_address>0xaf5c</run_address>
         <size>0x24</size>
         <input_file_ref idref="fl-2"/>
      </object_component>
      <object_component id="oc-154">
         <name>.const:.string:$P$T4$5</name>
         <load_address>0xaf80</load_address>
         <run_address>0xaf80</run_address>
         <size>0x1a</size>
         <input_file_ref idref="fl-2"/>
      </object_component>
      <object_component id="oc-59">
         <name>.const</name>
         <load_address>0xaf9a</load_address>
         <run_address>0xaf9a</run_address>
         <size>0xd</size>
         <input_file_ref idref="fl-8"/>
      </object_component>
      <object_component id="oc-190">
         <name>.const:func</name>
         <load_address>0xafa8</load_address>
         <run_address>0xafa8</run_address>
         <size>0xc</size>
         <input_file_ref idref="fl-7"/>
      </object_component>
      <object_component id="oc-153">
         <name>.const:.string:$P$T2$3</name>
         <load_address>0xafb4</load_address>
         <run_address>0xafb4</run_address>
         <size>0x7</size>
         <input_file_ref idref="fl-2"/>
      </object_component>
      <object_component id="oc-135">
         <name>.const:.string:$P$T0$1</name>
         <load_address>0xafbc</load_address>
         <run_address>0xafbc</run_address>
         <size>0x5</size>
         <input_file_ref idref="fl-2"/>
      </object_component>
      <object_component id="oc-136">
         <name>.const:.string:$P$T1$2</name>
         <load_address>0xafc2</load_address>
         <run_address>0xafc2</run_address>
         <size>0x4</size>
         <input_file_ref idref="fl-2"/>
      </object_component>
      <object_component id="oc-183">
         <name>.const:.string:mrfiBroadcastAddr</name>
         <load_address>0xafc6</load_address>
         <run_address>0xafc6</run_address>
         <size>0x4</size>
         <input_file_ref idref="fl-10"/>
      </object_component>
      <object_component id="oc-18c">
         <name>.const:.string:mrfiLogicalChanTable</name>
         <load_address>0xafca</load_address>
         <run_address>0xafca</run_address>
         <size>0x4</size>
         <input_file_ref idref="fl-10"/>
      </object_component>
      <object_component id="oc-1e">
         <name>.int00</name>
         <load_address>0xffe0</load_address>
         <run_address>0xffe0</run_address>
         <size>0x2</size>
         <input_file_ref idref="fl-4d"/>
      </object_component>
      <object_component id="oc-1f">
         <name>.int01</name>
         <load_address>0xffe2</load_address>
         <run_address>0xffe2</run_address>
         <size>0x2</size>
         <input_file_ref idref="fl-4e"/>
      </object_component>
      <object_component id="oc-20">
         <name>.int02</name>
         <load_address>0xffe4</load_address>
         <run_address>0xffe4</run_address>
         <size>0x2</size>
         <input_file_ref idref="fl-4f"/>
      </object_component>
      <object_component id="oc-21">
         <name>.int03</name>
         <load_address>0xffe6</load_address>
         <run_address>0xffe6</run_address>
         <size>0x2</size>
         <input_file_ref idref="fl-10"/>
      </object_component>
      <object_component id="oc-22">
         <name>.int04</name>
         <load_address>0xffe8</load_address>
         <run_address>0xffe8</run_address>
         <size>0x2</size>
         <input_file_ref idref="fl-50"/>
      </object_component>
      <object_component id="oc-23">
         <name>.int05</name>
         <load_address>0xffea</load_address>
         <run_address>0xffea</run_address>
         <size>0x2</size>
         <input_file_ref idref="fl-2"/>
      </object_component>
      <object_component id="oc-24">
         <name>.int06</name>
         <load_address>0xffec</load_address>
         <run_address>0xffec</run_address>
         <size>0x2</size>
         <input_file_ref idref="fl-51"/>
      </object_component>
      <object_component id="oc-25">
         <name>.int07</name>
         <load_address>0xffee</load_address>
         <run_address>0xffee</run_address>
         <size>0x2</size>
         <input_file_ref idref="fl-2"/>
      </object_component>
      <object_component id="oc-26">
         <name>.int08</name>
         <load_address>0xfff0</load_address>
         <run_address>0xfff0</run_address>
         <size>0x2</size>
         <input_file_ref idref="fl-52"/>
      </object_component>
      <object_component id="oc-27">
         <name>.int09</name>
         <load_address>0xfff2</load_address>
         <run_address>0xfff2</run_address>
         <size>0x2</size>
         <input_file_ref idref="fl-53"/>
      </object_component>
      <object_component id="oc-28">
         <name>.int10</name>
         <load_address>0xfff4</load_address>
         <run_address>0xfff4</run_address>
         <size>0x2</size>
         <input_file_ref idref="fl-54"/>
      </object_component>
      <object_component id="oc-29">
         <name>.int11</name>
         <load_address>0xfff6</load_address>
         <run_address>0xfff6</run_address>
         <size>0x2</size>
         <input_file_ref idref="fl-55"/>
      </object_component>
      <object_component id="oc-2a">
         <name>.int12</name>
         <load_address>0xfff8</load_address>
         <run_address>0xfff8</run_address>
         <size>0x2</size>
         <input_file_ref idref="fl-56"/>
      </object_component>
      <object_component id="oc-2b">
         <name>.int13</name>
         <load_address>0xfffa</load_address>
         <run_address>0xfffa</run_address>
         <size>0x2</size>
         <input_file_ref idref="fl-2"/>
      </object_component>
      <object_component id="oc-2c">
         <name>.int14</name>
         <load_address>0xfffc</load_address>
         <run_address>0xfffc</run_address>
         <size>0x2</size>
         <input_file_ref idref="fl-57"/>
      </object_component>
      <object_component id="oc-9e">
         <name>.reset</name>
         <load_address>0xfffe</load_address>
         <run_address>0xfffe</run_address>
         <size>0x2</size>
         <input_file_ref idref="fl-3f"/>
      </object_component>
      <object_component id="oc-2f">
         <name>.debug_info</name>
         <load_address>0x0</load_address>
         <run_address>0x0</run_address>
         <size>0x1a28</size>
         <input_file_ref idref="fl-2"/>
      </object_component>
      <object_component id="oc-37">
         <name>.debug_info</name>
         <load_address>0x1a28</load_address>
         <run_address>0x1a28</run_address>
         <size>0x15d</size>
         <input_file_ref idref="fl-3"/>
      </object_component>
      <object_component id="oc-3c">
         <name>.debug_info</name>
         <load_address>0x1b85</load_address>
         <run_address>0x1b85</run_address>
         <size>0x143d</size>
         <input_file_ref idref="fl-4"/>
      </object_component>
      <object_component id="oc-43">
         <name>.debug_info</name>
         <load_address>0x2fc2</load_address>
         <run_address>0x2fc2</run_address>
         <size>0xcf6</size>
         <input_file_ref idref="fl-5"/>
      </object_component>
      <object_component id="oc-49">
         <name>.debug_info</name>
         <load_address>0x3cb8</load_address>
         <run_address>0x3cb8</run_address>
         <size>0x1541</size>
         <input_file_ref idref="fl-6"/>
      </object_component>
      <object_component id="oc-50">
         <name>.debug_info</name>
         <load_address>0x51f9</load_address>
         <run_address>0x51f9</run_address>
         <size>0x194c</size>
         <input_file_ref idref="fl-7"/>
      </object_component>
      <object_component id="oc-57">
         <name>.debug_info</name>
         <load_address>0x6b45</load_address>
         <run_address>0x6b45</run_address>
         <size>0x94a</size>
         <input_file_ref idref="fl-8"/>
      </object_component>
      <object_component id="oc-5f">
         <name>.debug_info</name>
         <load_address>0x748f</load_address>
         <run_address>0x748f</run_address>
         <size>0x16d2</size>
         <input_file_ref idref="fl-9"/>
      </object_component>
      <object_component id="oc-65">
         <name>.debug_info</name>
         <load_address>0x8b61</load_address>
         <run_address>0x8b61</run_address>
         <size>0x1334</size>
         <input_file_ref idref="fl-a"/>
      </object_component>
      <object_component id="oc-6b">
         <name>.debug_info</name>
         <load_address>0x9e95</load_address>
         <run_address>0x9e95</run_address>
         <size>0x12d5</size>
         <input_file_ref idref="fl-b"/>
      </object_component>
      <object_component id="oc-72">
         <name>.debug_info</name>
         <load_address>0xb16a</load_address>
         <run_address>0xb16a</run_address>
         <size>0x1866</size>
         <input_file_ref idref="fl-c"/>
      </object_component>
      <object_component id="oc-79">
         <name>.debug_info</name>
         <load_address>0xc9d0</load_address>
         <run_address>0xc9d0</run_address>
         <size>0xb80</size>
         <input_file_ref idref="fl-d"/>
      </object_component>
      <object_component id="oc-80">
         <name>.debug_info</name>
         <load_address>0xd550</load_address>
         <run_address>0xd550</run_address>
         <size>0xfcb</size>
         <input_file_ref idref="fl-e"/>
      </object_component>
      <object_component id="oc-86">
         <name>.debug_info</name>
         <load_address>0xe51b</load_address>
         <run_address>0xe51b</run_address>
         <size>0x4bd</size>
         <input_file_ref idref="fl-f"/>
      </object_component>
      <object_component id="oc-8c">
         <name>.debug_info</name>
         <load_address>0xe9d8</load_address>
         <run_address>0xe9d8</run_address>
         <size>0x2976</size>
         <input_file_ref idref="fl-10"/>
      </object_component>
      <object_component id="oc-92">
         <name>.debug_info</name>
         <load_address>0x1134e</load_address>
         <run_address>0x1134e</run_address>
         <size>0xbf4</size>
         <input_file_ref idref="fl-11"/>
      </object_component>
      <object_component id="oc-97">
         <name>.debug_info</name>
         <load_address>0x11f42</load_address>
         <run_address>0x11f42</run_address>
         <size>0xf1</size>
         <input_file_ref idref="fl-3e"/>
      </object_component>
      <object_component id="oc-9c">
         <name>.debug_info</name>
         <load_address>0x12033</load_address>
         <run_address>0x12033</run_address>
         <size>0x3d9</size>
         <input_file_ref idref="fl-3f"/>
      </object_component>
      <object_component id="oc-a3">
         <name>.debug_info</name>
         <load_address>0x1240c</load_address>
         <run_address>0x1240c</run_address>
         <size>0x276</size>
         <input_file_ref idref="fl-40"/>
      </object_component>
      <object_component id="oc-a8">
         <name>.debug_info</name>
         <load_address>0x12682</load_address>
         <run_address>0x12682</run_address>
         <size>0x21b</size>
         <input_file_ref idref="fl-41"/>
      </object_component>
      <object_component id="oc-ad">
         <name>.debug_info</name>
         <load_address>0x1289d</load_address>
         <run_address>0x1289d</run_address>
         <size>0x231</size>
         <input_file_ref idref="fl-42"/>
      </object_component>
      <object_component id="oc-b3">
         <name>.debug_info</name>
         <load_address>0x12ace</load_address>
         <run_address>0x12ace</run_address>
         <size>0xcb</size>
         <input_file_ref idref="fl-43"/>
      </object_component>
      <object_component id="oc-b8">
         <name>.debug_info</name>
         <load_address>0x12b99</load_address>
         <run_address>0x12b99</run_address>
         <size>0xbe</size>
         <input_file_ref idref="fl-44"/>
      </object_component>
      <object_component id="oc-bd">
         <name>.debug_info</name>
         <load_address>0x12c57</load_address>
         <run_address>0x12c57</run_address>
         <size>0xce</size>
         <input_file_ref idref="fl-45"/>
      </object_component>
      <object_component id="oc-c2">
         <name>.debug_info</name>
         <load_address>0x12d25</load_address>
         <run_address>0x12d25</run_address>
         <size>0xc0</size>
         <input_file_ref idref="fl-46"/>
      </object_component>
      <object_component id="oc-c6">
         <name>.debug_info</name>
         <load_address>0x12de5</load_address>
         <run_address>0x12de5</run_address>
         <size>0xc7</size>
         <input_file_ref idref="fl-47"/>
      </object_component>
      <object_component id="oc-ca">
         <name>.debug_info</name>
         <load_address>0x12eac</load_address>
         <run_address>0x12eac</run_address>
         <size>0x29b</size>
         <input_file_ref idref="fl-48"/>
      </object_component>
      <object_component id="oc-d0">
         <name>.debug_info</name>
         <load_address>0x13147</load_address>
         <run_address>0x13147</run_address>
         <size>0xc2</size>
         <input_file_ref idref="fl-49"/>
      </object_component>
      <object_component id="oc-d5">
         <name>.debug_info</name>
         <load_address>0x13209</load_address>
         <run_address>0x13209</run_address>
         <size>0xcb</size>
         <input_file_ref idref="fl-4a"/>
      </object_component>
      <object_component id="oc-da">
         <name>.debug_info</name>
         <load_address>0x132d4</load_address>
         <run_address>0x132d4</run_address>
         <size>0xc2</size>
         <input_file_ref idref="fl-4b"/>
      </object_component>
      <object_component id="oc-df">
         <name>.debug_info</name>
         <load_address>0x13396</load_address>
         <run_address>0x13396</run_address>
         <size>0xd4</size>
         <input_file_ref idref="fl-4c"/>
      </object_component>
      <object_component id="oc-e4">
         <name>.debug_info</name>
         <load_address>0x1346a</load_address>
         <run_address>0x1346a</run_address>
         <size>0xba</size>
         <input_file_ref idref="fl-58"/>
      </object_component>
      <object_component id="oc-e9">
         <name>.debug_info</name>
         <load_address>0x13524</load_address>
         <run_address>0x13524</run_address>
         <size>0xbb</size>
         <input_file_ref idref="fl-59"/>
      </object_component>
      <object_component id="oc-ed">
         <name>.debug_info</name>
         <load_address>0x135df</load_address>
         <run_address>0x135df</run_address>
         <size>0x2fd</size>
         <input_file_ref idref="fl-5a"/>
      </object_component>
      <object_component id="oc-f2">
         <name>.debug_info</name>
         <load_address>0x138dc</load_address>
         <run_address>0x138dc</run_address>
         <size>0x2ba</size>
         <input_file_ref idref="fl-5b"/>
      </object_component>
      <object_component id="oc-f7">
         <name>.debug_info</name>
         <load_address>0x13b96</load_address>
         <run_address>0x13b96</run_address>
         <size>0x2d5</size>
         <input_file_ref idref="fl-5c"/>
      </object_component>
      <object_component id="oc-fc">
         <name>.debug_info</name>
         <load_address>0x13e6b</load_address>
         <run_address>0x13e6b</run_address>
         <size>0x270</size>
         <input_file_ref idref="fl-5d"/>
      </object_component>
      <object_component id="oc-102">
         <name>.debug_info</name>
         <load_address>0x140db</load_address>
         <run_address>0x140db</run_address>
         <size>0xbe</size>
         <input_file_ref idref="fl-5e"/>
      </object_component>
      <object_component id="oc-107">
         <name>.debug_info</name>
         <load_address>0x14199</load_address>
         <run_address>0x14199</run_address>
         <size>0xbe</size>
         <input_file_ref idref="fl-5f"/>
      </object_component>
      <object_component id="oc-10b">
         <name>.debug_info</name>
         <load_address>0x14257</load_address>
         <run_address>0x14257</run_address>
         <size>0x22d</size>
         <input_file_ref idref="fl-60"/>
      </object_component>
      <object_component id="oc-111">
         <name>.debug_info</name>
         <load_address>0x14484</load_address>
         <run_address>0x14484</run_address>
         <size>0x249</size>
         <input_file_ref idref="fl-61"/>
      </object_component>
      <object_component id="oc-116">
         <name>.debug_info</name>
         <load_address>0x146cd</load_address>
         <run_address>0x146cd</run_address>
         <size>0x288</size>
         <input_file_ref idref="fl-62"/>
      </object_component>
      <object_component id="oc-11b">
         <name>.debug_info</name>
         <load_address>0x14955</load_address>
         <run_address>0x14955</run_address>
         <size>0x34f</size>
         <input_file_ref idref="fl-63"/>
      </object_component>
      <object_component id="oc-1de">
         <name>.debug_info</name>
         <load_address>0x14ca4</load_address>
         <run_address>0x14ca4</run_address>
         <size>0xfa</size>
      </object_component>
      <object_component id="oc-32">
         <name>.debug_frame</name>
         <load_address>0x0</load_address>
         <run_address>0x0</run_address>
         <size>0x158</size>
         <input_file_ref idref="fl-2"/>
      </object_component>
      <object_component id="oc-3e">
         <name>.debug_frame</name>
         <load_address>0x158</load_address>
         <run_address>0x158</run_address>
         <size>0x194</size>
         <input_file_ref idref="fl-4"/>
      </object_component>
      <object_component id="oc-44">
         <name>.debug_frame</name>
         <load_address>0x2ec</load_address>
         <run_address>0x2ec</run_address>
         <size>0xd9</size>
         <input_file_ref idref="fl-5"/>
      </object_component>
      <object_component id="oc-4b">
         <name>.debug_frame</name>
         <load_address>0x3c5</load_address>
         <run_address>0x3c5</run_address>
         <size>0xc3</size>
         <input_file_ref idref="fl-6"/>
      </object_component>
      <object_component id="oc-52">
         <name>.debug_frame</name>
         <load_address>0x488</load_address>
         <run_address>0x488</run_address>
         <size>0x1cd</size>
         <input_file_ref idref="fl-7"/>
      </object_component>
      <object_component id="oc-5a">
         <name>.debug_frame</name>
         <load_address>0x655</load_address>
         <run_address>0x655</run_address>
         <size>0xcb</size>
         <input_file_ref idref="fl-8"/>
      </object_component>
      <object_component id="oc-61">
         <name>.debug_frame</name>
         <load_address>0x720</load_address>
         <run_address>0x720</run_address>
         <size>0x146</size>
         <input_file_ref idref="fl-9"/>
      </object_component>
      <object_component id="oc-66">
         <name>.debug_frame</name>
         <load_address>0x866</load_address>
         <run_address>0x866</run_address>
         <size>0xd4</size>
         <input_file_ref idref="fl-a"/>
      </object_component>
      <object_component id="oc-6d">
         <name>.debug_frame</name>
         <load_address>0x93a</load_address>
         <run_address>0x93a</run_address>
         <size>0x15b</size>
         <input_file_ref idref="fl-b"/>
      </object_component>
      <object_component id="oc-74">
         <name>.debug_frame</name>
         <load_address>0xa95</load_address>
         <run_address>0xa95</run_address>
         <size>0x120</size>
         <input_file_ref idref="fl-c"/>
      </object_component>
      <object_component id="oc-7b">
         <name>.debug_frame</name>
         <load_address>0xbb5</load_address>
         <run_address>0xbb5</run_address>
         <size>0x99</size>
         <input_file_ref idref="fl-d"/>
      </object_component>
      <object_component id="oc-82">
         <name>.debug_frame</name>
         <load_address>0xc4e</load_address>
         <run_address>0xc4e</run_address>
         <size>0x99</size>
         <input_file_ref idref="fl-e"/>
      </object_component>
      <object_component id="oc-87">
         <name>.debug_frame</name>
         <load_address>0xce7</load_address>
         <run_address>0xce7</run_address>
         <size>0x5c</size>
         <input_file_ref idref="fl-f"/>
      </object_component>
      <object_component id="oc-8e">
         <name>.debug_frame</name>
[...]
         <object_component_ref idref="oc-178"/>
      </symbol>
      <symbol id="sm-356">
         <name>nwk_setJoinContext</name>
         <value>0xac82</value>
         <object_component_ref idref="oc-165"/>
      </symbol>
      <symbol id="sm-357">
         <name>nwk_join</name>
         <value>0xad48</value>
         <object_component_ref idref="oc-14c"/>
      </symbol>
      <symbol id="sm-395">
         <name>nwk_linkInit</name>
         <value>0xa8ba</value>
         <object_component_ref idref="oc-17a"/>
      </symbol>
      <symbol id="sm-396">
         <name>nwk_setLinkToken</name>
         <value>0xac04</value>
         <object_component_ref idref="oc-18f"/>
      </symbol>
      <symbol id="sm-397">
         <name>nwk_getLocalLinkID</name>
         <value>0xaa4c</value>
         <object_component_ref idref="oc-14f"/>
      </symbol>
      <symbol id="sm-398">
         <name>nwk_setListenContext</name>
         <value>0xac90</value>
         <object_component_ref idref="oc-14e"/>
      </symbol>
      <symbol id="sm-399">
         <name>nwk_processLink</name>
         <value>0xa740</value>
         <object_component_ref idref="oc-19a"/>
      </symbol>
      <symbol id="sm-3b9">
         <name>nwk_mgmtInit</name>
         <value>0xacec</value>
         <object_component_ref idref="oc-179"/>
      </symbol>
      <symbol id="sm-3ba">
         <name>nwk_processMgmt</name>
         <value>0x9f72</value>
         <object_component_ref idref="oc-19e"/>
      </symbol>
      <symbol id="sm-3d8">
         <name>nwk_processPing</name>
         <value>0xa654</value>
         <object_component_ref idref="oc-199"/>
      </symbol>
      <symbol id="sm-3d9">
         <name>nwk_pingInit</name>
         <value>0xacf6</value>
         <object_component_ref idref="oc-177"/>
      </symbol>
      <symbol id="sm-3e7">
         <name>nwk_securityInit</name>
         <value>0xad54</value>
         <object_component_ref idref="oc-17b"/>
      </symbol>
      <symbol id="sm-3e8">
         <name>nwk_processSecurity</name>
         <value>0xad4c</value>
         <object_component_ref idref="oc-19c"/>
      </symbol>
      <symbol id="sm-4c1">
         <name>MRFI_Sleep</name>
         <value>0xa906</value>
         <object_component_ref idref="oc-152"/>
      </symbol>
      <symbol id="sm-4c2">
         <name>MRFI_PostKillSem</name>
         <value>0xac9e</value>
         <object_component_ref idref="oc-195"/>
      </symbol>
      <symbol id="sm-4c3">
         <name>MRFI_SetLogicalChannel</name>
         <value>0xa58e</value>
         <object_component_ref idref="oc-170"/>
      </symbol>
      <symbol id="sm-4c4">
         <name>MRFI_Rssi</name>
         <value>0xa08c</value>
         <object_component_ref idref="oc-166"/>
      </symbol>
      <symbol id="sm-4c5">
         <name>MRFI_Init</name>
         <value>0x85b0</value>
         <object_component_ref idref="oc-147"/>
      </symbol>
      <symbol id="sm-4c6">
         <name>mrfiSpiCmdStrobe</name>
         <value>0x9f2a</value>
         <object_component_ref idref="oc-15f"/>
      </symbol>
      <symbol id="sm-4c7">
         <name>__TI_int03</name>
         <value>0xffe6</value>
         <object_component_ref idref="oc-21"/>
      </symbol>
      <symbol id="sm-4c8">
         <name>MRFI_RxAddrIsFiltered</name>
         <value>0x9fba</value>
         <object_component_ref idref="oc-15c"/>
      </symbol>
      <symbol id="sm-4c9">
         <name>MRFI_RandomByte</name>
         <value>0xab3e</value>
         <object_component_ref idref="oc-18d"/>
      </symbol>
      <symbol id="sm-4ca">
         <name>MRFI_RxOn</name>
         <value>0xa94c</value>
         <object_component_ref idref="oc-14b"/>
      </symbol>
      <symbol id="sm-4cb">
         <name>MRFI_GpioIsr</name>
         <value>0xaa6a</value>
         <object_component_ref idref="oc-129"/>
      </symbol>
      <symbol id="sm-4cc">
         <name>mrfiBroadcastAddr</name>
         <value>0xafc6</value>
         <object_component_ref idref="oc-183"/>
      </symbol>
      <symbol id="sm-4cd">
         <name>mrfiSpiReadReg</name>
         <value>0xaa10</value>
         <object_component_ref idref="oc-159"/>
      </symbol>
      <symbol id="sm-4ce">
         <name>mrfiSpiReadRxFifo</name>
         <value>0xacb6</value>
         <object_component_ref idref="oc-15a"/>
      </symbol>
      <symbol id="sm-4cf">
         <name>MRFI_ReplyDelay</name>
         <value>0xa24c</value>
         <object_component_ref idref="oc-189"/>
      </symbol>
      <symbol id="sm-4d0">
         <name>MRFI_WakeUp</name>
         <value>0x9c6e</value>
         <object_component_ref idref="oc-149"/>
      </symbol>
      <symbol id="sm-4d1">
         <name>MRFI_Transmit</name>
         <value>0x8c92</value>
         <object_component_ref idref="oc-187"/>
      </symbol>
      <symbol id="sm-4d2">
         <name>mrfiSpiWriteReg</name>
         <value>0xaaf4</value>
         <object_component_ref idref="oc-16e"/>
      </symbol>
      <symbol id="sm-4d3">
         <name>mrfiSpiWriteTxFifo</name>
         <value>0xac74</value>
         <object_component_ref idref="oc-196"/>
      </symbol>
      <symbol id="sm-4d4">
         <name>MRFI_RxIdle</name>
         <value>0xa9d0</value>
         <object_component_ref idref="oc-151"/>
      </symbol>
      <symbol id="sm-4d5">
         <name>MRFI_GetRadioState</name>
         <value>0xad10</value>
         <object_component_ref idref="oc-14d"/>
      </symbol>
      <symbol id="sm-4d6">
         <name>MRFI_DelayMs</name>
         <value>0xab0e</value>
         <object_component_ref idref="oc-150"/>
      </symbol>
      <symbol id="sm-4d7">
         <name>mrfiSpiInit</name>
         <value>0xa4be</value>
         <object_component_ref idref="oc-16c"/>
      </symbol>
      <symbol id="sm-4d8">
         <name>MRFI_Receive</name>
         <value>0xac58</value>
         <object_component_ref idref="oc-185"/>
      </symbol>
      <symbol id="sm-4d9">
         <name>BSP_GpioPort1Isr</name>
         <value>0xaada</value>
         <object_component_ref idref="oc-120"/>
      </symbol>
      <symbol id="sm-4f5">
         <name>BSP_Init</name>
         <value>0xa990</value>
         <object_component_ref idref="oc-12c"/>
      </symbol>
      <symbol id="sm-4f6">
         <name>BSP_InitButtons</name>
         <value>0xacce</value>
         <object_component_ref idref="oc-161"/>
      </symbol>
      <symbol id="sm-4f7">
         <name>BSP_InitBoard</name>
         <value>0xa92a</value>
         <object_component_ref idref="oc-13c"/>
      </symbol>
      <symbol id="sm-4f8">
         <name>BSP_InitLeds</name>
         <value>0xabbc</value>
         <object_component_ref idref="oc-160"/>
      </symbol>
      <symbol id="sm-4f9">
         <name>BSP_Delay</name>
         <value>0xa3e4</value>
         <object_component_ref idref="oc-18b"/>
      </symbol>
      <symbol id="sm-4fa">
         <name>BSP_InitDrivers</name>
         <value>0xacd8</value>
         <object_component_ref idref="oc-13d"/>
      </symbol>
      <symbol id="sm-50a">
         <name>L_ASR_12</name>
         <value>0xa19e</value>
         <object_component_ref idref="oc-137"/>
      </symbol>
      <symbol id="sm-50b">
         <name>L_ASR_13</name>
         <value>0xa19a</value>
         <object_component_ref idref="oc-137"/>
      </symbol>
      <symbol id="sm-50c">
         <name>L_ASR_10</name>
         <value>0xa1a6</value>
         <object_component_ref idref="oc-137"/>
      </symbol>
      <symbol id="sm-50d">
         <name>L_ASR_11</name>
         <value>0xa1a2</value>
         <object_component_ref idref="oc-137"/>
      </symbol>
      <symbol id="sm-50e">
         <name>L_ASR_14</name>
         <value>0xa196</value>
         <object_component_ref idref="oc-137"/>
      </symbol>
      <symbol id="sm-50f">
         <name>L_ASR_15</name>
         <value>0xa192</value>
         <object_component_ref idref="oc-137"/>
      </symbol>
      <symbol id="sm-510">
         <name>L_ASR_3</name>
         <value>0xa1c2</value>
         <object_component_ref idref="oc-137"/>
      </symbol>
      <symbol id="sm-511">
         <name>L_ASR_2</name>
         <value>0xa1c6</value>
         <object_component_ref idref="oc-137"/>
      </symbol>
      <symbol id="sm-512">
         <name>L_ASR_1</name>
         <value>0xa1ca</value>
         <object_component_ref idref="oc-137"/>
      </symbol>
      <symbol id="sm-513">
         <name>L_ASR_7</name>
         <value>0xa1b2</value>
         <object_component_ref idref="oc-137"/>
      </symbol>
      <symbol id="sm-514">
         <name>L_ASR_6</name>
         <value>0xa1b6</value>
         <object_component_ref idref="oc-137"/>
      </symbol>
      <symbol id="sm-515">
         <name>L_ASR_5</name>
         <value>0xa1ba</value>
         <object_component_ref idref="oc-137"/>
      </symbol>
      <symbol id="sm-516">
         <name>L_ASR_4</name>
         <value>0xa1be</value>
         <object_component_ref idref="oc-137"/>
      </symbol>
      <symbol id="sm-517">
         <name>L_ASR_9</name>
         <value>0xa1aa</value>
         <object_component_ref idref="oc-137"/>
      </symbol>
      <symbol id="sm-518">
         <name>L_ASR_8</name>
         <value>0xa1ae</value>
         <object_component_ref idref="oc-137"/>
      </symbol>
      <symbol id="sm-519">
         <name>L_ASR</name>
         <value>0xac28</value>
         <object_component_ref idref="oc-172"/>
      </symbol>
      <symbol id="sm-52c">
         <name>_c_int00_noexit</name>
         <value>0xa86e</value>
         <object_component_ref idref="oc-2d"/>
      </symbol>
      <symbol id="sm-52d">
         <name>_c_int00</name>
         <value>0xa86e</value>
         <object_component_ref idref="oc-2d"/>
      </symbol>
      <symbol id="sm-52e">
         <name>_stack</name>
         <value>0x5b0</value>
         <object_component_ref idref="oc-9d"/>
      </symbol>
      <symbol id="sm-52f">
         <name>__TI_dtors_ptr</name>
         <value>0x3d0</value>
         <object_component_ref idref="oc-9b"/>
      </symbol>
      <symbol id="sm-530">
         <name>__TI_cleanup_ptr</name>
         <value>0x3ce</value>
         <object_component_ref idref="oc-9b"/>
      </symbol>
      <symbol id="sm-531">
         <name>_reset_vector</name>
         <value>0xfffe</value>
         <object_component_ref idref="oc-9e"/>
      </symbol>
      <symbol id="sm-55c">
         <name>__remi</name>
         <value>0xa7f2</value>
         <object_component_ref idref="oc-b2"/>
      </symbol>
      <symbol id="sm-55d">
         <name>__divi</name>
         <value>0xa7f2</value>
         <object_component_ref idref="oc-b2"/>
      </symbol>
      <symbol id="sm-56b">
         <name>__remu</name>
         <value>0xab6a</value>
         <object_component_ref idref="oc-b7"/>
      </symbol>
      <symbol id="sm-56c">
         <name>__divu</name>
         <value>0xab6a</value>
         <object_component_ref idref="oc-b7"/>
      </symbol>
      <symbol id="sm-57c">
         <name>__remli</name>
         <value>0xa152</value>
         <object_component_ref idref="oc-bc"/>
      </symbol>
      <symbol id="sm-57d">
         <name>__divli</name>
         <value>0xa152</value>
         <object_component_ref idref="oc-bc"/>
      </symbol>
      <symbol id="sm-58f">
         <name>__divul</name>
         <value>0x9bc0</value>
         <object_component_ref idref="oc-c1"/>
      </symbol>
      <symbol id="sm-590">
         <name>__remul</name>
         <value>0x9bc0</value>
         <object_component_ref idref="oc-c1"/>
      </symbol>
      <symbol id="sm-59d">
         <name>func_epilog_1</name>
         <value>0xac54</value>
         <object_component_ref idref="oc-12b"/>
      </symbol>
      <symbol id="sm-59e">
         <name>func_epilog_2</name>
         <value>0xac52</value>
         <object_component_ref idref="oc-12b"/>
      </symbol>
      <symbol id="sm-59f">
         <name>func_epilog_3</name>
         <value>0xac50</value>
         <object_component_ref idref="oc-12b"/>
      </symbol>
      <symbol id="sm-5a0">
         <name>func_epilog_4</name>
         <value>0xac4e</value>
         <object_component_ref idref="oc-12b"/>
      </symbol>
      <symbol id="sm-5a1">
         <name>func_epilog_5</name>
         <value>0xac4c</value>
         <object_component_ref idref="oc-12b"/>
      </symbol>
      <symbol id="sm-5a2">
         <name>func_epilog_6</name>
         <value>0xac4a</value>
         <object_component_ref idref="oc-12b"/>
      </symbol>
      <symbol id="sm-5a3">
         <name>func_epilog_7</name>
         <value>0xac48</value>
         <object_component_ref idref="oc-12b"/>
      </symbol>
      <symbol id="sm-5b0">
         <name>C$$EXIT</name>
         <value>0xad44</value>
         <object_component_ref idref="oc-128"/>
      </symbol>
      <symbol id="sm-5b1">
         <name>abort</name>
         <value>0xad44</value>
         <object_component_ref idref="oc-128"/>
      </symbol>
      <symbol id="sm-5b2">
         <name>__TI_exit</name>
         <value>0x1</value>
      </symbol>
      <symbol id="sm-5d1">
         <name>__fs_add</name>
         <value>0x8b68</value>
         <object_component_ref idref="oc-cf"/>
      </symbol>
      <symbol id="sm-5d2">
         <name>__fs_sub</name>
         <value>0x8b62</value>
         <object_component_ref idref="oc-cf"/>
      </symbol>
      <symbol id="sm-5e3">
         <name>__fs_itof</name>
         <value>0xa488</value>
         <object_component_ref idref="oc-d4"/>
      </symbol>
      <symbol id="sm-5fe">
         <name>__fs_mpy</name>
         <value>0x91fc</value>
         <object_component_ref idref="oc-d9"/>
      </symbol>
      <symbol id="sm-614">
         <name>__fs_toi</name>
         <value>0x9af4</value>
         <object_component_ref idref="oc-de"/>
      </symbol>
      <symbol id="sm-618">
         <name>__TI_int00</name>
         <value>0xffe0</value>
         <object_component_ref idref="oc-1e"/>
      </symbol>
      <symbol id="sm-61c">
         <name>__TI_int01</name>
         <value>0xffe2</value>
         <object_component_ref idref="oc-1f"/>
      </symbol>
      <symbol id="sm-620">
         <name>__TI_int02</name>
         <value>0xffe4</value>
         <object_component_ref idref="oc-20"/>
      </symbol>
      <symbol id="sm-624">
         <name>__TI_int04</name>
         <value>0xffe8</value>
         <object_component_ref idref="oc-22"/>
      </symbol>
      <symbol id="sm-628">
         <name>__TI_int06</name>
         <value>0xffec</value>
         <object_component_ref idref="oc-24"/>
      </symbol>
      <symbol id="sm-62c">
         <name>__TI_int08</name>
         <value>0xfff0</value>
         <object_component_ref idref="oc-26"/>
      </symbol>
      <symbol id="sm-630">
         <name>__TI_int09</name>
         <value>0xfff2</value>
         <object_component_ref idref="oc-27"/>
      </symbol>
      <symbol id="sm-634">
         <name>__TI_int10</name>
         <value>0xfff4</value>
         <object_component_ref idref="oc-28"/>
      </symbol>
      <symbol id="sm-638">
         <name>__TI_int11</name>
         <value>0xfff6</value>
         <object_component_ref idref="oc-29"/>
      </symbol>
      <symbol id="sm-63c">
         <name>__TI_int12</name>
         <value>0xfff8</value>
         <object_component_ref idref="oc-2a"/>
      </symbol>
      <symbol id="sm-640">
         <name>__TI_int14</name>
         <value>0xfffc</value>
         <object_component_ref idref="oc-2c"/>
      </symbol>
      <symbol id="sm-64c">
         <name>__TI_ISR_TRAP</name>
         <value>0xad1c</value>
         <object_component_ref idref="oc-e3"/>
      </symbol>
      <symbol id="sm-658">
         <name>I_LSR</name>
         <value>0x9e4c</value>
         <object_component_ref idref="oc-e8"/>
      </symbol>
      <symbol id="sm-659">
         <name>I_LSR_12</name>
         <value>0x9e66</value>
         <object_component_ref idref="oc-e8"/>
      </symbol>
      <symbol id="sm-65a">
         <name>I_LSR_13</name>
         <value>0x9e62</value>
         <object_component_ref idref="oc-e8"/>
      </symbol>
      <symbol id="sm-65b">
         <name>I_LSR_10</name>
         <value>0x9e6e</value>
         <object_component_ref idref="oc-e8"/>
      </symbol>
      <symbol id="sm-65c">
         <name>I_LSR_11</name>
         <value>0x9e6a</value>
         <object_component_ref idref="oc-e8"/>
      </symbol>
      <symbol id="sm-65d">
         <name>I_LSR_14</name>
         <value>0x9e5e</value>
         <object_component_ref idref="oc-e8"/>
      </symbol>
      <symbol id="sm-65e">
         <name>I_LSR_15</name>
         <value>0x9e5a</value>
         <object_component_ref idref="oc-e8"/>
      </symbol>
      <symbol id="sm-65f">
         <name>I_LSR_3</name>
         <value>0x9e8a</value>
         <object_component_ref idref="oc-e8"/>
      </symbol>
      <symbol id="sm-660">
         <name>I_LSR_2</name>
         <value>0x9e8e</value>
         <object_component_ref idref="oc-e8"/>
      </symbol>
      <symbol id="sm-661">
         <name>I_LSR_1</name>
         <value>0x9e92</value>
         <object_component_ref idref="oc-e8"/>
      </symbol>
      <symbol id="sm-662">
         <name>I_LSR_7</name>
         <value>0x9e7a</value>
         <object_component_ref idref="oc-e8"/>
      </symbol>
      <symbol id="sm-663">
         <name>I_LSR_6</name>
         <value>0x9e7e</value>
         <object_component_ref idref="oc-e8"/>
      </symbol>
      <symbol id="sm-664">
         <name>I_LSR_5</name>
         <value>0x9e82</value>
         <object_component_ref idref="oc-e8"/>
      </symbol>
      <symbol id="sm-665">
         <name>I_LSR_4</name>
         <value>0x9e86</value>
         <object_component_ref idref="oc-e8"/>
      </symbol>
      <symbol id="sm-666">
         <name>I_LSR_9</name>
         <value>0x9e72</value>
         <object_component_ref idref="oc-e8"/>
      </symbol>
      <symbol id="sm-667">
         <name>I_LSR_8</name>
         <value>0x9e76</value>
         <object_component_ref idref="oc-e8"/>
      </symbol>
      <symbol id="sm-676">
         <name>memcmp</name>
         <value>0xa96e</value>
         <object_component_ref idref="oc-18a"/>
      </symbol>
      <symbol id="sm-684">
         <name>memcpy</name>
         <value>0xabe0</value>
         <object_component_ref idref="oc-12a"/>
      </symbol>
      <symbol id="sm-692">
         <name>memset</name>
         <value>0xab80</value>
         <object_component_ref idref="oc-15b"/>
      </symbol>
      <symbol id="sm-6a9">
         <name>__mpyi</name>
         <value>0xaba8</value>
         <object_component_ref idref="oc-101"/>
      </symbol>
      <symbol id="sm-6b7">
         <name>__mpyl</name>
         <value>0xa8e0</value>
         <object_component_ref idref="oc-106"/>
      </symbol>
      <symbol id="sm-6c3">
         <name>_system_pre_init</name>
         <value>0xad40</value>
         <object_component_ref idref="oc-125"/>
      </symbol>
      <symbol id="sm-6d1">
         <name>_nop</name>
         <value>0xad50</value>
         <object_component_ref idref="oc-124"/>
      </symbol>
      <symbol id="sm-6d2">
         <name>_lock</name>
         <value>0x3ca</value>
         <object_component_ref idref="oc-110"/>
      </symbol>
      <symbol id="sm-6d3">
         <name>_unlock</name>
         <value>0x3cc</value>
         <object_component_ref idref="oc-110"/>
      </symbol>
      <symbol id="sm-6dd">
         <name>__TI_args_main</name>
         <value>0x1</value>
      </symbol>
      <symbol id="sm-6ef">
         <name>_auto_init</name>
         <value>0x9ee2</value>
         <object_component_ref idref="oc-126"/>
      </symbol>
      <symbol id="sm-6f0">
         <name>__TI_auto_init</name>
         <value>0x1</value>
      </symbol>
   </symbol_table>
   <title>Link successful</title>
</link_info>
