******************************************************************************
                  MSP430 Linker PC v4.3.5                      
******************************************************************************
>> Linked Tue Oct 27 10:22:25 2015

OUTPUT FILE NAME:   <photodiode_test.out>
ENTRY POINT SYMBOL: "_c_int00"  address: 00008294


MEMORY CONFIGURATION

         name            origin    length      used     unused   attr    fill
----------------------  --------  ---------  --------  --------  ----  --------
  SFR                   00000000   00000010  00000000  00000010  RWIX
  PERIPHERALS_8BIT      00000010   000000f0  00000000  000000f0  RWIX
  PERIPHERALS_16BIT     00000100   00000100  00000000  00000100  RWIX
  RAM                   00000200   00000400  00000052  000003ae  RWIX
  INFOD                 00001000   00000040  00000000  00000040  RWIX
  INFOC                 00001040   00000040  00000000  00000040  RWIX
  INFOB                 00001080   00000040  00000000  00000040  RWIX
  INFOA                 000010c0   00000040  00000000  00000040  RWIX
  FLASH                 00008000   00007fde  0000035d  00007c81  RWIX
  INT00                 0000ffe0   00000002  00000000  00000002  RWIX
  INT01                 0000ffe2   00000002  00000000  00000002  RWIX
  INT02                 0000ffe4   00000002  00000002  00000000  RWIX
  INT03                 0000ffe6   00000002  00000002  00000000  RWIX
  INT04                 0000ffe8   00000002  00000000  00000002  RWIX
  INT05                 0000ffea   00000002  00000002  00000000  RWIX
  INT06                 0000ffec   00000002  00000002  00000000  RWIX
  INT07                 0000ffee   00000002  00000002  00000000  RWIX
  INT08                 0000fff0   00000002  00000002  00000000  RWIX
  INT09                 0000fff2   00000002  00000002  00000000  RWIX
  INT10                 0000fff4   00000002  00000002  00000000  RWIX
  INT11                 0000fff6   00000002  00000000  00000002  RWIX
  INT12                 0000fff8   00000002  00000002  00000000  RWIX
  INT13                 0000fffa   00000002  00000002  00000000  RWIX
  INT14                 0000fffc   00000002  00000002  00000000  RWIX
  RESET                 0000fffe   00000002  00000002  00000000  RWIX


SECTION ALLOCATION MAP

 output                                  attributes/
section   page    origin      length       input sections
--------  ----  ----------  ----------   ----------------
.init_array 
*          0    00008000    00000000     UNINITIALIZED

.bss       0    00000200    00000002     UNINITIALIZED
                  00000200    00000002     (.common:Vpd)

.TI.noinit 
*          0    00000200    00000000     UNINITIALIZED

.stack     0    000005b0    00000050     UNINITIALIZED
                  000005b0    00000002     rts430_eabi.lib : boot.obj (.stack)
                  000005b2    0000004e     --HOLE--

.text      0    00008000    00000346     
                  00008000    00000088     main.obj (.text:TXData)
                  00008088    0000005e     rts430_eabi.lib : autoinit.obj (.text:_auto_init)
                  000080e6    0000005c                     : lsr32.obj (.text:l_lsr_const)
                  00008142    00000054     main.obj (.text:main)
                  00008196    00000032     main.obj (.text:ReadADC_1_5)
                  000081c8    00000030     main.obj (.text:USCI_A_Init)
                  000081f8    0000002e     main.obj (.text:Read_PD)
                  00008226    0000002c     main.obj (.text:delay)
                  00008252    00000026     rts430_eabi.lib : mult32.obj (.text)
                  00008278    0000001c     main.obj (.text:TXString)
                  00008294    0000001a     rts430_eabi.lib : boot.obj (.text:_c_int00_noexit)
                  000082ae    00000016                     : div16u.obj (.text)
                  000082c4    00000014                     : copy_zero_init.obj (.text:decompress:ZI:__TI_zero_init)
                  000082d8    00000012     main.obj (.text:Set_TimerB)
                  000082ea    00000012     rts430_eabi.lib : memcpy.obj (.text:memcpy)
                  000082fc    00000010                     : epilog.obj (.text)
                  0000830c    0000000e     main.obj (.text:OA0_Config)
                  0000831a    00000008     main.obj (.text:ADC10_ISR)
                  00008322    00000008     main.obj (.text:Stop_OA0)
                  0000832a    00000008     main.obj (.text:TimerB_ISR)
                  00008332    00000006     main.obj (.text:Start_OA0_Slow)
                  00008338    00000006     rts430_eabi.lib : isr_trap.obj (.text:_isr:__TI_ISR_TRAP)
                  0000833e    00000004                     : pre_init.obj (.text:_system_pre_init)
                  00008342    00000004                     : exit.obj (.text:abort)

.const     0    00008346    0000000d     
                  00008346    00000008     main.obj (.const:.string)
                  0000834e    00000005     main.obj (.const:.string:$P$T0$1)

.cinit     0    00008354    0000000a     
                  00008354    00000004     (.cinit..bss.load) [load image, compression = zero_init]
                  00008358    00000002     (__TI_handler_table)
                  0000835a    00000004     (__TI_cinit_table)

PORT1      0    0000ffe4    00000002     
                  0000ffe4    00000002     rts430_eabi.lib : int02.obj (.int02)

PORT2      0    0000ffe6    00000002     
                  0000ffe6    00000002     rts430_eabi.lib : int03.obj (.int03)

ADC10      0    0000ffea    00000002     
                  0000ffea    00000002     main.obj (.int05)

USCIAB0TX 
*          0    0000ffec    00000002     
                  0000ffec    00000002     rts430_eabi.lib : int06.obj (.int06)

USCIAB0RX 
*          0    0000ffee    00000002     
                  0000ffee    00000002     rts430_eabi.lib : int07.obj (.int07)

TIMERA1    0    0000fff0    00000002     
                  0000fff0    00000002     rts430_eabi.lib : int08.obj (.int08)

TIMERA0    0    0000fff2    00000002     
                  0000fff2    00000002     rts430_eabi.lib : int09.obj (.int09)

WDT        0    0000fff4    00000002     
                  0000fff4    00000002     rts430_eabi.lib : int10.obj (.int10)

TIMERB1    0    0000fff8    00000002     
                  0000fff8    00000002     rts430_eabi.lib : int12.obj (.int12)

TIMERB0    0    0000fffa    00000002     
                  0000fffa    00000002     main.obj (.int13)

NMI        0    0000fffc    00000002     
                  0000fffc    00000002     rts430_eabi.lib : int14.obj (.int14)

.reset     0    0000fffe    00000002     
                  0000fffe    00000002     rts430_eabi.lib : boot.obj (.reset)


LINKER GENERATED COPY TABLES

__TI_cinit_table @ 0000835a records: 1, size/record: 4, table size: 4
	.bss: load addr=00008354, load size=00000004 bytes, run addr=00000200, run size=00000002 bytes, compression=zero_init


LINKER GENERATED HANDLER TABLE

__TI_handler_table @ 00008358 records: 1, size/record: 2, table size: 2
	index: 0, handler: __TI_zero_init


GLOBAL SYMBOLS: SORTED ALPHABETICALLY BY Name 

address    name
--------   ----
0000004a   ADC10AE0
0000004b   ADC10AE1
000001b0   ADC10CTL0
000001b2   ADC10CTL1
00000048   ADC10DTC0
00000049   ADC10DTC1
000001b4   ADC10MEM
000001bc   ADC10SA
0000831a   ADC10_ISR
00000057   BCSCTL1
00000058   BCSCTL2
00000053   BCSCTL3
00008342   C$$EXIT
000010fb   CALBC1_12MHZ
000010f9   CALBC1_16MHZ
000010ff   CALBC1_1MHZ
000010fd   CALBC1_8MHZ
000010fa   CALDCO_12MHZ
000010f8   CALDCO_16MHZ
000010fe   CALDCO_1MHZ
000010fc   CALDCO_8MHZ
00000056   DCOCTL
00000128   FCTL1
0000012a   FCTL2
0000012c   FCTL3
00000000   IE1
00000001   IE2
00000002   IFG1
00000003   IFG2
000000c0   OA0CTL0
000000c1   OA0CTL1
0000830c   OA0_Config
000000c2   OA1CTL0
000000c3   OA1CTL1
00000022   P1DIR
00000025   P1IE
00000024   P1IES
00000023   P1IFG
00000020   P1IN
00000021   P1OUT
00000027   P1REN
00000026   P1SEL
0000002a   P2DIR
0000002d   P2IE
0000002c   P2IES
0000002b   P2IFG
00000028   P2IN
00000029   P2OUT
0000002f   P2REN
0000002e   P2SEL
0000001a   P3DIR
00000018   P3IN
00000019   P3OUT
00000010   P3REN
0000001b   P3SEL
0000001e   P4DIR
0000001c   P4IN
0000001d   P4OUT
00000011   P4REN
0000001f   P4SEL
00008196   ReadADC_1_5
000081f8   Read_PD
000082d8   Set_TimerB
00008332   Start_OA0_Slow
00008322   Stop_OA0
00000172   TACCR0
00000174   TACCR1
00000176   TACCR2
00000162   TACCTL0
00000164   TACCTL1
00000166   TACCTL2
00000160   TACTL
0000012e   TAIV
00000170   TAR
00000192   TBCCR0
00000194   TBCCR1
00000196   TBCCR2
00000182   TBCCTL0
00000184   TBCCTL1
00000186   TBCCTL2
00000180   TBCTL
0000011e   TBIV
00000190   TBR
00008000   TXData
00008278   TXString
0000832a   TimerB_ISR
0000005d   UCA0ABCTL
00000062   UCA0BR0
00000063   UCA0BR1
00000060   UCA0CTL0
00000061   UCA0CTL1
0000005f   UCA0IRRCTL
0000005e   UCA0IRTCTL
00000064   UCA0MCTL
00000066   UCA0RXBUF
00000065   UCA0STAT
00000067   UCA0TXBUF
0000006a   UCB0BR0
0000006b   UCB0BR1
00000068   UCB0CTL0
00000069   UCB0CTL1
0000006c   UCB0I2CIE
00000118   UCB0I2COA
0000011a   UCB0I2CSA
0000006e   UCB0RXBUF
0000006d   UCB0STAT
0000006f   UCB0TXBUF
000081c8   USCI_A_Init
00000200   Vpd
00000120   WDTCTL
00000600   __STACK_END
00000050   __STACK_SIZE
0000835a   __TI_CINIT_Base
0000835e   __TI_CINIT_Limit
00008358   __TI_Handler_Table_Base
0000835a   __TI_Handler_Table_Limit
UNDEFED    __TI_INITARRAY_Base
UNDEFED    __TI_INITARRAY_Limit
00008338   __TI_ISR_TRAP
00000001   __TI_args_main
00000001   __TI_exit
0000ffe4   __TI_int02
0000ffe6   __TI_int03
0000ffea   __TI_int05
0000ffec   __TI_int06
0000ffee   __TI_int07
0000fff0   __TI_int08
0000fff2   __TI_int09
0000fff4   __TI_int10
0000fff8   __TI_int12
0000fffa   __TI_int13
0000fffc   __TI_int14
000082c4   __TI_zero_init
ffffffff   __binit__
ffffffff   __c_args__
000082ae   __mspabi_divu
00008308   __mspabi_func_epilog_1
00008306   __mspabi_func_epilog_2
00008304   __mspabi_func_epilog_3
00008302   __mspabi_func_epilog_4
00008300   __mspabi_func_epilog_5
000082fe   __mspabi_func_epilog_6
000082fc   __mspabi_func_epilog_7
00008252   __mspabi_mpyl
000082ae   __mspabi_remu
0000813a   __mspabi_srll_1
00008104   __mspabi_srll_10
000080fe   __mspabi_srll_11
000080f8   __mspabi_srll_12
000080f2   __mspabi_srll_13
000080ec   __mspabi_srll_14
000080e6   __mspabi_srll_15
00008134   __mspabi_srll_2
0000812e   __mspabi_srll_3
00008128   __mspabi_srll_4
00008122   __mspabi_srll_5
0000811c   __mspabi_srll_6
00008116   __mspabi_srll_7
00008110   __mspabi_srll_8
0000810a   __mspabi_srll_9
00008088   _auto_init
00008294   _c_int00
00008294   _c_int00_noexit
0000fffe   _reset_vector
000005b0   _stack
0000833e   _system_pre_init
00008342   abort
ffffffff   binit
00008226   delay
00008142   main
000082ea   memcpy


GLOBAL SYMBOLS: SORTED BY Symbol Address 

address    name
--------   ----
00000000   IE1
00000001   IE2
00000001   __TI_args_main
00000001   __TI_exit
00000002   IFG1
00000003   IFG2
00000010   P3REN
00000011   P4REN
00000018   P3IN
00000019   P3OUT
0000001a   P3DIR
0000001b   P3SEL
0000001c   P4IN
0000001d   P4OUT
0000001e   P4DIR
0000001f   P4SEL
00000020   P1IN
00000021   P1OUT
00000022   P1DIR
00000023   P1IFG
00000024   P1IES
00000025   P1IE
00000026   P1SEL
00000027   P1REN
00000028   P2IN
00000029   P2OUT
0000002a   P2DIR
0000002b   P2IFG
0000002c   P2IES
0000002d   P2IE
0000002e   P2SEL
0000002f   P2REN
00000048   ADC10DTC0
00000049   ADC10DTC1
0000004a   ADC10AE0
0000004b   ADC10AE1
00000050   __STACK_SIZE
00000053   BCSCTL3
00000056   DCOCTL
00000057   BCSCTL1
00000058   BCSCTL2
0000005d   UCA0ABCTL
0000005e   UCA0IRTCTL
0000005f   UCA0IRRCTL
00000060   UCA0CTL0
00000061   UCA0CTL1
00000062   UCA0BR0
00000063   UCA0BR1
00000064   UCA0MCTL
00000065   UCA0STAT
00000066   UCA0RXBUF
00000067   UCA0TXBUF
00000068   UCB0CTL0
00000069   UCB0CTL1
0000006a   UCB0BR0
0000006b   UCB0BR1
0000006c   UCB0I2CIE
0000006d   UCB0STAT
0000006e   UCB0RXBUF
0000006f   UCB0TXBUF
000000c0   OA0CTL0
000000c1   OA0CTL1
000000c2   OA1CTL0
000000c3   OA1CTL1
00000118   UCB0I2COA
0000011a   UCB0I2CSA
0000011e   TBIV
00000120   WDTCTL
00000128   FCTL1
0000012a   FCTL2
0000012c   FCTL3
0000012e   TAIV
00000160   TACTL
00000162   TACCTL0
00000164   TACCTL1
00000166   TACCTL2
00000170   TAR
00000172   TACCR0
00000174   TACCR1
00000176   TACCR2
00000180   TBCTL
00000182   TBCCTL0
00000184   TBCCTL1
00000186   TBCCTL2
00000190   TBR
00000192   TBCCR0
00000194   TBCCR1
00000196   TBCCR2
000001b0   ADC10CTL0
000001b2   ADC10CTL1
000001b4   ADC10MEM
000001bc   ADC10SA
00000200   Vpd
000005b0   _stack
00000600   __STACK_END
000010f8   CALDCO_16MHZ
000010f9   CALBC1_16MHZ
000010fa   CALDCO_12MHZ
000010fb   CALBC1_12MHZ
000010fc   CALDCO_8MHZ
000010fd   CALBC1_8MHZ
000010fe   CALDCO_1MHZ
000010ff   CALBC1_1MHZ
00008000   TXData
00008088   _auto_init
000080e6   __mspabi_srll_15
000080ec   __mspabi_srll_14
000080f2   __mspabi_srll_13
000080f8   __mspabi_srll_12
000080fe   __mspabi_srll_11
00008104   __mspabi_srll_10
0000810a   __mspabi_srll_9
00008110   __mspabi_srll_8
00008116   __mspabi_srll_7
0000811c   __mspabi_srll_6
00008122   __mspabi_srll_5
00008128   __mspabi_srll_4
0000812e   __mspabi_srll_3
00008134   __mspabi_srll_2
0000813a   __mspabi_srll_1
00008142   main
00008196   ReadADC_1_5
000081c8   USCI_A_Init
000081f8   Read_PD
00008226   delay
00008252   __mspabi_mpyl
00008278   TXString
00008294   _c_int00
00008294   _c_int00_noexit
000082ae   __mspabi_divu
000082ae   __mspabi_remu
000082c4   __TI_zero_init
000082d8   Set_TimerB
000082ea   memcpy
000082fc   __mspabi_func_epilog_7
000082fe   __mspabi_func_epilog_6
00008300   __mspabi_func_epilog_5
00008302   __mspabi_func_epilog_4
00008304   __mspabi_func_epilog_3
00008306   __mspabi_func_epilog_2
00008308   __mspabi_func_epilog_1
0000830c   OA0_Config
0000831a   ADC10_ISR
00008322   Stop_OA0
0000832a   TimerB_ISR
00008332   Start_OA0_Slow
00008338   __TI_ISR_TRAP
0000833e   _system_pre_init
00008342   C$$EXIT
00008342   abort
00008358   __TI_Handler_Table_Base
0000835a   __TI_CINIT_Base
0000835a   __TI_Handler_Table_Limit
0000835e   __TI_CINIT_Limit
0000ffe4   __TI_int02
0000ffe6   __TI_int03
0000ffea   __TI_int05
0000ffec   __TI_int06
0000ffee   __TI_int07
0000fff0   __TI_int08
0000fff2   __TI_int09
0000fff4   __TI_int10
0000fff8   __TI_int12
0000fffa   __TI_int13
0000fffc   __TI_int14
0000fffe   _reset_vector
ffffffff   __binit__
ffffffff   __c_args__
ffffffff   binit
UNDEFED    __TI_INITARRAY_Base
UNDEFED    __TI_INITARRAY_Limit

[171 symbols]
