<?xml version="1.0"?>
<link_info>
   <banner>MSP430 Linker PC v4.3.5</banner>
   <copyright>Copyright (c) 2003-2014 Texas Instruments Incorporated</copyright>
   <link_time>0x562a955d</link_time>
   <link_errors>0x0</link_errors>
   <output_file>APasdatahub.out</output_file>
   <entry_point>
      <name>_c_int00</name>
      <address>0xab5e</address>
   </entry_point>
   <input_file_list>
      <input_file id="fl-2">
         <path>.\Peer Applications\</path>
         <kind>object</kind>
         <file>SEH_ED_v1.5.obj</file>
         <name>SEH_ED_v1.5.obj</name>
      </input_file>
      <input_file id="fl-3">
         <path>.\Peer Applications\</path>
         <kind>object</kind>
         <file>vlo_rand.obj</file>
         <name>vlo_rand.obj</name>
      </input_file>
      <input_file id="fl-4">
         <path>.\Components\simpliciti\nwk\</path>
         <kind>object</kind>
         <file>nwk.obj</file>
         <name>nwk.obj</name>
      </input_file>
      <input_file id="fl-5">
         <path>.\Components\simpliciti\nwk\</path>
         <kind>object</kind>
         <file>nwk_QMgmt.obj</file>
         <name>nwk_QMgmt.obj</name>
      </input_file>
      <input_file id="fl-6">
         <path>.\Components\simpliciti\nwk\</path>
         <kind>object</kind>
         <file>nwk_api.obj</file>
         <name>nwk_api.obj</name>
      </input_file>
      <input_file id="fl-7">
         <path>.\Components\simpliciti\nwk\</path>
         <kind>object</kind>
         <file>nwk_frame.obj</file>
         <name>nwk_frame.obj</name>
      </input_file>
      <input_file id="fl-8">
         <path>.\Components\simpliciti\nwk\</path>
         <kind>object</kind>
         <file>nwk_globals.obj</file>
         <name>nwk_globals.obj</name>
      </input_file>
      <input_file id="fl-9">
         <path>.\Components\simpliciti\network_applications\</path>
         <kind>object</kind>
         <file>nwk_freq.obj</file>
         <name>nwk_freq.obj</name>
      </input_file>
      <input_file id="fl-a">
         <path>.\Components\simpliciti\network_applications\</path>
         <kind>object</kind>
         <file>nwk_ioctl.obj</file>
         <name>nwk_ioctl.obj</name>
      </input_file>
      <input_file id="fl-b">
         <path>.\Components\simpliciti\network_applications\</path>
         <kind>object</kind>
         <file>nwk_join.obj</file>
         <name>nwk_join.obj</name>
      </input_file>
      <input_file id="fl-c">
         <path>.\Components\simpliciti\network_applications\</path>
         <kind>object</kind>
         <file>nwk_link.obj</file>
         <name>nwk_link.obj</name>
      </input_file>
      <input_file id="fl-d">
         <path>.\Components\simpliciti\network_applications\</path>
         <kind>object</kind>
         <file>nwk_mgmt.obj</file>
         <name>nwk_mgmt.obj</name>
      </input_file>
      <input_file id="fl-e">
         <path>.\Components\simpliciti\network_applications\</path>
         <kind>object</kind>
         <file>nwk_ping.obj</file>
         <name>nwk_ping.obj</name>
      </input_file>
      <input_file id="fl-f">
         <path>.\Components\simpliciti\network_applications\</path>
         <kind>object</kind>
         <file>nwk_security.obj</file>
         <name>nwk_security.obj</name>
      </input_file>
      <input_file id="fl-10">
         <path>.\Components\mrfi\</path>
         <kind>object</kind>
         <file>mrfi.obj</file>
         <name>mrfi.obj</name>
      </input_file>
      <input_file id="fl-11">
         <path>.\Components\bsp\</path>
         <kind>object</kind>
         <file>bsp.obj</file>
         <name>bsp.obj</name>
      </input_file>
      <input_file id="fl-3e">
         <path>c:\ti\ccsv6\tools\compiler\msp430_4.3.5\lib\</path>
         <kind>archive</kind>
         <file>rts430.lib</file>
         <name>asr32.obj</name>
      </input_file>
      <input_file id="fl-3f">
         <path>c:\ti\ccsv6\tools\compiler\msp430_4.3.5\lib\</path>
         <kind>archive</kind>
         <file>rts430.lib</file>
         <name>boot.obj</name>
      </input_file>
      <input_file id="fl-40">
         <path>c:\ti\ccsv6\tools\compiler\msp430_4.3.5\lib\</path>
         <kind>archive</kind>
         <file>rts430.lib</file>
         <name>copy_decompress_none.obj</name>
      </input_file>
      <input_file id="fl-41">
         <path>c:\ti\ccsv6\tools\compiler\msp430_4.3.5\lib\</path>
         <kind>archive</kind>
         <file>rts430.lib</file>
         <name>copy_decompress_rle.obj</name>
      </input_file>
      <input_file id="fl-42">
         <path>c:\ti\ccsv6\tools\compiler\msp430_4.3.5\lib\</path>
         <kind>archive</kind>
         <file>rts430.lib</file>
         <name>copy_zero_init.obj</name>
      </input_file>
      <input_file id="fl-43">
         <path>c:\ti\ccsv6\tools\compiler\msp430_4.3.5\lib\</path>
         <kind>archive</kind>
         <file>rts430.lib</file>
         <name>div16s.obj</name>
      </input_file>
      <input_file id="fl-44">
         <path>c:\ti\ccsv6\tools\compiler\msp430_4.3.5\lib\</path>
         <kind>archive</kind>
         <file>rts430.lib</file>
         <name>div16u.obj</name>
      </input_file>
      <input_file id="fl-45">
         <path>c:\ti\ccsv6\tools\compiler\msp430_4.3.5\lib\</path>
         <kind>archive</kind>
         <file>rts430.lib</file>
         <name>div32u.obj</name>
      </input_file>
      <input_file id="fl-46">
         <path>c:\ti\ccsv6\tools\compiler\msp430_4.3.5\lib\</path>
         <kind>archive</kind>
         <file>rts430.lib</file>
         <name>epilog.obj</name>
      </input_file>
      <input_file id="fl-47">
         <path>c:\ti\ccsv6\tools\compiler\msp430_4.3.5\lib\</path>
         <kind>archive</kind>
         <file>rts430.lib</file>
         <name>exit.obj</name>
      </input_file>
      <input_file id="fl-48">
         <path>c:\ti\ccsv6\tools\compiler\msp430_4.3.5\lib\</path>
         <kind>archive</kind>
         <file>rts430.lib</file>
         <name>fs_add.obj</name>
      </input_file>
      <input_file id="fl-49">
         <path>c:\ti\ccsv6\tools\compiler\msp430_4.3.5\lib\</path>
         <kind>archive</kind>
         <file>rts430.lib</file>
         <name>fs_mpy.obj</name>
      </input_file>
      <input_file id="fl-4a">
         <path>c:\ti\ccsv6\tools\compiler\msp430_4.3.5\lib\</path>
         <kind>archive</kind>
         <file>rts430.lib</file>
         <name>fs_toi.obj</name>
      </input_file>
      <input_file id="fl-4b">
         <path>c:\ti\ccsv6\tools\compiler\msp430_4.3.5\lib\</path>
         <kind>archive</kind>
         <file>rts430.lib</file>
         <name>fs_tou.obj</name>
      </input_file>
      <input_file id="fl-4c">
         <path>c:\ti\ccsv6\tools\compiler\msp430_4.3.5\lib\</path>
         <kind>archive</kind>
         <file>rts430.lib</file>
         <name>fs_utof.obj</name>
      </input_file>
      <input_file id="fl-4d">
         <path>c:\ti\ccsv6\tools\compiler\msp430_4.3.5\lib\</path>
         <kind>archive</kind>
         <file>rts430.lib</file>
         <name>int00.obj</name>
      </input_file>
      <input_file id="fl-4e">
         <path>c:\ti\ccsv6\tools\compiler\msp430_4.3.5\lib\</path>
         <kind>archive</kind>
         <file>rts430.lib</file>
         <name>int01.obj</name>
      </input_file>
      <input_file id="fl-4f">
         <path>c:\ti\ccsv6\tools\compiler\msp430_4.3.5\lib\</path>
         <kind>archive</kind>
         <file>rts430.lib</file>
         <name>int04.obj</name>
      </input_file>
      <input_file id="fl-50">
         <path>c:\ti\ccsv6\tools\compiler\msp430_4.3.5\lib\</path>
         <kind>archive</kind>
         <file>rts430.lib</file>
         <name>int08.obj</name>
      </input_file>
      <input_file id="fl-51">
         <path>c:\ti\ccsv6\tools\compiler\msp430_4.3.5\lib\</path>
         <kind>archive</kind>
         <file>rts430.lib</file>
         <name>int09.obj</name>
      </input_file>
      <input_file id="fl-52">
         <path>c:\ti\ccsv6\tools\compiler\msp430_4.3.5\lib\</path>
         <kind>archive</kind>
         <file>rts430.lib</file>
         <name>int10.obj</name>
      </input_file>
      <input_file id="fl-53">
         <path>c:\ti\ccsv6\tools\compiler\msp430_4.3.5\lib\</path>
         <kind>archive</kind>
         <file>rts430.lib</file>
         <name>int11.obj</name>
      </input_file>
      <input_file id="fl-54">
         <path>c:\ti\ccsv6\tools\compiler\msp430_4.3.5\lib\</path>
         <kind>archive</kind>
         <file>rts430.lib</file>
         <name>int12.obj</name>
      </input_file>
      <input_file id="fl-55">
         <path>c:\ti\ccsv6\tools\compiler\msp430_4.3.5\lib\</path>
         <kind>archive</kind>
         <file>rts430.lib</file>
         <name>int14.obj</name>
      </input_file>
      <input_file id="fl-56">
         <path>c:\ti\ccsv6\tools\compiler\msp430_4.3.5\lib\</path>
         <kind>archive</kind>
         <file>rts430.lib</file>
         <name>isr_trap.obj</name>
      </input_file>
      <input_file id="fl-57">
         <path>c:\ti\ccsv6\tools\compiler\msp430_4.3.5\lib\</path>
         <kind>archive</kind>
         <file>rts430.lib</file>
         <name>lsl32.obj</name>
      </input_file>
      <input_file id="fl-58">
         <path>c:\ti\ccsv6\tools\compiler\msp430_4.3.5\lib\</path>
         <kind>archive</kind>
         <file>rts430.lib</file>
         <name>lsr16.obj</name>
      </input_file>
      <input_file id="fl-59">
         <path>c:\ti\ccsv6\tools\compiler\msp430_4.3.5\lib\</path>
         <kind>archive</kind>
         <file>rts430.lib</file>
         <name>lsr32.obj</name>
      </input_file>
      <input_file id="fl-5a">
         <path>c:\ti\ccsv6\tools\compiler\msp430_4.3.5\lib\</path>
         <kind>archive</kind>
         <file>rts430.lib</file>
         <name>memcmp.obj</name>
      </input_file>
      <input_file id="fl-5b">
         <path>c:\ti\ccsv6\tools\compiler\msp430_4.3.5\lib\</path>
         <kind>archive</kind>
         <file>rts430.lib</file>
         <name>memcpy.obj</name>
      </input_file>
      <input_file id="fl-5c">
         <path>c:\ti\ccsv6\tools\compiler\msp430_4.3.5\lib\</path>
         <kind>archive</kind>
         <file>rts430.lib</file>
         <name>memset.obj</name>
      </input_file>
      <input_file id="fl-5d">
         <path>c:\ti\ccsv6\tools\compiler\msp430_4.3.5\lib\</path>
         <kind>archive</kind>
         <file>rts430.lib</file>
         <name>mpu_init.obj</name>
      </input_file>
      <input_file id="fl-5e">
         <path>c:\ti\ccsv6\tools\compiler\msp430_4.3.5\lib\</path>
         <kind>archive</kind>
         <file>rts430.lib</file>
         <name>mult16.obj</name>
      </input_file>
      <input_file id="fl-5f">
         <path>c:\ti\ccsv6\tools\compiler\msp430_4.3.5\lib\</path>
         <kind>archive</kind>
         <file>rts430.lib</file>
         <name>mult32.obj</name>
      </input_file>
      <input_file id="fl-60">
         <path>c:\ti\ccsv6\tools\compiler\msp430_4.3.5\lib\</path>
         <kind>archive</kind>
         <file>rts430.lib</file>
         <name>pre_init.obj</name>
      </input_file>
      <input_file id="fl-61">
         <path>c:\ti\ccsv6\tools\compiler\msp430_4.3.5\lib\</path>
         <kind>archive</kind>
         <file>rts430.lib</file>
         <name>_lock.obj</name>
      </input_file>
      <input_file id="fl-62">
         <path>c:\ti\ccsv6\tools\compiler\msp430_4.3.5\lib\</path>
         <kind>archive</kind>
         <file>rts430.lib</file>
         <name>args_main.obj</name>
      </input_file>
      <input_file id="fl-63">
         <path>c:\ti\ccsv6\tools\compiler\msp430_4.3.5\lib\</path>
         <kind>archive</kind>
         <file>rts430.lib</file>
         <name>autoinit.obj</name>
      </input_file>
   </input_file_list>
   <object_component_list>
      <object_component id="oc-2e">
         <name>.bss</name>
         <uninitialized>true</uninitialized>
         <run_address>0x290</run_address>
         <size>0x7e</size>
         <input_file_ref idref="fl-2"/>
      </object_component>
      <object_component id="oc-3b">
         <name>.bss</name>
         <uninitialized>true</uninitialized>
         <run_address>0x33e</run_address>
         <size>0x26</size>
         <input_file_ref idref="fl-4"/>
      </object_component>
      <object_component id="oc-42">
         <name>.bss</name>
         <uninitialized>true</uninitialized>
         <run_address>0x200</run_address>
         <size>0x90</size>
         <input_file_ref idref="fl-5"/>
      </object_component>
      <object_component id="oc-48">
         <name>.bss</name>
         <uninitialized>true</uninitialized>
         <run_address>0x36d</run_address>
         <size>0x1</size>
         <input_file_ref idref="fl-6"/>
      </object_component>
      <object_component id="oc-4f">
         <name>.bss</name>
         <uninitialized>true</uninitialized>
         <run_address>0x36e</run_address>
         <size>0x8</size>
         <input_file_ref idref="fl-7"/>
      </object_component>
      <object_component id="oc-56">
         <name>.bss</name>
         <uninitialized>true</uninitialized>
         <run_address>0x364</run_address>
         <size>0x9</size>
         <input_file_ref idref="fl-8"/>
      </object_component>
      <object_component id="oc-5e">
         <name>.bss</name>
         <uninitialized>true</uninitialized>
         <run_address>0x391</run_address>
         <size>0x2</size>
         <input_file_ref idref="fl-9"/>
      </object_component>
      <object_component id="oc-6a">
         <name>.bss</name>
         <uninitialized>true</uninitialized>
         <run_address>0x376</run_address>
         <size>0x7</size>
         <input_file_ref idref="fl-b"/>
      </object_component>
      <object_component id="oc-71">
         <name>.bss</name>
         <uninitialized>true</uninitialized>
         <run_address>0x37e</run_address>
         <size>0x7</size>
         <input_file_ref idref="fl-c"/>
      </object_component>
      <object_component id="oc-78">
         <name>.bss</name>
         <uninitialized>true</uninitialized>
         <run_address>0x38e</run_address>
         <size>0x3</size>
         <input_file_ref idref="fl-d"/>
      </object_component>
      <object_component id="oc-7f">
         <name>.bss</name>
         <uninitialized>true</uninitialized>
         <run_address>0x37d</run_address>
         <size>0x1</size>
         <input_file_ref idref="fl-e"/>
      </object_component>
      <object_component id="oc-8b">
         <name>.bss</name>
         <uninitialized>true</uninitialized>
         <run_address>0x30e</run_address>
         <size>0x30</size>
         <input_file_ref idref="fl-10"/>
      </object_component>
      <object_component id="oc-9b">
         <name>.bss</name>
         <uninitialized>true</uninitialized>
         <run_address>0x38a</run_address>
         <size>0x4</size>
         <input_file_ref idref="fl-3f"/>
      </object_component>
      <object_component id="oc-118">
         <name>.bss</name>
         <uninitialized>true</uninitialized>
         <run_address>0x386</run_address>
         <size>0x4</size>
         <input_file_ref idref="fl-61"/>
      </object_component>
      <object_component id="oc-9d">
         <name>.stack</name>
         <uninitialized>true</uninitialized>
         <run_address>0x5b0</run_address>
         <size>0x2</size>
         <input_file_ref idref="fl-3f"/>
      </object_component>
      <object_component id="oc-1ec">
         <name>.stack</name>
         <uninitialized>true</uninitialized>
         <run_address>0x5b0</run_address>
         <size>0x0</size>
      </object_component>
      <object_component id="oc-13c">
         <name>.text:linkTo</name>
         <load_address>0x8000</load_address>
         <run_address>0x8000</run_address>
         <size>0x4ae</size>
         <input_file_ref idref="fl-2"/>
      </object_component>
      <object_component id="oc-18e">
         <name>.text:status_indicator</name>
         <load_address>0x84ae</load_address>
         <run_address>0x84ae</run_address>
         <size>0x1a2</size>
         <input_file_ref idref="fl-2"/>
      </object_component>
      <object_component id="oc-148">
         <name>.text:MRFI_Init</name>
         <load_address>0x8650</load_address>
         <run_address>0x8650</run_address>
         <size>0x196</size>
         <input_file_ref idref="fl-10"/>
      </object_component>
      <object_component id="oc-131">
         <name>.text:main</name>
         <load_address>0x87e6</load_address>
         <run_address>0x87e6</run_address>
         <size>0x170</size>
         <input_file_ref idref="fl-2"/>
      </object_component>
      <object_component id="oc-1c0">
         <name>.text:smpl_send_link_reply</name>
         <load_address>0x8956</load_address>
         <run_address>0x8956</run_address>
         <size>0x16c</size>
         <input_file_ref idref="fl-c"/>
      </object_component>
      <object_component id="oc-18d">
         <name>.text:nwk_link</name>
         <load_address>0x8ac2</load_address>
         <run_address>0x8ac2</run_address>
         <size>0x14a</size>
         <input_file_ref idref="fl-c"/>
      </object_component>
      <object_component id="oc-1a2">
         <name>.text:nwk_QfindOldest</name>
         <load_address>0x8c0c</load_address>
         <run_address>0x8c0c</run_address>
         <size>0x134</size>
         <input_file_ref idref="fl-5"/>
      </object_component>
      <object_component id="oc-ca">
         <name>.text</name>
         <load_address>0x8d40</load_address>
         <run_address>0x8d40</run_address>
         <size>0x130</size>
         <input_file_ref idref="fl-48"/>
      </object_component>
      <object_component id="oc-14f">
         <name>.text:nwk_join</name>
         <load_address>0x8e70</load_address>
         <run_address>0x8e70</run_address>
         <size>0x12c</size>
         <input_file_ref idref="fl-b"/>
      </object_component>
      <object_component id="oc-1a1">
         <name>.text:MRFI_Transmit</name>
         <load_address>0x8f9c</load_address>
         <run_address>0x8f9c</run_address>
         <size>0x102</size>
         <input_file_ref idref="fl-10"/>
      </object_component>
      <object_component id="oc-173">
         <name>.text:nwk_scanForChannels</name>
         <load_address>0x909e</load_address>
         <run_address>0x909e</run_address>
         <size>0xfe</size>
         <input_file_ref idref="fl-9"/>
      </object_component>
      <object_component id="oc-13d">
         <name>.text:Mrfi_SyncPinRxIsr</name>
         <load_address>0x919c</load_address>
         <run_address>0x919c</run_address>
         <size>0xd8</size>
         <input_file_ref idref="fl-10"/>
      </object_component>
      <object_component id="oc-1ab">
         <name>.text:nwk_allocateLocalRxPort</name>
         <load_address>0x9274</load_address>
         <run_address>0x9274</run_address>
         <size>0xd6</size>
         <input_file_ref idref="fl-4"/>
      </object_component>
      <object_component id="oc-cf">
         <name>.text</name>
         <load_address>0x934a</load_address>
         <run_address>0x934a</run_address>
         <size>0xc2</size>
         <input_file_ref idref="fl-49"/>
      </object_component>
      <object_component id="oc-36">
         <name>.text</name>
         <load_address>0x940c</load_address>
         <run_address>0x940c</run_address>
         <size>0xba</size>
         <input_file_ref idref="fl-3"/>
      </object_component>
      <object_component id="oc-12b">
         <name>.text:USCIAB0TX_ISR</name>
         <load_address>0x94c6</load_address>
         <run_address>0x94c6</run_address>
         <size>0xb0</size>
         <input_file_ref idref="fl-2"/>
      </object_component>
      <object_component id="oc-172">
         <name>.text:nwk_retrieveFrame</name>
         <load_address>0x9576</load_address>
         <run_address>0x9576</run_address>
         <size>0xac</size>
         <input_file_ref idref="fl-7"/>
      </object_component>
      <object_component id="oc-19e">
         <name>.text:dispatchFrame</name>
         <load_address>0x9622</load_address>
         <run_address>0x9622</run_address>
         <size>0xa6</size>
         <input_file_ref idref="fl-7"/>
      </object_component>
      <object_component id="oc-138">
         <name>.text:SMPL_Ioctl</name>
         <load_address>0x96c8</load_address>
         <run_address>0x96c8</run_address>
         <size>0xa2</size>
         <input_file_ref idref="fl-6"/>
      </object_component>
      <object_component id="oc-1aa">
         <name>.text:nwk_getNextConnection</name>
         <load_address>0x976a</load_address>
         <run_address>0x976a</run_address>
         <size>0x98</size>
         <input_file_ref idref="fl-4"/>
      </object_component>
      <object_component id="oc-128">
         <name>.text:Port_1</name>
         <load_address>0x9802</load_address>
         <run_address>0x9802</run_address>
         <size>0x96</size>
         <input_file_ref idref="fl-2"/>
      </object_component>
      <object_component id="oc-170">
         <name>.text:nwk_buildFrame</name>
         <load_address>0x9898</load_address>
         <run_address>0x9898</run_address>
         <size>0x8c</size>
         <input_file_ref idref="fl-7"/>
      </object_component>
      <object_component id="oc-19c">
         <name>.text:nwk_QfindSlot</name>
         <load_address>0x9924</load_address>
         <run_address>0x9924</run_address>
         <size>0x82</size>
         <input_file_ref idref="fl-5"/>
      </object_component>
      <object_component id="oc-19b">
         <name>.text:spiBurstFifoAccess</name>
         <load_address>0x99a6</load_address>
         <run_address>0x99a6</run_address>
         <size>0x82</size>
         <input_file_ref idref="fl-10"/>
      </object_component>
      <object_component id="oc-15e">
         <name>.text:ADXL362_Read_XYZ_Reg_Hi_Res</name>
         <load_address>0x9a28</load_address>
         <run_address>0x9a28</run_address>
         <size>0x7c</size>
         <input_file_ref idref="fl-2"/>
      </object_component>
      <object_component id="oc-142">
         <name>.text:nwk_radioControl</name>
         <load_address>0x9aa4</load_address>
         <run_address>0x9aa4</run_address>
         <size>0x78</size>
         <input_file_ref idref="fl-a"/>
      </object_component>
      <object_component id="oc-15b">
         <name>.text:ReadPressure</name>
         <load_address>0x9b1c</load_address>
         <run_address>0x9b1c</run_address>
         <size>0x6e</size>
         <input_file_ref idref="fl-2"/>
      </object_component>
      <object_component id="oc-1bf">
         <name>.text:smpl_send_unlink_reply</name>
         <load_address>0x9b8a</load_address>
         <run_address>0x9b8a</run_address>
         <size>0x6e</size>
         <input_file_ref idref="fl-c"/>
      </object_component>
      <object_component id="oc-137">
         <name>.text:createRandomAddress</name>
         <load_address>0x9bf8</load_address>
         <run_address>0x9bf8</run_address>
         <size>0x6a</size>
         <input_file_ref idref="fl-2"/>
      </object_component>
      <object_component id="oc-149">
         <name>.text:nwk_nwkInit</name>
         <load_address>0x9c62</load_address>
         <run_address>0x9c62</run_address>
         <size>0x6a</size>
         <input_file_ref idref="fl-4"/>
      </object_component>
      <object_component id="oc-161">
         <name>.text:SMPL_Send</name>
         <load_address>0x9ccc</load_address>
         <run_address>0x9ccc</run_address>
         <size>0x68</size>
         <input_file_ref idref="fl-6"/>
      </object_component>
      <object_component id="oc-d4">
         <name>.text</name>
         <load_address>0x9d34</load_address>
         <run_address>0x9d34</run_address>
         <size>0x68</size>
         <input_file_ref idref="fl-4a"/>
      </object_component>
      <object_component id="oc-1b0">
         <name>.text:nwk_isConnectionValid</name>
         <load_address>0x9d9c</load_address>
         <run_address>0x9d9c</run_address>
         <size>0x64</size>
         <input_file_ref idref="fl-4"/>
      </object_component>
      <object_component id="oc-153">
         <name>.text:I2C_Slave_Test</name>
         <load_address>0x9e00</load_address>
         <run_address>0x9e00</run_address>
         <size>0x60</size>
         <input_file_ref idref="fl-2"/>
      </object_component>
      <object_component id="oc-160">
         <name>.text:l_lsr_const</name>
         <load_address>0x9e60</load_address>
         <run_address>0x9e60</run_address>
         <size>0x5c</size>
         <input_file_ref idref="fl-59"/>
      </object_component>
      <object_component id="oc-bc">
         <name>.text</name>
         <load_address>0x9ebc</load_address>
         <run_address>0x9ebc</run_address>
         <size>0x58</size>
         <input_file_ref idref="fl-45"/>
      </object_component>
      <object_component id="oc-14a">
         <name>.text:MRFI_WakeUp</name>
         <load_address>0x9f14</load_address>
         <run_address>0x9f14</run_address>
         <size>0x54</size>
         <input_file_ref idref="fl-10"/>
      </object_component>
      <object_component id="oc-143">
         <name>.text:nwk_rawSend</name>
         <load_address>0x9f68</load_address>
         <run_address>0x9f68</run_address>
         <size>0x54</size>
         <input_file_ref idref="fl-a"/>
      </object_component>
      <object_component id="oc-158">
         <name>.text:ADXL362_ReadID</name>
         <load_address>0x9fbc</load_address>
         <run_address>0x9fbc</run_address>
         <size>0x50</size>
         <input_file_ref idref="fl-2"/>
      </object_component>
      <object_component id="oc-ec">
         <name>.text</name>
         <load_address>0xa00c</load_address>
         <run_address>0xa00c</run_address>
         <size>0x4c</size>
         <input_file_ref idref="fl-58"/>
      </object_component>
      <object_component id="oc-192">
         <name>.text:SHT21_Read_Data</name>
         <load_address>0xa058</load_address>
         <run_address>0xa058</run_address>
         <size>0x4a</size>
         <input_file_ref idref="fl-2"/>
      </object_component>
      <object_component id="oc-1c3">
         <name>.text:nwk_findPeer</name>
         <load_address>0xa0a2</load_address>
         <run_address>0xa0a2</run_address>
         <size>0x4a</size>
         <input_file_ref idref="fl-4"/>
      </object_component>
      <object_component id="oc-130">
         <name>.text:_auto_init</name>
         <load_address>0xa0ec</load_address>
         <run_address>0xa0ec</run_address>
         <size>0x48</size>
         <input_file_ref idref="fl-63"/>
      </object_component>
      <object_component id="oc-133">
         <name>.text:display_mode</name>
         <load_address>0xa134</load_address>
         <run_address>0xa134</run_address>
         <size>0x48</size>
         <input_file_ref idref="fl-2"/>
      </object_component>
      <object_component id="oc-168">
         <name>.text:mrfiSpiCmdStrobe</name>
         <load_address>0xa17c</load_address>
         <run_address>0xa17c</run_address>
         <size>0x48</size>
         <input_file_ref idref="fl-10"/>
      </object_component>
      <object_component id="oc-154">
         <name>.text:I2C_Read_Register</name>
         <load_address>0xa1c4</load_address>
         <run_address>0xa1c4</run_address>
         <size>0x46</size>
         <input_file_ref idref="fl-2"/>
      </object_component>
      <object_component id="oc-165">
         <name>.text:MRFI_RxAddrIsFiltered</name>
         <load_address>0xa20a</load_address>
         <run_address>0xa20a</run_address>
         <size>0x46</size>
         <input_file_ref idref="fl-10"/>
      </object_component>
      <object_component id="oc-1c4">
         <name>.text:nwk_isLinkDuplicate</name>
         <load_address>0xa250</load_address>
         <run_address>0xa250</run_address>
         <size>0x46</size>
         <input_file_ref idref="fl-4"/>
      </object_component>
      <object_component id="oc-d9">
         <name>.text</name>
         <load_address>0xa296</load_address>
         <run_address>0xa296</run_address>
         <size>0x46</size>
         <input_file_ref idref="fl-4b"/>
      </object_component>
      <object_component id="oc-1be">
         <name>.text:smpl_send_ping_reply</name>
         <load_address>0xa2dc</load_address>
         <run_address>0xa2dc</run_address>
         <size>0x46</size>
         <input_file_ref idref="fl-e"/>
      </object_component>
      <object_component id="oc-16e">
         <name>.text:MRFI_Rssi</name>
         <load_address>0xa322</load_address>
         <run_address>0xa322</run_address>
         <size>0x44</size>
         <input_file_ref idref="fl-10"/>
      </object_component>
      <object_component id="oc-13a">
         <name>.text:SMPL_Init</name>
         <load_address>0xa366</load_address>
         <run_address>0xa366</run_address>
         <size>0x42</size>
         <input_file_ref idref="fl-6"/>
      </object_component>
      <object_component id="oc-13b">
         <name>.text:get_voltage</name>
         <load_address>0xa3a8</load_address>
         <run_address>0xa3a8</run_address>
         <size>0x42</size>
         <input_file_ref idref="fl-2"/>
      </object_component>
      <object_component id="oc-19a">
         <name>.text:spiRegAccess</name>
         <load_address>0xa3ea</load_address>
         <run_address>0xa3ea</run_address>
         <size>0x42</size>
         <input_file_ref idref="fl-10"/>
      </object_component>
      <object_component id="oc-150">
         <name>.text:l_asr_const</name>
         <load_address>0xa42c</load_address>
         <run_address>0xa42c</run_address>
         <size>0x3e</size>
         <input_file_ref idref="fl-3e"/>
      </object_component>
      <object_component id="oc-191">
         <name>.text:l_lsl_const</name>
         <load_address>0xa46a</load_address>
         <run_address>0xa46a</run_address>
         <size>0x3e</size>
         <input_file_ref idref="fl-57"/>
      </object_component>
      <object_component id="oc-18a">
         <name>.text:MRFI_ReplyDelay</name>
         <load_address>0xa4a8</load_address>
         <run_address>0xa4a8</run_address>
         <size>0x3c</size>
         <input_file_ref idref="fl-10"/>
      </object_component>
      <object_component id="oc-155">
         <name>.text:SPI_Init</name>
         <load_address>0xa4e4</load_address>
         <run_address>0xa4e4</run_address>
         <size>0x3c</size>
         <input_file_ref idref="fl-2"/>
      </object_component>
      <object_component id="oc-145">
         <name>.text:nwk_freqControl</name>
         <load_address>0xa520</load_address>
         <run_address>0xa520</run_address>
         <size>0x3a</size>
         <input_file_ref idref="fl-9"/>
      </object_component>
      <object_component id="oc-1ba">
         <name>.text:nwk_isValidReply</name>
         <load_address>0xa55a</load_address>
         <run_address>0xa55a</run_address>
         <size>0x3a</size>
         <input_file_ref idref="fl-4"/>
      </object_component>
      <object_component id="oc-1b9">
         <name>.text:nwk_processMgmt</name>
         <load_address>0xa594</load_address>
         <run_address>0xa594</run_address>
         <size>0x3a</size>
         <input_file_ref idref="fl-d"/>
      </object_component>
      <object_component id="oc-1a6">
         <name>.text:BSP_Delay</name>
         <load_address>0xa5ce</load_address>
         <run_address>0xa5ce</run_address>
         <size>0x38</size>
         <input_file_ref idref="fl-11"/>
      </object_component>
      <object_component id="oc-14d">
         <name>.text:MRFI_SetRxAddrFilter</name>
         <load_address>0xa606</load_address>
         <run_address>0xa606</run_address>
         <size>0x34</size>
         <input_file_ref idref="fl-10"/>
      </object_component>
      <object_component id="oc-177">
         <name>.text:mrfiSpiInit</name>
         <load_address>0xa63a</load_address>
         <run_address>0xa63a</run_address>
         <size>0x34</size>
         <input_file_ref idref="fl-10"/>
      </object_component>
      <object_component id="oc-141">
         <name>.text:nwk_deviceAddress</name>
         <load_address>0xa66e</load_address>
         <run_address>0xa66e</run_address>
         <size>0x34</size>
         <input_file_ref idref="fl-a"/>
      </object_component>
      <object_component id="oc-1a4">
         <name>.text:nwk_getAPAddress</name>
         <load_address>0xa6a2</load_address>
         <run_address>0xa6a2</run_address>
         <size>0x34</size>
         <input_file_ref idref="fl-8"/>
      </object_component>
      <object_component id="oc-157">
         <name>.text:ADXL362_Write_Register</name>
         <load_address>0xa6d6</load_address>
         <run_address>0xa6d6</run_address>
         <size>0x32</size>
         <input_file_ref idref="fl-2"/>
      </object_component>
      <object_component id="oc-17b">
         <name>.text:MRFI_SetLogicalChannel</name>
         <load_address>0xa708</load_address>
         <run_address>0xa708</run_address>
         <size>0x32</size>
         <input_file_ref idref="fl-10"/>
      </object_component>
      <object_component id="oc-1a9">
         <name>.text:Mrfi_DelayUsecSem</name>
         <load_address>0xa73a</load_address>
         <run_address>0xa73a</run_address>
         <size>0x32</size>
         <input_file_ref idref="fl-10"/>
      </object_component>
      <object_component id="oc-197">
         <name>.text:ReadADC_1_5</name>
         <load_address>0xa76c</load_address>
         <run_address>0xa76c</run_address>
         <size>0x32</size>
         <input_file_ref idref="fl-2"/>
      </object_component>
      <object_component id="oc-12c">
         <name>.text:USCIAB0RX_ISR</name>
         <load_address>0xa79e</load_address>
         <run_address>0xa79e</run_address>
         <size>0x32</size>
         <input_file_ref idref="fl-2"/>
      </object_component>
      <object_component id="oc-1a3">
         <name>.text:nwk_QadjustOrder</name>
         <load_address>0xa7d0</load_address>
         <run_address>0xa7d0</run_address>
         <size>0x32</size>
         <input_file_ref idref="fl-5"/>
      </object_component>
      <object_component id="oc-169">
         <name>.text:nwk_getConnInfo</name>
         <load_address>0xa802</load_address>
         <run_address>0xa802</run_address>
         <size>0x32</size>
         <input_file_ref idref="fl-4"/>
      </object_component>
      <object_component id="oc-1b8">
         <name>.text:nwk_processFreq</name>
         <load_address>0xa834</load_address>
         <run_address>0xa834</run_address>
         <size>0x32</size>
         <input_file_ref idref="fl-9"/>
      </object_component>
      <object_component id="oc-194">
         <name>.text:SHT21_T_Calib</name>
         <load_address>0xa866</load_address>
         <run_address>0xa866</run_address>
         <size>0x30</size>
         <input_file_ref idref="fl-2"/>
      </object_component>
      <object_component id="oc-19f">
         <name>.text:map_lid2idx</name>
         <load_address>0xa896</load_address>
         <run_address>0xa896</run_address>
         <size>0x30</size>
         <input_file_ref idref="fl-4"/>
      </object_component>
      <object_component id="oc-144">
         <name>.text:nwk_rawReceive</name>
         <load_address>0xa8c6</load_address>
         <run_address>0xa8c6</run_address>
         <size>0x30</size>
         <input_file_ref idref="fl-a"/>
      </object_component>
      <object_component id="oc-171">
         <name>.text:nwk_sendFrame</name>
         <load_address>0xa8f6</load_address>
         <run_address>0xa8f6</run_address>
         <size>0x30</size>
         <input_file_ref idref="fl-7"/>
      </object_component>
      <object_component id="oc-152">
         <name>.text:I2C_Init</name>
         <load_address>0xa926</load_address>
         <run_address>0xa926</run_address>
         <size>0x2e</size>
         <input_file_ref idref="fl-2"/>
      </object_component>
      <object_component id="oc-15a">
         <name>.text:I2C_Write_Register</name>
         <load_address>0xa954</load_address>
         <run_address>0xa954</run_address>
         <size>0x2e</size>
         <input_file_ref idref="fl-2"/>
      </object_component>
      <object_component id="oc-166">
         <name>.text:Mrfi_CalculateRssi</name>
         <load_address>0xa982</load_address>
         <run_address>0xa982</run_address>
         <size>0x2e</size>
         <input_file_ref idref="fl-10"/>
      </object_component>
      <object_component id="oc-15f">
         <name>.text:Read_PD</name>
         <load_address>0xa9b0</load_address>
         <run_address>0xa9b0</run_address>
         <size>0x2e</size>
         <input_file_ref idref="fl-2"/>
      </object_component>
      <object_component id="oc-178">
         <name>.text:Mrfi_DelayUsec</name>
         <load_address>0xa9de</load_address>
         <run_address>0xa9de</run_address>
         <size>0x2c</size>
         <input_file_ref idref="fl-10"/>
      </object_component>
      <object_component id="oc-17c">
         <name>.text:Mrfi_RxModeOff</name>
         <load_address>0xaa0a</load_address>
         <run_address>0xaa0a</run_address>
         <size>0x2c</size>
         <input_file_ref idref="fl-10"/>
      </object_component>
      <object_component id="oc-193">
         <name>.text:SHT21_RH_Calib</name>
         <load_address>0xaa36</load_address>
         <run_address>0xaa36</run_address>
         <size>0x2c</size>
         <input_file_ref idref="fl-2"/>
      </object_component>
      <object_component id="oc-1bc">
         <name>.text:handleLinkRequest</name>
         <load_address>0xaa62</load_address>
         <run_address>0xaa62</run_address>
         <size>0x2c</size>
         <input_file_ref idref="fl-c"/>
      </object_component>
      <object_component id="oc-17e">
         <name>.text:nwk_globalsInit</name>
         <load_address>0xaa8e</load_address>
         <run_address>0xaa8e</run_address>
         <size>0x2c</size>
         <input_file_ref idref="fl-8"/>
      </object_component>
      <object_component id="oc-b2">
         <name>.text</name>
         <load_address>0xaaba</load_address>
         <run_address>0xaaba</run_address>
         <size>0x2c</size>
         <input_file_ref idref="fl-43"/>
      </object_component>
      <object_component id="oc-199">
         <name>.text:nwk_checkConnInfo</name>
         <load_address>0xaae6</load_address>
         <run_address>0xaae6</run_address>
         <size>0x2a</size>
         <input_file_ref idref="fl-4"/>
      </object_component>
      <object_component id="oc-1b4">
         <name>.text:nwk_processPing</name>
         <load_address>0xab10</load_address>
         <run_address>0xab10</run_address>
         <size>0x28</size>
         <input_file_ref idref="fl-e"/>
      </object_component>
      <object_component id="oc-1b3">
         <name>.text:Mrfi_RandomBackoffDelay</name>
         <load_address>0xab38</load_address>
         <run_address>0xab38</run_address>
         <size>0x26</size>
         <input_file_ref idref="fl-10"/>
      </object_component>
      <object_component id="oc-2d">
         <name>.text:_c_int00_noexit</name>
         <load_address>0xab5e</load_address>
         <run_address>0xab5e</run_address>
         <size>0x26</size>
         <input_file_ref idref="fl-3f"/>
      </object_component>
      <object_component id="oc-159">
         <name>.text:delay</name>
         <load_address>0xab84</load_address>
         <run_address>0xab84</run_address>
         <size>0x26</size>
         <input_file_ref idref="fl-2"/>
      </object_component>
      <object_component id="oc-140">
         <name>.text:nwk_connectionControl</name>
         <load_address>0xabaa</load_address>
         <run_address>0xabaa</run_address>
         <size>0x26</size>
         <input_file_ref idref="fl-a"/>
      </object_component>
      <object_component id="oc-185">
         <name>.text:nwk_linkInit</name>
         <load_address>0xabd0</load_address>
         <run_address>0xabd0</run_address>
         <size>0x26</size>
         <input_file_ref idref="fl-c"/>
      </object_component>
      <object_component id="oc-1b5">
         <name>.text:nwk_processLink</name>
         <load_address>0xabf6</load_address>
         <run_address>0xabf6</run_address>
         <size>0x26</size>
         <input_file_ref idref="fl-c"/>
      </object_component>
      <object_component id="oc-10e">
         <name>.text</name>
         <load_address>0xac1c</load_address>
         <run_address>0xac1c</run_address>
         <size>0x26</size>
         <input_file_ref idref="fl-5f"/>
      </object_component>
      <object_component id="oc-16f">
         <name>.text:MRFI_Sleep</name>
         <load_address>0xac42</load_address>
         <run_address>0xac42</run_address>
         <size>0x24</size>
         <input_file_ref idref="fl-10"/>
      </object_component>
      <object_component id="oc-de">
         <name>.text</name>
         <load_address>0xac66</load_address>
         <run_address>0xac66</run_address>
         <size>0x24</size>
         <input_file_ref idref="fl-4c"/>
      </object_component>
      <object_component id="oc-146">
         <name>.text:BSP_InitBoard</name>
         <load_address>0xac8a</load_address>
         <run_address>0xac8a</run_address>
         <size>0x22</size>
         <input_file_ref idref="fl-11"/>
      </object_component>
      <object_component id="oc-14e">
         <name>.text:MRFI_EnableRxAddrFilter</name>
         <load_address>0xacac</load_address>
         <run_address>0xacac</run_address>
         <size>0x22</size>
         <input_file_ref idref="fl-10"/>
      </object_component>
      <object_component id="oc-16d">
         <name>.text:MRFI_RxOn</name>
         <load_address>0xacce</load_address>
         <run_address>0xacce</run_address>
         <size>0x22</size>
         <input_file_ref idref="fl-10"/>
      </object_component>
      <object_component id="oc-1bd">
         <name>.text:handle_freq_cmd</name>
         <load_address>0xacf0</load_address>
         <run_address>0xacf0</run_address>
         <size>0x22</size>
         <input_file_ref idref="fl-9"/>
      </object_component>
      <object_component id="oc-1a5">
         <name>.text:memcmp</name>
         <load_address>0xad12</load_address>
         <run_address>0xad12</run_address>
         <size>0x22</size>
         <input_file_ref idref="fl-5a"/>
      </object_component>
      <object_component id="oc-139">
         <name>.text:BSP_Init</name>
         <load_address>0xad34</load_address>
         <run_address>0xad34</run_address>
         <size>0x20</size>
         <input_file_ref idref="fl-11"/>
      </object_component>
      <object_component id="oc-167">
         <name>.text:MRFI_RxCompleteISR</name>
         <load_address>0xad54</load_address>
         <run_address>0xad54</run_address>
         <size>0x20</size>
         <input_file_ref idref="fl-7"/>
      </object_component>
      <object_component id="oc-16c">
         <name>.text:MRFI_RxIdle</name>
         <load_address>0xad74</load_address>
         <run_address>0xad74</run_address>
         <size>0x20</size>
         <input_file_ref idref="fl-10"/>
      </object_component>
      <object_component id="oc-1b6">
         <name>.text:nwk_processJoin</name>
         <load_address>0xad94</load_address>
         <run_address>0xad94</run_address>
         <size>0x20</size>
         <input_file_ref idref="fl-b"/>
      </object_component>
      <object_component id="oc-162">
         <name>.text:mrfiSpiReadReg</name>
         <load_address>0xadb4</load_address>
         <run_address>0xadb4</run_address>
         <size>0x1e</size>
         <input_file_ref idref="fl-10"/>
      </object_component>
      <object_component id="oc-180">
         <name>.text:nwk_QInit</name>
         <load_address>0xadd2</load_address>
         <run_address>0xadd2</run_address>
         <size>0x1e</size>
         <input_file_ref idref="fl-5"/>
      </object_component>
      <object_component id="oc-134">
         <name>.text:MRFI_GpioIsr</name>
         <load_address>0xadf0</load_address>
         <run_address>0xadf0</run_address>
         <size>0x1c</size>
         <input_file_ref idref="fl-10"/>
      </object_component>
      <object_component id="oc-15c">
         <name>.text:SHT21_RH_Read</name>
         <load_address>0xae0c</load_address>
         <run_address>0xae0c</run_address>
         <size>0x1c</size>
         <input_file_ref idref="fl-2"/>
      </object_component>
      <object_component id="oc-15d">
         <name>.text:SHT21_T_Read</name>
         <load_address>0xae28</load_address>
         <run_address>0xae28</run_address>
         <size>0x1c</size>
         <input_file_ref idref="fl-2"/>
      </object_component>
      <object_component id="oc-14b">
         <name>.text:nwk_setChannel</name>
         <load_address>0xae44</load_address>
         <run_address>0xae44</run_address>
         <size>0x1c</size>
         <input_file_ref idref="fl-9"/>
      </object_component>
      <object_component id="oc-16b">
         <name>.text:nwk_setMyAddress</name>
         <load_address>0xae60</load_address>
         <run_address>0xae60</run_address>
         <size>0x1c</size>
         <input_file_ref idref="fl-8"/>
      </object_component>
      <object_component id="oc-129">
         <name>.text:BSP_GpioPort1Isr</name>
         <load_address>0xae7c</load_address>
         <run_address>0xae7c</run_address>
         <size>0x1a</size>
         <input_file_ref idref="fl-10"/>
      </object_component>
      <object_component id="oc-179">
         <name>.text:mrfiSpiWriteReg</name>
         <load_address>0xae96</load_address>
         <run_address>0xae96</run_address>
         <size>0x1a</size>
         <input_file_ref idref="fl-10"/>
      </object_component>
      <object_component id="oc-17f">
         <name>.text:nwk_frameInit</name>
         <load_address>0xaeb0</load_address>
         <run_address>0xaeb0</run_address>
         <size>0x1a</size>
         <input_file_ref idref="fl-7"/>
      </object_component>
      <object_component id="oc-183">
         <name>.text:nwk_joinInit</name>
         <load_address>0xaeca</load_address>
         <run_address>0xaeca</run_address>
         <size>0x1a</size>
         <input_file_ref idref="fl-b"/>
      </object_component>
      <object_component id="oc-1a8">
         <name>.text:MRFI_RandomByte</name>
         <load_address>0xaee4</load_address>
         <run_address>0xaee4</run_address>
         <size>0x16</size>
         <input_file_ref idref="fl-10"/>
      </object_component>
      <object_component id="oc-1a0">
         <name>.text:Mrfi_RxModeOn</name>
         <load_address>0xaefa</load_address>
         <run_address>0xaefa</run_address>
         <size>0x16</size>
         <input_file_ref idref="fl-10"/>
      </object_component>
      <object_component id="oc-b7">
         <name>.text</name>
         <load_address>0xaf10</load_address>
         <run_address>0xaf10</run_address>
         <size>0x16</size>
         <input_file_ref idref="fl-44"/>
      </object_component>
      <object_component id="oc-190">
         <name>.text:I2C_Read_Init</name>
         <load_address>0xaf26</load_address>
         <run_address>0xaf26</run_address>
         <size>0x14</size>
         <input_file_ref idref="fl-2"/>
      </object_component>
      <object_component id="oc-18f">
         <name>.text:I2C_Write_Init</name>
         <load_address>0xaf3a</load_address>
         <run_address>0xaf3a</run_address>
         <size>0x14</size>
         <input_file_ref idref="fl-2"/>
      </object_component>
      <object_component id="oc-164">
         <name>.text:memset</name>
         <load_address>0xaf4e</load_address>
         <run_address>0xaf4e</run_address>
         <size>0x14</size>
         <input_file_ref idref="fl-5c"/>
      </object_component>
      <object_component id="oc-109">
         <name>.text</name>
         <load_address>0xaf62</load_address>
         <run_address>0xaf62</run_address>
         <size>0x14</size>
         <input_file_ref idref="fl-5e"/>
      </object_component>
      <object_component id="oc-156">
         <name>.text:ADXL362_Present</name>
         <load_address>0xaf76</load_address>
         <run_address>0xaf76</run_address>
         <size>0x12</size>
         <input_file_ref idref="fl-2"/>
      </object_component>
      <object_component id="oc-175">
         <name>.text:BSP_InitLeds</name>
         <load_address>0xaf88</load_address>
         <run_address>0xaf88</run_address>
         <size>0x12</size>
         <input_file_ref idref="fl-11"/>
      </object_component>
      <object_component id="oc-1c2">
         <name>.text:change_channel_cmd</name>
         <load_address>0xaf9a</load_address>
         <run_address>0xaf9a</run_address>
         <size>0x12</size>
         <input_file_ref idref="fl-9"/>
      </object_component>
      <object_component id="oc-135">
         <name>.text:memcpy</name>
         <load_address>0xafac</load_address>
         <run_address>0xafac</run_address>
         <size>0x12</size>
         <input_file_ref idref="fl-5b"/>
      </object_component>
      <object_component id="oc-14c">
         <name>.text:nwk_getMyAddress</name>
         <load_address>0xafbe</load_address>
         <run_address>0xafbe</run_address>
         <size>0x12</size>
         <input_file_ref idref="fl-8"/>
      </object_component>
      <object_component id="oc-18b">
         <name>.text:nwk_setLinkToken</name>
         <load_address>0xafd0</load_address>
         <run_address>0xafd0</run_address>
         <size>0x12</size>
         <input_file_ref idref="fl-c"/>
      </object_component>
      <object_component id="oc-17d">
         <name>.text:l_asr</name>
         <load_address>0xafe2</load_address>
         <run_address>0xafe2</run_address>
         <size>0x10</size>
         <input_file_ref idref="fl-3e"/>
      </object_component>
      <object_component id="oc-136">
         <name>.text</name>
         <load_address>0xaff2</load_address>
         <run_address>0xaff2</run_address>
         <size>0x10</size>
         <input_file_ref idref="fl-46"/>
      </object_component>
      <object_component id="oc-19d">
         <name>.text:MRFI_Receive</name>
         <load_address>0xb002</load_address>
         <run_address>0xb002</run_address>
         <size>0xe</size>
         <input_file_ref idref="fl-10"/>
      </object_component>
      <object_component id="oc-195">
         <name>.text:OA0_Config</name>
         <load_address>0xb010</load_address>
         <run_address>0xb010</run_address>
         <size>0xe</size>
         <input_file_ref idref="fl-2"/>
      </object_component>
      <object_component id="oc-1ad">
         <name>.text:StatusBlink_led1</name>
         <load_address>0xb01e</load_address>
         <run_address>0xb01e</run_address>
         <size>0xe</size>
         <input_file_ref idref="fl-2"/>
      </object_component>
      <object_component id="oc-1ae">
         <name>.text:StatusBlink_led2</name>
         <load_address>0xb02c</load_address>
         <run_address>0xb02c</run_address>
         <size>0xe</size>
         <input_file_ref idref="fl-2"/>
      </object_component>
      <object_component id="oc-1b2">
         <name>.text:mrfiSpiWriteTxFifo</name>
         <load_address>0xb03a</load_address>
         <run_address>0xb03a</run_address>
         <size>0xe</size>
         <input_file_ref idref="fl-10"/>
      </object_component>
      <object_component id="oc-18c">
         <name>.text:nwk_setAPAddress</name>
         <load_address>0xb048</load_address>
         <run_address>0xb048</run_address>
         <size>0xe</size>
         <input_file_ref idref="fl-8"/>
      </object_component>
      <object_component id="oc-1b1">
         <name>.text:MRFI_PostKillSem</name>
         <load_address>0xb056</load_address>
         <run_address>0xb056</run_address>
         <size>0xc</size>
         <input_file_ref idref="fl-10"/>
      </object_component>
      <object_component id="oc-1bb">
         <name>.text:handlePingRequest</name>
         <load_address>0xb062</load_address>
         <run_address>0xb062</run_address>
         <size>0xc</size>
         <input_file_ref idref="fl-e"/>
      </object_component>
      <object_component id="oc-163">
         <name>.text:mrfiSpiReadRxFifo</name>
         <load_address>0xb06e</load_address>
         <run_address>0xb06e</run_address>
         <size>0xc</size>
         <input_file_ref idref="fl-10"/>
      </object_component>
      <object_component id="oc-176">
         <name>.text:BSP_InitButtons</name>
         <load_address>0xb07a</load_address>
         <run_address>0xb07a</run_address>
         <size>0xa</size>
         <input_file_ref idref="fl-11"/>
      </object_component>
      <object_component id="oc-147">
         <name>.text:BSP_InitDrivers</name>
         <load_address>0xb084</load_address>
         <run_address>0xb084</run_address>
         <size>0xa</size>
         <input_file_ref idref="fl-11"/>
      </object_component>
      <object_component id="oc-181">
         <name>.text:nwk_freqInit</name>
         <load_address>0xb08e</load_address>
         <run_address>0xb08e</run_address>
         <size>0xa</size>
         <input_file_ref idref="fl-9"/>
      </object_component>
      <object_component id="oc-184">
         <name>.text:nwk_mgmtInit</name>
         <load_address>0xb098</load_address>
         <run_address>0xb098</run_address>
         <size>0xa</size>
         <input_file_ref idref="fl-d"/>
      </object_component>
      <object_component id="oc-182">
         <name>.text:nwk_pingInit</name>
         <load_address>0xb0a2</load_address>
         <run_address>0xb0a2</run_address>
         <size>0xa</size>
         <input_file_ref idref="fl-e"/>
      </object_component>
      <object_component id="oc-12a">
         <name>.text:ADC10_ISR</name>
         <load_address>0xb0ac</load_address>
         <run_address>0xb0ac</run_address>
         <size>0x8</size>
         <input_file_ref idref="fl-2"/>
      </object_component>
      <object_component id="oc-198">
         <name>.text:Stop_OA0</name>
         <load_address>0xb0b4</load_address>
         <run_address>0xb0b4</run_address>
         <size>0x8</size>
         <input_file_ref idref="fl-2"/>
      </object_component>
      <object_component id="oc-12d">
         <name>.text:TimerB_ISR</name>
         <load_address>0xb0bc</load_address>
         <run_address>0xb0bc</run_address>
         <size>0x8</size>
         <input_file_ref idref="fl-2"/>
      </object_component>
      <object_component id="oc-174">
         <name>.text:nwk_getChannel</name>
         <load_address>0xb0c4</load_address>
         <run_address>0xb0c4</run_address>
         <size>0x8</size>
         <input_file_ref idref="fl-9"/>
      </object_component>
      <object_component id="oc-189">
         <name>.text:MRFI_GetRadioState</name>
         <load_address>0xb0cc</load_address>
         <run_address>0xb0cc</run_address>
         <size>0x6</size>
         <input_file_ref idref="fl-10"/>
      </object_component>
      <object_component id="oc-151">
         <name>.text:SMPL_Link</name>
         <load_address>0xb0d2</load_address>
         <run_address>0xb0d2</run_address>
         <size>0x6</size>
         <input_file_ref idref="fl-6"/>
      </object_component>
      <object_component id="oc-196">
         <name>.text:Start_OA0_Slow</name>
         <load_address>0xb0d8</load_address>
         <run_address>0xb0d8</run_address>
         <size>0x6</size>
         <input_file_ref idref="fl-2"/>
      </object_component>
      <object_component id="oc-e3">
         <name>.text:_isr:__TI_ISR_TRAP</name>
         <load_address>0xb0de</load_address>
         <run_address>0xb0de</run_address>
         <size>0x6</size>
         <input_file_ref idref="fl-56"/>
      </object_component>
      <object_component id="oc-16a">
         <name>.text:nwk_freeConnection</name>
         <load_address>0xb0e4</load_address>
         <run_address>0xb0e4</run_address>
         <size>0x6</size>
         <input_file_ref idref="fl-4"/>
      </object_component>
      <object_component id="oc-187">
         <name>.text:nwk_getBCastAddress</name>
         <load_address>0xb0ea</load_address>
         <run_address>0xb0ea</run_address>
         <size>0x6</size>
         <input_file_ref idref="fl-8"/>
      </object_component>
      <object_component id="oc-13f">
         <name>.text:nwk_getFWVersion</name>
         <load_address>0xb0f0</load_address>
         <run_address>0xb0f0</run_address>
         <size>0x6</size>
         <input_file_ref idref="fl-8"/>
      </object_component>
      <object_component id="oc-1ac">
         <name>.text:nwk_getMyRxType</name>
         <load_address>0xb0f6</load_address>
         <run_address>0xb0f6</run_address>
         <size>0x6</size>
         <input_file_ref idref="fl-7"/>
      </object_component>
      <object_component id="oc-13e">
         <name>.text:nwk_getProtocolVersion</name>
         <load_address>0xb0fc</load_address>
         <run_address>0xb0fc</run_address>
         <size>0x6</size>
         <input_file_ref idref="fl-8"/>
      </object_component>
      <object_component id="oc-12f">
         <name>.text:_system_pre_init</name>
         <load_address>0xb102</load_address>
         <run_address>0xb102</run_address>
         <size>0x4</size>
         <input_file_ref idref="fl-60"/>
      </object_component>
      <object_component id="oc-132">
         <name>.text:abort</name>
         <load_address>0xb106</load_address>
         <run_address>0xb106</run_address>
         <size>0x4</size>
         <input_file_ref idref="fl-47"/>
      </object_component>
      <object_component id="oc-1b7">
         <name>.text:nwk_processSecurity</name>
         <load_address>0xb10a</load_address>
         <run_address>0xb10a</run_address>
         <size>0x4</size>
         <input_file_ref idref="fl-f"/>
      </object_component>
      <object_component id="oc-1c1">
         <name>.text:send_ping_reply</name>
         <load_address>0xb10e</load_address>
         <run_address>0xb10e</run_address>
         <size>0x4</size>
         <input_file_ref idref="fl-9"/>
      </object_component>
      <object_component id="oc-12e">
         <name>.text:_nop</name>
         <load_address>0xb112</load_address>
         <run_address>0xb112</run_address>
         <size>0x2</size>
         <input_file_ref idref="fl-61"/>
      </object_component>
      <object_component id="oc-186">
         <name>.text:nwk_securityInit</name>
         <load_address>0xb114</load_address>
         <run_address>0xb114</run_address>
         <size>0x2</size>
         <input_file_ref idref="fl-f"/>
      </object_component>
      <object_component id="oc-30">
         <name>.cinit</name>
         <load_address>0xb116</load_address>
         <run_address>0xb116</run_address>
         <size>0x46</size>
         <input_file_ref idref="fl-2"/>
      </object_component>
      <object_component id="oc-73">
         <name>.cinit</name>
         <load_address>0xb15c</load_address>
         <run_address>0xb15c</run_address>
         <size>0x19</size>
         <input_file_ref idref="fl-c"/>
      </object_component>
      <object_component id="oc-8d">
         <name>.cinit</name>
         <load_address>0xb176</load_address>
         <run_address>0xb176</run_address>
         <size>0x17</size>
         <input_file_ref idref="fl-10"/>
      </object_component>
      <object_component id="oc-3d">
         <name>.cinit</name>
         <load_address>0xb18e</load_address>
         <run_address>0xb18e</run_address>
         <size>0x13</size>
         <input_file_ref idref="fl-4"/>
      </object_component>
      <object_component id="oc-6c">
         <name>.cinit</name>
         <load_address>0xb1a2</load_address>
         <run_address>0xb1a2</run_address>
         <size>0x13</size>
         <input_file_ref idref="fl-b"/>
      </object_component>
      <object_component id="oc-60">
         <name>.cinit</name>
         <load_address>0xb1b6</load_address>
         <run_address>0xb1b6</run_address>
         <size>0xb</size>
         <input_file_ref idref="fl-9"/>
      </object_component>
      <object_component id="oc-51">
         <name>.cinit</name>
         <load_address>0xb1c2</load_address>
         <run_address>0xb1c2</run_address>
         <size>0x6</size>
         <input_file_ref idref="fl-7"/>
      </object_component>
      <object_component id="oc-4a">
         <name>.cinit</name>
         <load_address>0xb1c8</load_address>
         <run_address>0xb1c8</run_address>
         <size>0x5</size>
         <input_file_ref idref="fl-6"/>
      </object_component>
      <object_component id="oc-58">
         <name>.cinit</name>
         <load_address>0xb1ce</load_address>
         <run_address>0xb1ce</run_address>
         <size>0x5</size>
         <input_file_ref idref="fl-8"/>
      </object_component>
      <object_component id="oc-7a">
         <name>.cinit</name>
         <load_address>0xb1d4</load_address>
         <run_address>0xb1d4</run_address>
         <size>0x5</size>
         <input_file_ref idref="fl-d"/>
      </object_component>
      <object_component id="oc-81">
         <name>.cinit</name>
         <load_address>0xb1da</load_address>
         <run_address>0xb1da</run_address>
         <size>0x5</size>
         <input_file_ref idref="fl-e"/>
      </object_component>
      <object_component id="oc-17a">
         <name>.const:mrfiRadioCfg</name>
         <load_address>0xb1e2</load_address>
         <run_address>0xb1e2</run_address>
         <size>0x3e</size>
         <input_file_ref idref="fl-10"/>
      </object_component>
      <object_component id="oc-59">
         <name>.const</name>
         <load_address>0xb220</load_address>
         <run_address>0xb220</run_address>
         <size>0xd</size>
         <input_file_ref idref="fl-8"/>
      </object_component>
      <object_component id="oc-1af">
         <name>.const:func</name>
         <load_address>0xb22e</load_address>
         <run_address>0xb22e</run_address>
         <size>0xc</size>
         <input_file_ref idref="fl-7"/>
      </object_component>
      <object_component id="oc-188">
         <name>.const:.string:mrfiBroadcastAddr</name>
         <load_address>0xb23a</load_address>
         <run_address>0xb23a</run_address>
         <size>0x4</size>
         <input_file_ref idref="fl-10"/>
      </object_component>
      <object_component id="oc-1a7">
         <name>.const:.string:mrfiLogicalChanTable</name>
         <load_address>0xb23e</load_address>
         <run_address>0xb23e</run_address>
         <size>0x4</size>
         <input_file_ref idref="fl-10"/>
      </object_component>
      <object_component id="oc-31">
         <name>.const:.string</name>
         <load_address>0xb242</load_address>
         <run_address>0xb242</run_address>
         <size>0x2</size>
         <input_file_ref idref="fl-2"/>
      </object_component>
      <object_component id="oc-1e">
         <name>.int00</name>
         <load_address>0xffe0</load_address>
         <run_address>0xffe0</run_address>
         <size>0x2</size>
         <input_file_ref idref="fl-4d"/>
      </object_component>
      <object_component id="oc-1f">
         <name>.int01</name>
         <load_address>0xffe2</load_address>
         <run_address>0xffe2</run_address>
         <size>0x2</size>
         <input_file_ref idref="fl-4e"/>
      </object_component>
      <object_component id="oc-20">
         <name>.int02</name>
         <load_address>0xffe4</load_address>
         <run_address>0xffe4</run_address>
         <size>0x2</size>
         <input_file_ref idref="fl-2"/>
      </object_component>
      <object_component id="oc-21">
         <name>.int03</name>
         <load_address>0xffe6</load_address>
         <run_address>0xffe6</run_address>
         <size>0x2</size>
         <input_file_ref idref="fl-10"/>
      </object_component>
      <object_component id="oc-22">
         <name>.int04</name>
         <load_address>0xffe8</load_address>
         <run_address>0xffe8</run_address>
         <size>0x2</size>
         <input_file_ref idref="fl-4f"/>
      </object_component>
      <object_component id="oc-23">
         <name>.int05</name>
         <load_address>0xffea</load_address>
         <run_address>0xffea</run_address>
         <size>0x2</size>
         <input_file_ref idref="fl-2"/>
      </object_component>
      <object_component id="oc-24">
         <name>.int06</name>
         <load_address>0xffec</load_address>
         <run_address>0xffec</run_address>
         <size>0x2</size>
         <input_file_ref idref="fl-2"/>
      </object_component>
      <object_component id="oc-25">
         <name>.int07</name>
         <load_address>0xffee</load_address>
         <run_address>0xffee</run_address>
         <size>0x2</size>
         <input_file_ref idref="fl-2"/>
      </object_component>
      <object_component id="oc-26">
         <name>.int08</name>
         <load_address>0xfff0</load_address>
         <run_address>0xfff0</run_address>
         <size>0x2</size>
         <input_file_ref idref="fl-50"/>
      </object_component>
      <object_component id="oc-27">
         <name>.int09</name>
         <load_address>0xfff2</load_address>
         <run_address>0xfff2</run_address>
         <size>0x2</size>
         <input_file_ref idref="fl-51"/>
      </object_component>
      <object_component id="oc-28">
         <name>.int10</name>
         <load_address>0xfff4</load_address>
         <run_address>0xfff4</run_address>
         <size>0x2</size>
         <input_file_ref idref="fl-52"/>
      </object_component>
      <object_component id="oc-29">
         <name>.int11</name>
         <load_address>0xfff6</load_address>
         <run_address>0xfff6</run_address>
         <size>0x2</size>
         <input_file_ref idref="fl-53"/>
      </object_component>
      <object_component id="oc-2a">
         <name>.int12</name>
         <load_address>0xfff8</load_address>
         <run_address>0xfff8</run_address>
         <size>0x2</size>
         <input_file_ref idref="fl-54"/>
      </object_component>
      <object_component id="oc-2b">
         <name>.int13</name>
         <load_address>0xfffa</load_address>
         <run_address>0xfffa</run_address>
         <size>0x2</size>
         <input_file_ref idref="fl-2"/>
      </object_component>
      <object_component id="oc-2c">
         <name>.int14</name>
         <load_address>0xfffc</load_address>
         <run_address>0xfffc</run_address>
         <size>0x2</size>
         <input_file_ref idref="fl-55"/>
      </object_component>
      <object_component id="oc-9e">
         <name>.reset</name>
         <load_address>0xfffe</load_address>
         <run_address>0xfffe</run_address>
         <size>0x2</size>
         <input_file_ref idref="fl-3f"/>
      </object_component>
      <object_component id="oc-2f">
         <name>.debug_info</name>
         <load_address>0x0</load_address>
         <run_address>0x0</run_address>
         <size>0x31d9</size>
         <input_file_ref idref="fl-2"/>
      </object_component>
      <object_component id="oc-37">
         <name>.debug_info</name>
         <load_address>0x31d9</load_address>
         <run_address>0x31d9</run_address>
         <size>0x14a</size>
         <input_file_ref idref="fl-3"/>
      </object_component>
      <object_component id="oc-3c">
         <name>.debug_info</name>
         <load_address>0x3323</load_address>
         <run_address>0x3323</run_address>
         <size>0x141c</size>
         <input_file_ref idref="fl-4"/>
      </object_component>
      <object_component id="oc-43">
         <name>.debug_info</name>
         <load_address>0x473f</load_address>
         <run_address>0x473f</run_address>
         <size>0xc15</size>
         <input_file_ref idref="fl-5"/>
      </object_component>
      <object_component id="oc-49">
         <name>.debug_info</name>
         <load_address>0x5354</load_address>
         <run_address>0x5354</run_address>
         <size>0x14bc</size>
         <input_file_ref idref="fl-6"/>
      </object_component>
      <object_component id="oc-50">
         <name>.debug_info</name>
         <load_address>0x6810</load_address>
         <run_address>0x6810</run_address>
         <size>0x12fd</size>
         <input_file_ref idref="fl-7"/>
      </object_component>
      <object_component id="oc-57">
         <name>.debug_info</name>
         <load_address>0x7b0d</load_address>
         <run_address>0x7b0d</run_address>
         <size>0x9f8</size>
         <input_file_ref idref="fl-8"/>
      </object_component>
      <object_component id="oc-5f">
         <name>.debug_info</name>
         <load_address>0x8505</load_address>
         <run_address>0x8505</run_address>
         <size>0x150b</size>
         <input_file_ref idref="fl-9"/>
      </object_component>
      <object_component id="oc-65">
         <name>.debug_info</name>
         <load_address>0x9a10</load_address>
         <run_address>0x9a10</run_address>
         <size>0x11e9</size>
         <input_file_ref idref="fl-a"/>
      </object_component>
      <object_component id="oc-6b">
         <name>.debug_info</name>
         <load_address>0xabf9</load_address>
         <run_address>0xabf9</run_address>
         <size>0xfee</size>
         <input_file_ref idref="fl-b"/>
      </object_component>
      <object_component id="oc-72">
         <name>.debug_info</name>
         <load_address>0xbbe7</load_address>
         <run_address>0xbbe7</run_address>
         <size>0x18bb</size>
         <input_file_ref idref="fl-c"/>
      </object_component>
      <object_component id="oc-79">
         <name>.debug_info</name>
         <load_address>0xd4a2</load_address>
         <run_address>0xd4a2</run_address>
         <size>0xa83</size>
         <input_file_ref idref="fl-d"/>
      </object_component>
      <object_component id="oc-80">
         <name>.debug_info</name>
         <load_address>0xdf25</load_address>
         <run_address>0xdf25</run_address>
         <size>0x1053</size>
         <input_file_ref idref="fl-e"/>
      </object_component>
      <object_component id="oc-86">
         <name>.debug_info</name>
         <load_address>0xef78</load_address>
         <run_address>0xef78</run_address>
         <size>0x4aa</size>
         <input_file_ref idref="fl-f"/>
      </object_component>
      <object_component id="oc-8c">
         <name>.debug_info</name>
         <load_address>0xf422</load_address>
         <run_address>0xf422</run_address>
         <size>0x29f9</size>
         <input_file_ref idref="fl-10"/>
      </object_component>
      <object_component id="oc-92">
         <name>.debug_info</name>
         <load_address>0x11e1b</load_address>
         <run_address>0x11e1b</run_address>
         <size>0xb37</size>
         <input_file_ref idref="fl-11"/>
      </object_component>
      <object_component id="oc-97">
         <name>.debug_info</name>
         <load_address>0x12952</load_address>
         <run_address>0x12952</run_address>
         <size>0xf1</size>
         <input_file_ref idref="fl-3e"/>
      </object_component>
      <object_component id="oc-9c">
         <name>.debug_info</name>
         <load_address>0x12a43</load_address>
         <run_address>0x12a43</run_address>
         <size>0x3d9</size>
         <input_file_ref idref="fl-3f"/>
      </object_component>
      <object_component id="oc-a3">
         <name>.debug_info</name>
         <load_address>0x12e1c</load_address>
         <run_address>0x12e1c</run_address>
         <size>0x276</size>
         <input_file_ref idref="fl-40"/>
      </object_component>
      <object_component id="oc-a8">
         <name>.debug_info</name>
         <load_address>0x13092</load_address>
         <run_address>0x13092</run_address>
         <size>0x21b</size>
         <input_file_ref idref="fl-41"/>
      </object_component>
      <object_component id="oc-ad">
         <name>.debug_info</name>
         <load_address>0x132ad</load_address>
         <run_address>0x132ad</run_address>
         <size>0x231</size>
         <input_file_ref idref="fl-42"/>
      </object_component>
      <object_component id="oc-b3">
         <name>.debug_info</name>
         <load_address>0x134de</load_address>
         <run_address>0x134de</run_address>
         <size>0xcb</size>
         <input_file_ref idref="fl-43"/>
      </object_component>
      <object_component id="oc-b8">
         <name>.debug_info</name>
         <load_address>0x135a9</load_address>
         <run_address>0x135a9</run_address>
         <size>0xbe</size>
         <input_file_ref idref="fl-44"/>
      </object_component>
      <object_component id="oc-bd">
         <name>.debug_info</name>
         <load_address>0x13667</load_address>
         <run_address>0x13667</run_address>
         <size>0xc0</size>
         <input_file_ref idref="fl-45"/>
      </object_component>
      <object_component id="oc-c1">
         <name>.debug_info</name>
         <load_address>0x13727</load_address>
         <run_address>0x13727</run_address>
         <size>0xc7</size>
         <input_file_ref idref="fl-46"/>
      </object_component>
      <object_component id="oc-c5">
         <name>.debug_info</name>
         <load_address>0x137ee</load_address>
         <run_address>0x137ee</run_address>
         <size>0x29b</size>
         <input_file_ref idref="fl-47"/>
      </object_component>
      <object_component id="oc-cb">
         <name>.debug_info</name>
         <load_address>0x13a89</load_address>
         <run_address>0x13a89</run_address>
         <size>0xc2</size>
         <input_file_ref idref="fl-48"/>
      </object_component>
      <object_component id="oc-d0">
         <name>.debug_info</name>
         <load_address>0x13b4b</load_address>
         <run_address>0x13b4b</run_address>
         <size>0xc2</size>
         <input_file_ref idref="fl-49"/>
      </object_component>
      <object_component id="oc-d5">
         <name>.debug_info</name>
         <load_address>0x13c0d</load_address>
         <run_address>0x13c0d</run_address>
         <size>0xd4</size>
         <input_file_ref idref="fl-4a"/>
      </object_component>
      <object_component id="oc-da">
         <name>.debug_info</name>
         <load_address>0x13ce1</load_address>
         <run_address>0x13ce1</run_address>
         <size>0xce</size>
         <input_file_ref idref="fl-4b"/>
      </object_component>
      <object_component id="oc-df">
         <name>.debug_info</name>
         <load_address>0x13daf</load_address>
         <run_address>0x13daf</run_address>
         <size>0xc5</size>
         <input_file_ref idref="fl-4c"/>
      </object_component>
      <object_component id="oc-e4">
         <name>.debug_info</name>
         <load_address>0x13e74</load_address>
         <run_address>0x13e74</run_address>
         <size>0xba</size>
         <input_file_ref idref="fl-56"/>
      </object_component>
      <object_component id="oc-e8">
         <name>.debug_info</name>
         <load_address>0x13f2e</load_address>
         <run_address>0x13f2e</run_address>
         <size>0xc1</size>
         <input_file_ref idref="fl-57"/>
      </object_component>
      <object_component id="oc-ed">
         <name>.debug_info</name>
         <load_address>0x13fef</load_address>
         <run_address>0x13fef</run_address>
         <size>0xbb</size>
         <input_file_ref idref="fl-58"/>
      </object_component>
      <object_component id="oc-f1">
         <name>.debug_info</name>
         <load_address>0x140aa</load_address>
         <run_address>0x140aa</run_address>
         <size>0xc1</size>
         <input_file_ref idref="fl-59"/>
      </object_component>
      <object_component id="oc-f5">
         <name>.debug_info</name>
         <load_address>0x1416b</load_address>
         <run_address>0x1416b</run_address>
         <size>0x2fd</size>
         <input_file_ref idref="fl-5a"/>
      </object_component>
      <object_component id="oc-fa">
         <name>.debug_info</name>
         <load_address>0x14468</load_address>
         <run_address>0x14468</run_address>
         <size>0x2ba</size>
         <input_file_ref idref="fl-5b"/>
      </object_component>
      <object_component id="oc-ff">
         <name>.debug_info</name>
         <load_address>0x14722</load_address>
         <run_address>0x14722</run_address>
         <size>0x2d5</size>
         <input_file_ref idref="fl-5c"/>
      </object_component>
      <object_component id="oc-104">
         <name>.debug_info</name>
         <load_address>0x149f7</load_address>
         <run_address>0x149f7</run_address>
         <size>0x270</size>
         <input_file_ref idref="fl-5d"/>
      </object_component>
      <object_component id="oc-10a">
         <name>.debug_info</name>
         <load_address>0x14c67</load_address>
         <run_address>0x14c67</run_address>
         <size>0xbe</size>
         <input_file_ref idref="fl-5e"/>
      </object_component>
      <object_component id="oc-10f">
         <name>.debug_info</name>
         <load_address>0x14d25</load_address>
         <run_address>0x14d25</run_address>
         <size>0xbe</size>
         <input_file_ref idref="fl-5f"/>
      </object_component>
      <object_component id="oc-113">
         <name>.debug_info</name>
         <load_address>0x14de3</load_address>
         <run_address>0x14de3</run_address>
         <size>0x22d</size>
         <input_file_ref idref="fl-60"/>
      </object_component>
      <object_component id="oc-119">
         <name>.debug_info</name>
         <load_address>0x15010</load_address>
         <run_address>0x15010</run_address>
         <size>0x249</size>
         <input_file_ref idref="fl-61"/>
      </object_component>
      <object_component id="oc-11e">
         <name>.debug_info</name>
         <load_address>0x15259</load_address>
         <run_address>0x15259</run_address>
         <size>0x288</size>
         <input_file_ref idref="fl-62"/>
      </object_component>
      <object_component id="oc-123">
         <name>.debug_info</name>
         <load_address>0x154e1</load_address>
         <run_address>0x154e1</run_address>
         <size>0x34f</size>
         <input_file_ref idref="fl-63"/>
      </object_component>
      <object_component id="oc-1ed">
         <name>.debug_info</name>
         <load_address>0x15830</load_address>
         <run_address>0x15830</run_address>
         <size>0xe7</size>
      </object_component>
      <object_component id="oc-32">
         <name>.debug_frame</name>
         <load_address>0x0</load_address>
         <run_address>0x0</run_address>
         <size>0x3b7</size>
         <input_file_ref idref="fl-2"/>
      </object_component>
      <object_component id="oc-3e">
         <name>.debug_frame</name>
         <load_address>0x3b7</load_address>
         <run_address>0x3b7</run_address>
         <size>0x194</size>
         <input_file_ref idref="fl-4"/>
      </object_component>
      <object_component id="oc-44">
         <name>.debug_frame</name>
         <load_address>0x54b</load_address>
         <run_address>0x54b</run_address>
         <size>0xc4</size>
         <input_file_ref idref="fl-5"/>
      </object_component>
      <object_component id="oc-4b">
         <name>.debug_frame</name>
         <load_address>0x60f</load_address>
         <run_address>0x60f</run_address>
         <size>0xae</size>
         <input_file_ref idref="fl-6"/>
      </object_component>
      <object_component id="oc-52">
         <name>.debug_frame</name>
[...]
         <value>0xadb4</value>
         <object_component_ref idref="oc-162"/>
      </symbol>
      <symbol id="sm-51b">
         <name>mrfiSpiReadRxFifo</name>
         <value>0xb06e</value>
         <object_component_ref idref="oc-163"/>
      </symbol>
      <symbol id="sm-51c">
         <name>MRFI_ReplyDelay</name>
         <value>0xa4a8</value>
         <object_component_ref idref="oc-18a"/>
      </symbol>
      <symbol id="sm-51d">
         <name>MRFI_WakeUp</name>
         <value>0x9f14</value>
         <object_component_ref idref="oc-14a"/>
      </symbol>
      <symbol id="sm-51e">
         <name>MRFI_Transmit</name>
         <value>0x8f9c</value>
         <object_component_ref idref="oc-1a1"/>
      </symbol>
      <symbol id="sm-51f">
         <name>mrfiSpiWriteReg</name>
         <value>0xae96</value>
         <object_component_ref idref="oc-179"/>
      </symbol>
      <symbol id="sm-520">
         <name>mrfiSpiWriteTxFifo</name>
         <value>0xb03a</value>
         <object_component_ref idref="oc-1b2"/>
      </symbol>
      <symbol id="sm-521">
         <name>MRFI_RxIdle</name>
         <value>0xad74</value>
         <object_component_ref idref="oc-16c"/>
      </symbol>
      <symbol id="sm-522">
         <name>MRFI_GetRadioState</name>
         <value>0xb0cc</value>
         <object_component_ref idref="oc-189"/>
      </symbol>
      <symbol id="sm-523">
         <name>MRFI_EnableRxAddrFilter</name>
         <value>0xacac</value>
         <object_component_ref idref="oc-14e"/>
      </symbol>
      <symbol id="sm-524">
         <name>mrfiSpiInit</name>
         <value>0xa63a</value>
         <object_component_ref idref="oc-177"/>
      </symbol>
      <symbol id="sm-525">
         <name>MRFI_Receive</name>
         <value>0xb002</value>
         <object_component_ref idref="oc-19d"/>
      </symbol>
      <symbol id="sm-526">
         <name>BSP_GpioPort1Isr</name>
         <value>0xae7c</value>
         <object_component_ref idref="oc-129"/>
      </symbol>
      <symbol id="sm-542">
         <name>BSP_Init</name>
         <value>0xad34</value>
         <object_component_ref idref="oc-139"/>
      </symbol>
      <symbol id="sm-543">
         <name>BSP_InitButtons</name>
         <value>0xb07a</value>
         <object_component_ref idref="oc-176"/>
      </symbol>
      <symbol id="sm-544">
         <name>BSP_InitBoard</name>
         <value>0xac8a</value>
         <object_component_ref idref="oc-146"/>
      </symbol>
      <symbol id="sm-545">
         <name>BSP_InitLeds</name>
         <value>0xaf88</value>
         <object_component_ref idref="oc-175"/>
      </symbol>
      <symbol id="sm-546">
         <name>BSP_Delay</name>
         <value>0xa5ce</value>
         <object_component_ref idref="oc-1a6"/>
      </symbol>
      <symbol id="sm-547">
         <name>BSP_InitDrivers</name>
         <value>0xb084</value>
         <object_component_ref idref="oc-147"/>
      </symbol>
      <symbol id="sm-557">
         <name>L_ASR_12</name>
         <value>0xa438</value>
         <object_component_ref idref="oc-150"/>
      </symbol>
      <symbol id="sm-558">
         <name>L_ASR_13</name>
         <value>0xa434</value>
         <object_component_ref idref="oc-150"/>
      </symbol>
      <symbol id="sm-559">
         <name>L_ASR_10</name>
         <value>0xa440</value>
         <object_component_ref idref="oc-150"/>
      </symbol>
      <symbol id="sm-55a">
         <name>L_ASR_11</name>
         <value>0xa43c</value>
         <object_component_ref idref="oc-150"/>
      </symbol>
      <symbol id="sm-55b">
         <name>L_ASR_14</name>
         <value>0xa430</value>
         <object_component_ref idref="oc-150"/>
      </symbol>
      <symbol id="sm-55c">
         <name>L_ASR_15</name>
         <value>0xa42c</value>
         <object_component_ref idref="oc-150"/>
      </symbol>
      <symbol id="sm-55d">
         <name>L_ASR_3</name>
         <value>0xa45c</value>
         <object_component_ref idref="oc-150"/>
      </symbol>
      <symbol id="sm-55e">
         <name>L_ASR_2</name>
         <value>0xa460</value>
         <object_component_ref idref="oc-150"/>
      </symbol>
      <symbol id="sm-55f">
         <name>L_ASR_1</name>
         <value>0xa464</value>
         <object_component_ref idref="oc-150"/>
      </symbol>
      <symbol id="sm-560">
         <name>L_ASR_7</name>
         <value>0xa44c</value>
         <object_component_ref idref="oc-150"/>
      </symbol>
      <symbol id="sm-561">
         <name>L_ASR_6</name>
         <value>0xa450</value>
         <object_component_ref idref="oc-150"/>
      </symbol>
      <symbol id="sm-562">
         <name>L_ASR_5</name>
         <value>0xa454</value>
         <object_component_ref idref="oc-150"/>
      </symbol>
      <symbol id="sm-563">
         <name>L_ASR_4</name>
         <value>0xa458</value>
         <object_component_ref idref="oc-150"/>
      </symbol>
      <symbol id="sm-564">
         <name>L_ASR_9</name>
         <value>0xa444</value>
         <object_component_ref idref="oc-150"/>
      </symbol>
      <symbol id="sm-565">
         <name>L_ASR_8</name>
         <value>0xa448</value>
         <object_component_ref idref="oc-150"/>
      </symbol>
      <symbol id="sm-566">
         <name>L_ASR</name>
         <value>0xafe2</value>
         <object_component_ref idref="oc-17d"/>
      </symbol>
      <symbol id="sm-579">
         <name>_c_int00_noexit</name>
         <value>0xab5e</value>
         <object_component_ref idref="oc-2d"/>
      </symbol>
      <symbol id="sm-57a">
         <name>_c_int00</name>
         <value>0xab5e</value>
         <object_component_ref idref="oc-2d"/>
      </symbol>
      <symbol id="sm-57b">
         <name>_stack</name>
         <value>0x5b0</value>
         <object_component_ref idref="oc-9d"/>
      </symbol>
      <symbol id="sm-57c">
         <name>__TI_dtors_ptr</name>
         <value>0x38c</value>
         <object_component_ref idref="oc-9b"/>
      </symbol>
      <symbol id="sm-57d">
         <name>__TI_cleanup_ptr</name>
         <value>0x38a</value>
         <object_component_ref idref="oc-9b"/>
      </symbol>
      <symbol id="sm-57e">
         <name>_reset_vector</name>
         <value>0xfffe</value>
         <object_component_ref idref="oc-9e"/>
      </symbol>
      <symbol id="sm-5a9">
         <name>__remi</name>
         <value>0xaaba</value>
         <object_component_ref idref="oc-b2"/>
      </symbol>
      <symbol id="sm-5aa">
         <name>__divi</name>
         <value>0xaaba</value>
         <object_component_ref idref="oc-b2"/>
      </symbol>
      <symbol id="sm-5b8">
         <name>__remu</name>
         <value>0xaf10</value>
         <object_component_ref idref="oc-b7"/>
      </symbol>
      <symbol id="sm-5b9">
         <name>__divu</name>
         <value>0xaf10</value>
         <object_component_ref idref="oc-b7"/>
      </symbol>
      <symbol id="sm-5cb">
         <name>__divul</name>
         <value>0x9ebc</value>
         <object_component_ref idref="oc-bc"/>
      </symbol>
      <symbol id="sm-5cc">
         <name>__remul</name>
         <value>0x9ebc</value>
         <object_component_ref idref="oc-bc"/>
      </symbol>
      <symbol id="sm-5d9">
         <name>func_epilog_1</name>
         <value>0xaffe</value>
         <object_component_ref idref="oc-136"/>
      </symbol>
      <symbol id="sm-5da">
         <name>func_epilog_2</name>
         <value>0xaffc</value>
         <object_component_ref idref="oc-136"/>
      </symbol>
      <symbol id="sm-5db">
         <name>func_epilog_3</name>
         <value>0xaffa</value>
         <object_component_ref idref="oc-136"/>
      </symbol>
      <symbol id="sm-5dc">
         <name>func_epilog_4</name>
         <value>0xaff8</value>
         <object_component_ref idref="oc-136"/>
      </symbol>
      <symbol id="sm-5dd">
         <name>func_epilog_5</name>
         <value>0xaff6</value>
         <object_component_ref idref="oc-136"/>
      </symbol>
      <symbol id="sm-5de">
         <name>func_epilog_6</name>
         <value>0xaff4</value>
         <object_component_ref idref="oc-136"/>
      </symbol>
      <symbol id="sm-5df">
         <name>func_epilog_7</name>
         <value>0xaff2</value>
         <object_component_ref idref="oc-136"/>
      </symbol>
      <symbol id="sm-5ec">
         <name>C$$EXIT</name>
         <value>0xb106</value>
         <object_component_ref idref="oc-132"/>
      </symbol>
      <symbol id="sm-5ed">
         <name>abort</name>
         <value>0xb106</value>
         <object_component_ref idref="oc-132"/>
      </symbol>
      <symbol id="sm-5ee">
         <name>__TI_exit</name>
         <value>0x1</value>
      </symbol>
      <symbol id="sm-60d">
         <name>__fs_add</name>
         <value>0x8d46</value>
         <object_component_ref idref="oc-ca"/>
      </symbol>
      <symbol id="sm-60e">
         <name>__fs_sub</name>
         <value>0x8d40</value>
         <object_component_ref idref="oc-ca"/>
      </symbol>
      <symbol id="sm-629">
         <name>__fs_mpy</name>
         <value>0x934a</value>
         <object_component_ref idref="oc-cf"/>
      </symbol>
      <symbol id="sm-63f">
         <name>__fs_toi</name>
         <value>0x9d34</value>
         <object_component_ref idref="oc-d4"/>
      </symbol>
      <symbol id="sm-652">
         <name>__fs_tou</name>
         <value>0xa296</value>
         <object_component_ref idref="oc-d9"/>
      </symbol>
      <symbol id="sm-661">
         <name>__fs_utof</name>
         <value>0xac66</value>
         <object_component_ref idref="oc-de"/>
      </symbol>
      <symbol id="sm-665">
         <name>__TI_int00</name>
         <value>0xffe0</value>
         <object_component_ref idref="oc-1e"/>
      </symbol>
      <symbol id="sm-669">
         <name>__TI_int01</name>
         <value>0xffe2</value>
         <object_component_ref idref="oc-1f"/>
      </symbol>
      <symbol id="sm-66d">
         <name>__TI_int04</name>
         <value>0xffe8</value>
         <object_component_ref idref="oc-22"/>
      </symbol>
      <symbol id="sm-671">
         <name>__TI_int08</name>
         <value>0xfff0</value>
         <object_component_ref idref="oc-26"/>
      </symbol>
      <symbol id="sm-675">
         <name>__TI_int09</name>
         <value>0xfff2</value>
         <object_component_ref idref="oc-27"/>
      </symbol>
      <symbol id="sm-679">
         <name>__TI_int10</name>
         <value>0xfff4</value>
         <object_component_ref idref="oc-28"/>
      </symbol>
      <symbol id="sm-67d">
         <name>__TI_int11</name>
         <value>0xfff6</value>
         <object_component_ref idref="oc-29"/>
      </symbol>
      <symbol id="sm-681">
         <name>__TI_int12</name>
         <value>0xfff8</value>
         <object_component_ref idref="oc-2a"/>
      </symbol>
      <symbol id="sm-685">
         <name>__TI_int14</name>
         <value>0xfffc</value>
         <object_component_ref idref="oc-2c"/>
      </symbol>
      <symbol id="sm-691">
         <name>__TI_ISR_TRAP</name>
         <value>0xb0de</value>
         <object_component_ref idref="oc-e3"/>
      </symbol>
      <symbol id="sm-69d">
         <name>L_LSL_3</name>
         <value>0xa49a</value>
         <object_component_ref idref="oc-191"/>
      </symbol>
      <symbol id="sm-69e">
         <name>L_LSL_2</name>
         <value>0xa49e</value>
         <object_component_ref idref="oc-191"/>
      </symbol>
      <symbol id="sm-69f">
         <name>L_LSL_1</name>
         <value>0xa4a2</value>
         <object_component_ref idref="oc-191"/>
      </symbol>
      <symbol id="sm-6a0">
         <name>L_LSL_7</name>
         <value>0xa48a</value>
         <object_component_ref idref="oc-191"/>
      </symbol>
      <symbol id="sm-6a1">
         <name>L_LSL_6</name>
         <value>0xa48e</value>
         <object_component_ref idref="oc-191"/>
      </symbol>
      <symbol id="sm-6a2">
         <name>L_LSL_5</name>
         <value>0xa492</value>
         <object_component_ref idref="oc-191"/>
      </symbol>
      <symbol id="sm-6a3">
         <name>L_LSL_4</name>
         <value>0xa496</value>
         <object_component_ref idref="oc-191"/>
      </symbol>
      <symbol id="sm-6a4">
         <name>L_LSL_9</name>
         <value>0xa482</value>
         <object_component_ref idref="oc-191"/>
      </symbol>
      <symbol id="sm-6a5">
         <name>L_LSL_8</name>
         <value>0xa486</value>
         <object_component_ref idref="oc-191"/>
      </symbol>
      <symbol id="sm-6a6">
         <name>L_LSL_12</name>
         <value>0xa476</value>
         <object_component_ref idref="oc-191"/>
      </symbol>
      <symbol id="sm-6a7">
         <name>L_LSL_13</name>
         <value>0xa472</value>
         <object_component_ref idref="oc-191"/>
      </symbol>
      <symbol id="sm-6a8">
         <name>L_LSL_10</name>
         <value>0xa47e</value>
         <object_component_ref idref="oc-191"/>
      </symbol>
      <symbol id="sm-6a9">
         <name>L_LSL_11</name>
         <value>0xa47a</value>
         <object_component_ref idref="oc-191"/>
      </symbol>
      <symbol id="sm-6aa">
         <name>L_LSL_14</name>
         <value>0xa46e</value>
         <object_component_ref idref="oc-191"/>
      </symbol>
      <symbol id="sm-6ab">
         <name>L_LSL_15</name>
         <value>0xa46a</value>
         <object_component_ref idref="oc-191"/>
      </symbol>
      <symbol id="sm-6b7">
         <name>I_LSR</name>
         <value>0xa00c</value>
         <object_component_ref idref="oc-ec"/>
      </symbol>
      <symbol id="sm-6b8">
         <name>I_LSR_12</name>
         <value>0xa026</value>
         <object_component_ref idref="oc-ec"/>
      </symbol>
      <symbol id="sm-6b9">
         <name>I_LSR_13</name>
         <value>0xa022</value>
         <object_component_ref idref="oc-ec"/>
      </symbol>
      <symbol id="sm-6ba">
         <name>I_LSR_10</name>
         <value>0xa02e</value>
         <object_component_ref idref="oc-ec"/>
      </symbol>
      <symbol id="sm-6bb">
         <name>I_LSR_11</name>
         <value>0xa02a</value>
         <object_component_ref idref="oc-ec"/>
      </symbol>
      <symbol id="sm-6bc">
         <name>I_LSR_14</name>
         <value>0xa01e</value>
         <object_component_ref idref="oc-ec"/>
      </symbol>
      <symbol id="sm-6bd">
         <name>I_LSR_15</name>
         <value>0xa01a</value>
         <object_component_ref idref="oc-ec"/>
      </symbol>
      <symbol id="sm-6be">
         <name>I_LSR_3</name>
         <value>0xa04a</value>
         <object_component_ref idref="oc-ec"/>
      </symbol>
      <symbol id="sm-6bf">
         <name>I_LSR_2</name>
         <value>0xa04e</value>
         <object_component_ref idref="oc-ec"/>
      </symbol>
      <symbol id="sm-6c0">
         <name>I_LSR_1</name>
         <value>0xa052</value>
         <object_component_ref idref="oc-ec"/>
      </symbol>
      <symbol id="sm-6c1">
         <name>I_LSR_7</name>
         <value>0xa03a</value>
         <object_component_ref idref="oc-ec"/>
      </symbol>
      <symbol id="sm-6c2">
         <name>I_LSR_6</name>
         <value>0xa03e</value>
         <object_component_ref idref="oc-ec"/>
      </symbol>
      <symbol id="sm-6c3">
         <name>I_LSR_5</name>
         <value>0xa042</value>
         <object_component_ref idref="oc-ec"/>
      </symbol>
      <symbol id="sm-6c4">
         <name>I_LSR_4</name>
         <value>0xa046</value>
         <object_component_ref idref="oc-ec"/>
      </symbol>
      <symbol id="sm-6c5">
         <name>I_LSR_9</name>
         <value>0xa032</value>
         <object_component_ref idref="oc-ec"/>
      </symbol>
      <symbol id="sm-6c6">
         <name>I_LSR_8</name>
         <value>0xa036</value>
         <object_component_ref idref="oc-ec"/>
      </symbol>
      <symbol id="sm-6d2">
         <name>L_LSR_12</name>
         <value>0x9e72</value>
         <object_component_ref idref="oc-160"/>
      </symbol>
      <symbol id="sm-6d3">
         <name>L_LSR_13</name>
         <value>0x9e6c</value>
         <object_component_ref idref="oc-160"/>
      </symbol>
      <symbol id="sm-6d4">
         <name>L_LSR_10</name>
         <value>0x9e7e</value>
         <object_component_ref idref="oc-160"/>
      </symbol>
      <symbol id="sm-6d5">
         <name>L_LSR_11</name>
         <value>0x9e78</value>
         <object_component_ref idref="oc-160"/>
      </symbol>
      <symbol id="sm-6d6">
         <name>L_LSR_14</name>
         <value>0x9e66</value>
         <object_component_ref idref="oc-160"/>
      </symbol>
      <symbol id="sm-6d7">
         <name>L_LSR_15</name>
         <value>0x9e60</value>
         <object_component_ref idref="oc-160"/>
      </symbol>
      <symbol id="sm-6d8">
         <name>L_LSR_3</name>
         <value>0x9ea8</value>
         <object_component_ref idref="oc-160"/>
      </symbol>
      <symbol id="sm-6d9">
         <name>L_LSR_2</name>
         <value>0x9eae</value>
         <object_component_ref idref="oc-160"/>
      </symbol>
      <symbol id="sm-6da">
         <name>L_LSR_1</name>
         <value>0x9eb4</value>
         <object_component_ref idref="oc-160"/>
      </symbol>
      <symbol id="sm-6db">
         <name>L_LSR_7</name>
         <value>0x9e90</value>
         <object_component_ref idref="oc-160"/>
      </symbol>
      <symbol id="sm-6dc">
         <name>L_LSR_6</name>
         <value>0x9e96</value>
         <object_component_ref idref="oc-160"/>
      </symbol>
      <symbol id="sm-6dd">
         <name>L_LSR_5</name>
         <value>0x9e9c</value>
         <object_component_ref idref="oc-160"/>
      </symbol>
      <symbol id="sm-6de">
         <name>L_LSR_4</name>
         <value>0x9ea2</value>
         <object_component_ref idref="oc-160"/>
      </symbol>
      <symbol id="sm-6df">
         <name>L_LSR_9</name>
         <value>0x9e84</value>
         <object_component_ref idref="oc-160"/>
      </symbol>
      <symbol id="sm-6e0">
         <name>L_LSR_8</name>
         <value>0x9e8a</value>
         <object_component_ref idref="oc-160"/>
      </symbol>
      <symbol id="sm-6ef">
         <name>memcmp</name>
         <value>0xad12</value>
         <object_component_ref idref="oc-1a5"/>
      </symbol>
      <symbol id="sm-6fd">
         <name>memcpy</name>
         <value>0xafac</value>
         <object_component_ref idref="oc-135"/>
      </symbol>
      <symbol id="sm-70b">
         <name>memset</name>
         <value>0xaf4e</value>
         <object_component_ref idref="oc-164"/>
      </symbol>
      <symbol id="sm-722">
         <name>__mpyi</name>
         <value>0xaf62</value>
         <object_component_ref idref="oc-109"/>
      </symbol>
      <symbol id="sm-730">
         <name>__mpyl</name>
         <value>0xac1c</value>
         <object_component_ref idref="oc-10e"/>
      </symbol>
      <symbol id="sm-73c">
         <name>_system_pre_init</name>
         <value>0xb102</value>
         <object_component_ref idref="oc-12f"/>
      </symbol>
      <symbol id="sm-74a">
         <name>_nop</name>
         <value>0xb112</value>
         <object_component_ref idref="oc-12e"/>
      </symbol>
      <symbol id="sm-74b">
         <name>_lock</name>
         <value>0x386</value>
         <object_component_ref idref="oc-118"/>
      </symbol>
      <symbol id="sm-74c">
         <name>_unlock</name>
         <value>0x388</value>
         <object_component_ref idref="oc-118"/>
      </symbol>
      <symbol id="sm-756">
         <name>__TI_args_main</name>
         <value>0x1</value>
      </symbol>
      <symbol id="sm-768">
         <name>_auto_init</name>
         <value>0xa0ec</value>
         <object_component_ref idref="oc-130"/>
      </symbol>
      <symbol id="sm-769">
         <name>__TI_auto_init</name>
         <value>0x1</value>
      </symbol>
   </symbol_table>
   <title>Link successful</title>
</link_info>
